 *******************************************************************************
 ** Site#:    0         For non-commercial use only    Version 20.173L 64BITS **
 *******************************************************************************
 ** Cite this program as: MOPAC2016, Version: 20.173L, James J. P. Stewart,   **
 ** Stewart Computational Chemistry, web-site: HTTP://OpenMOPAC.net.          **
 *******************************************************************************
 **                                                                           **
 **                                MOPAC2016                                  **
 **                                                                           **
 *******************************************************************************

                              INDO CALCULATION RESULTS

 *******************************************************************************
 *  CALCULATION DONE:                                Mon Jun 29 13:01:58 2020  *
 *  INDO       - The INDO Hamiltonian to be used
 *  CISD       - C.I. USES 1 AND 2 ELECTRON EXCITATIONS
 *  TRIPLET    - SPIN STATE DEFINED AS A TRIPLET
 * C.I.=(N,M)-  3 DOUBLY FILLED LEVELS USED IN A
 *             C.I. INVOLVING  6 M.O.'S
 * C.I.D.=(N,M)-  1 DOUBLY FILLED LEVELS USED IN A
 *             CI DOUBLES INVOLVING  3 M.O.'S
 *  T=         - A TIME OF 172800.0 SECONDS REQUESTED
 *  DUMP=N     - RESTART FILE WRITTEN EVERY 7200.0 SECONDS REQUESTED
 *******************************************************************************
INDO CISD C.I.=(6,3) C.I.D.=(3,1) TRIPLET
 Carbon Monoxide
 INDO
   ATOM   CHEMICAL          X               Y               Z
  NUMBER   SYMBOL      (ANGSTROMS)     (ANGSTROMS)     (ANGSTROMS)
 
     1       C          0.00000000      0.00000000      0.00000000   
     2       O          1.17300000      0.00000000      0.00000000   
 


          CARTESIAN COORDINATES 

    NO.       ATOM           X           Y           Z

     1         C          0.0000      0.0000      0.0000
     2         O          1.1730      0.0000      0.0000

           Empirical Formula: C O  =     2 atoms



      MOLECULAR POINT GROUP   :   C*v 


 TRIPLET STATE CALCULATION


      RHF CALCULATION, NO. OF DOUBLY OCCUPIED LEVELS = 5

 WARNING: INDO only performs single-point calculations

 Summary of symmetry occupancy in each shell:

 SHELL     
    1    5
    v    3
 TOTAL   8




    ROOT NO.    1           2           3           4           5           6

           -43.05348   -19.27363   -14.77497   -14.77497   -14.49719     0.09377
  
  
  S  C   1   0.44278    -0.58730    -0.00000    -0.00000    -0.60235    -0.00000
 PX  C   1   0.36287     0.01883     0.00000    -0.00000     0.61067     0.00000
 PY  C   1  -0.00000     0.00000     0.48831     0.00000    -0.00000     0.87267
 PZ  C   1  -0.00000     0.00000     0.00000     0.48831    -0.00000     0.00000
  
  S  O   2   0.77773     0.52976    -0.00000     0.00000    -0.10965    -0.00000
 PX  O   2  -0.25963     0.61161    -0.00000    -0.00000    -0.50223    -0.00000
 PY  O   2   0.00000    -0.00000     0.87267     0.00000    -0.00000    -0.48831
 PZ  O   2   0.00000     0.00000     0.00000     0.87267     0.00000     0.00000




    ROOT NO.    7           8

             0.09377    10.49943
  
  
  S  C   1  -0.00000     0.31015
 PX  C   1  -0.00000     0.70360
 PY  C   1   0.00000     0.00000
 PZ  C   1   0.87267     0.00000
  
  S  O   2   0.00000    -0.32011
 PX  O   2  -0.00000     0.55343
 PY  O   2   0.00000    -0.00000
 PZ  O   2  -0.48831     0.00000


 Reference determinate nber   1 is ALPHA 1 -   5
 SINGLE excitations FROM orbs   3 to   5 INTO orbs   6 to   8
 DOUBLE excitations FROM orbs   5 to   5 INTO orbs   6 to   7
 

 CI excitations=   34:        = 34
 The lowest   34 spin-adapted configurations of multiplicity=  3
     sym   eV   cm**-1 -dets- dipole oscilator X FRAG ....Excitations named from first reference determinate
                       tot  #  Debye  strength
 
   1      5.186      0.  2  1  1.7984 0.000000 1  1 (   5    )->(   7       )
   2      5.186      0.  2  1  1.7984 0.000000 1  1 (   5    )->(   6       )
   3      5.943   6110.  2  1  2.4865 0.001924 1  1 (   4    )->(   7       )
   4      5.943   6110.  2  1  2.4865 0.000000 1  1 (   3    )->(   6       )
   5      6.441  10122.  2  1  2.4865 0.003187 1  1 (   3    )->(   7       )
   6      6.441  10122.  2  1  2.4865 0.000000 1  1 (   4    )->(   6       )
   7     12.042  55301.  6  1  1.1487 0.000000 2  1 (   4   5)->(   6   7   )
   8     12.042  55301.  6  1  1.1487 0.001426 2  1 (   3   5)->(   6   7   )
   9     13.074  63623.  2  1  1.1487 0.000000 2  1 (   3   5)->(   7   7   )
  10     13.074  63623.  2  1  1.1487 0.000000 2  1 (   4   5)->(   6   6   )
  11     13.211  64731.  2  1  3.1362 0.036853 2  1 (   5   5)->(   6   7   )
  12     13.251  65052.  6  2  1.1487 0.000000 2  1 (   4   5)->(   6   7   )
  13     13.251  65052.  6  2  1.1487 0.003974 2  1 (   3   5)->(   6   7   )
  14     14.132  72160.  2  1  1.1487 0.195570 2  1 (   4   5)->(   7   7   )
  15     14.132  72160.  2  1  1.1487 0.000000 2  1 (   3   5)->(   6   6   )
  16     15.999  87219.  6  3  1.1487 0.000000 2  1 (   4   5)->(   6   7   )
  17     15.999  87219.  6  3  1.1487 0.465190 2  1 (   3   5)->(   6   7   )
  18     16.206  88882.  2  1  1.1130 0.000000 1  1 (   4    )->(   8       )
  19     16.206  88882.  2  1  1.1130 0.000000 1  1 (   3    )->(   8       )
  20     16.402  90464.  2  1  3.1719 0.031687 1  1 (   5    )->(   8       )
  21     22.668 141002.  6  1  0.2248 0.000000 2  1 (   4   5)->(   6   8   )
  22     22.668 141002.  6  1  0.2248 0.000548 2  1 (   3   5)->(   7   8   )
  23     22.960 143365.  6  1  0.2248 0.000974 2  1 (   4   5)->(   7   8   )
  24     22.960 143365.  6  1  0.2248 0.000000 2  1 (   3   5)->(   6   8   )
  25     23.514 147828.  6  2  0.2248 0.000000 2  1 (   4   5)->(   6   8   )
  26     23.514 147828.  6  2  0.2248 0.000715 2  1 (   3   5)->(   7   8   )
  27     23.798 150117.  6  2  0.2248 0.000233 2  1 (   4   5)->(   7   8   )
  28     23.798 150117.  6  2  0.2248 0.000000 2  1 (   3   5)->(   6   8   )
  29     24.371 154745.  6  3  0.2248 0.000000 2  1 (   4   5)->(   6   8   )
  30     24.371 154745.  6  3  0.2248 0.000365 2  1 (   3   5)->(   7   8   )
  31     24.987 159714.  2  1  4.5097 0.226328 2  1 (   5   5)->(   7   8   )
  32     24.987 159714.  2  1  4.5097 0.000000 2  1 (   5   5)->(   6   8   )
  33     26.409 171179.  6  3  0.2248 0.000468 2  1 (   4   5)->(   7   8   )
  34     26.409 171179.  6  3  0.2248 0.000000 2  1 (   3   5)->(   6   8   )

 Depression of ground-state after CI=      41223. cm**-1 Energy=  -457.2403883 eV
 Dipole moment= -2.080593 -0.000000 -0.000000 tot=  2.080593 Debyes


  CI trans.  energy frequency wavelength oscillator ---------polarization---------    dipole   ------components----- 
 st.  symm.    eV      cm-1       nm      strength       x          y         z       moment     x       y       z 

   2      0.0000000        0.      0.00  0.000000                                   2.080593  -2.081  -0.000   0.000
   3      0.4066867     3280.   3048.63  0.000438   0.000000  -0.005361  -0.999986  1.985864   1.986   0.000  -0.000
   4      0.9040946     7292.   1371.36  0.000843  -0.000000   0.005361  -0.999986  1.985677   1.986   0.000   0.000
   5      0.9040946     7292.   1371.36  0.000843  -0.000000   0.999986   0.005361  1.985677   1.986   0.000  -0.000
   6      1.3677716    11032.    906.47  0.001005  -0.000000   0.999986  -0.005361  1.959273   1.959   0.000   0.000
   7      6.6772444    53856.    185.68  0.000001  -1.000000  -0.000000   0.000000  1.132520   1.133   0.000   0.000
   8      6.6772444    53856.    185.68  0.001333  -1.000000  -0.000000  -0.000000  1.132520   1.133  -0.000  -0.000
   9      7.3531621    59307.    168.61  0.000000                                   1.148697   1.149  -0.000   0.000
  10      7.3531621    59307.    168.61  0.000000                                   1.148697   1.149  -0.000   0.000
  11      8.1337012    65603.    152.43  0.034727  -0.000000  -0.999986   0.005361  3.109231  -3.109  -0.000   0.000
  12      8.1490190    65726.    152.15  0.000000  -1.000000   0.000000  -0.000000  1.124561   1.125  -0.000  -0.000
  13      8.1490190    65726.    152.15  0.003597   1.000000  -0.000000   0.000000  1.124561   1.125   0.000   0.000
  14      8.2921156    66881.    149.52  0.001016   1.000000  -0.000000   0.000000  1.151843   1.152   0.000   0.000
  15      8.2921156    66881.    149.52  0.000002  -1.000000   0.000000   0.000000  1.151843   1.152  -0.000  -0.000
  16     11.0990133    89520.    111.71  0.001344   1.000000   0.000000  -0.000000  1.105583   1.106   0.000   0.000
  17     11.0990133    89520.    111.71  0.000000   1.000000   0.000000   0.000000  1.105583   1.106  -0.000  -0.000
  18     11.1787285    90163.    110.91  0.032487   0.000000  -0.005361  -0.999986  2.454103  -2.454   0.000   0.000
  19     12.1371926    97893.    102.15  0.568189   1.000000  -0.000000   0.000000  1.248645   1.249   0.000  -0.000
  20     12.1371926    97893.    102.15  0.000126   1.000000  -0.000000  -0.000000  1.248645   1.249   0.000  -0.000
  21     17.3375949   139837.     71.51  0.000050   0.000000   0.999986  -0.005361  0.218885  -0.219  -0.000   0.000
  22     17.6246641   142153.     70.35  0.000762  -0.000000   0.005361   0.999986  0.243547  -0.244  -0.000   0.000
  23     17.7418715   143098.     69.88  0.000074  -0.000000  -0.999941  -0.010861  0.213935  -0.214  -0.000   0.000
  24     17.7418715   143098.     69.88  0.000074   0.000000  -0.010861   0.999941  0.213935  -0.214  -0.000  -0.000
  25     18.2049337   146833.     68.10  0.000437  -0.000000   0.999835   0.018181  0.213237  -0.213  -0.000  -0.000
  26     18.2049337   146833.     68.10  0.000437  -0.000000   0.018181  -0.999835  0.213237  -0.213   0.000  -0.000
  27     18.6354609   150306.     66.53  0.000275  -0.000000  -0.999986   0.005361  0.224455  -0.224  -0.000  -0.000
  28     18.6630724   150528.     66.43  0.001988  -0.000000   0.005361   0.999986  0.238778   0.239  -0.000  -0.000
  29     19.2011524   154868.     64.57  0.001341   0.000000  -0.616234  -0.787563  0.253700   0.254  -0.000  -0.000
  30     19.2011524   154868.     64.57  0.001341  -0.000000   0.787563  -0.616234  0.253700   0.254  -0.000   0.000
  31     19.6724519   158669.     63.02  0.001363   0.000000  -0.999986   0.005361  0.269286   0.269  -0.000   0.000
  32     20.2812958   163580.     61.13  0.482265   1.000000  -0.000000  -0.000000  4.282867  -4.283   0.000  -0.000
  33     20.2812958   163580.     61.13  0.001315  -1.000000   0.000000   0.000000  4.282867  -4.283   0.000  -0.000
  34     24.6983065   199206.     50.20  0.000216   0.000000   0.005361   0.999986  0.886683  -0.887   0.000   0.000
 
 Polarizability (au  ) xx=   11.43 xy=   -0.00 yy=    4.67 xz=   -0.00 yz=    0.02 zz=    8.78
 Polarizability (A**3) xx=    1.69 xy=   -0.00 yy=    0.69 xz=   -0.00 yz=    0.00 zz=    1.30
 
 
 Major CI contributions to CI states
 
State    1  0.0000     CI coeff  CI percent
    Config       1   0.99576684  0.99155159
    Config       8  -0.04595955  0.00211228
    Config      14  -0.06383053  0.00407434
Total percent printed            0.99773821
  
State    2  0.0000     CI coeff  CI percent
    Config       2  -0.99576684  0.99155159
    Config       7  -0.04595955  0.00211228
    Config      15   0.06383053  0.00407434
Total percent printed            0.99773821
  
State    3  0.4067     CI coeff  CI percent
    Config       3   0.70367405  0.49515717
    Config       4   0.70367405  0.49515717
    Config      27  -0.06901021  0.00476241
    Config      28  -0.06901021  0.00476241
Total percent printed            0.99983915
  
State    4  0.9041     CI coeff  CI percent
    Config       3   0.70367215  0.49515450
    Config       4  -0.70367215  0.49515450
    Config      27  -0.06902825  0.00476490
    Config      28   0.06902825  0.00476490
Total percent printed            0.99983880
  
State    5  0.9041     CI coeff  CI percent
    Config       5  -0.70367215  0.49515450
    Config       6  -0.70367215  0.49515450
    Config      29  -0.06865263  0.00471318
    Config      30  -0.06865263  0.00471318
Total percent printed            0.99973536
  
State    6  1.3678     CI coeff  CI percent
    Config       5  -0.70190628  0.49267243
    Config       6   0.70190628  0.49267243
    Config      11  -0.07057649  0.00498104
    Config      29   0.06859701  0.00470555
    Config      30  -0.06859701  0.00470555
Total percent printed            0.99973701
  
State    7  6.6772     CI coeff  CI percent
    Config       2   0.06186057  0.00382673
    Config       7  -0.80213789  0.64342520
    Config       9  -0.22750337  0.05175778
    Config      12  -0.05639894  0.00318084
    Config      15   0.46520876  0.21641919
    Config      16  -0.28406586  0.08069341
Total percent printed            0.99930315
  
State    8  6.6772     CI coeff  CI percent
    Config       1   0.06186057  0.00382673
    Config       8   0.80213789  0.64342520
    Config      10  -0.22750337  0.05175778
    Config      13   0.05639894  0.00318084
    Config      14   0.46520876  0.21641919
    Config      17   0.28406586  0.08069341
Total percent printed            0.99930315
  
State    9  7.3532     CI coeff  CI percent
    Config       8   0.57692749  0.33284533
    Config      10   0.49989911  0.24989912
    Config      13  -0.14883028  0.02215045
    Config      14  -0.49989911  0.24989912
    Config      17  -0.38052919  0.14480247
Total percent printed            0.99959649
  
State   10  7.3532     CI coeff  CI percent
    Config       7   0.57692749  0.33284533
    Config       9  -0.49989911  0.24989912
    Config      12  -0.14883028  0.02215045
    Config      15   0.49989911  0.24989912
    Config      16  -0.38052919  0.14480247
Total percent printed            0.99959649
  
State   11  8.1337     CI coeff  CI percent
    Config       5   0.04991384  0.00249139
    Config       6  -0.04991384  0.00249139
    Config      11  -0.99749888  0.99500401
Total percent printed            0.99998679
  
State   12  8.1490     CI coeff  CI percent
    Config       2   0.04212928  0.00177488
    Config       9   0.39802119  0.15842087
    Config      12  -0.91121374  0.83031049
    Config      15   0.08386810  0.00703386
Total percent printed            0.99754010
  
State   13  8.1490     CI coeff  CI percent
    Config       1  -0.04212928  0.00177488
    Config      10  -0.39802119  0.15842087
    Config      13  -0.91121374  0.83031049
    Config      14  -0.08386810  0.00703386
Total percent printed            0.99754010
  
State   14  8.2921     CI coeff  CI percent
    Config       8  -0.13782439  0.01899556
    Config      10   0.73104074  0.53442056
    Config      13  -0.37700589  0.14213344
    Config      14   0.45118403  0.20356703
    Config      17   0.30614034  0.09372191
    Config      18  -0.07188039  0.00516679
Total percent printed            0.99800528
  
State   15  8.2921     CI coeff  CI percent
    Config       7  -0.13782439  0.01899556
    Config       9  -0.73104074  0.53442056
    Config      12  -0.37700589  0.14213344
    Config      15  -0.45118403  0.20356703
    Config      16   0.30614034  0.09372191
    Config      19   0.07188039  0.00516679
Total percent printed            0.99800528
  
State   16 11.0990     CI coeff  CI percent
    Config      10  -0.06302415  0.00397204
    Config      17  -0.04958382  0.00245856
    Config      18  -0.99595350  0.99192338
Total percent printed            0.99835398
  
State   17 11.0990     CI coeff  CI percent
    Config       9  -0.06302415  0.00397204
    Config      16   0.04958382  0.00245856
    Config      19  -0.99595350  0.99192338
Total percent printed            0.99835398
  
State   18 11.1787     CI coeff  CI percent
    Config      20   0.99417231  0.98837857
    Config      27  -0.04821084  0.00232428
    Config      28  -0.04821084  0.00232428
    Config      33   0.04350310  0.00189252
    Config      34   0.04350310  0.00189252
Total percent printed            0.99681218
  
State   19 12.1372     CI coeff  CI percent
    Config       1   0.05109921  0.00261113
    Config       8  -0.04086601  0.00167003
    Config      14   0.54991902  0.30241093
    Config      17  -0.80303544  0.64486592
    Config      31   0.21707554  0.04712179
Total percent printed            0.99867980
  
State   20 12.1372     CI coeff  CI percent
    Config       2  -0.05109921  0.00261113
    Config       7  -0.04086601  0.00167003
    Config      15  -0.54991902  0.30241093
    Config      16  -0.80303544  0.64486592
    Config      32  -0.21707554  0.04712179
Total percent printed            0.99867980
  
State   21 17.3376     CI coeff  CI percent
    Config      21   0.70383648  0.49538580
    Config      22  -0.70383648  0.49538580
    Config      25   0.05829578  0.00339840
    Config      26  -0.05829578  0.00339840
Total percent printed            0.99756839
  
State   22 17.6247     CI coeff  CI percent
    Config      20   0.05115365  0.00261670
    Config      23   0.70500607  0.49703356
    Config      24   0.70500607  0.49703356
Total percent printed            0.99668382
  
State   23 17.7419     CI coeff  CI percent
    Config      21   0.68635859  0.47108812
    Config      22   0.68635859  0.47108812
    Config      25  -0.16784310  0.02817131
    Config      26  -0.16784310  0.02817131
Total percent printed            0.99851884
  
State   24 17.7419     CI coeff  CI percent
    Config      23   0.36130864  0.13054393
    Config      24  -0.36130864  0.13054393
    Config      27   0.17505370  0.03064380
    Config      28  -0.17505370  0.03064380
    Config      33  -0.58192274  0.33863407
    Config      34   0.58192274  0.33863407
Total percent printed            0.99964361
  
State   25 18.2049     CI coeff  CI percent
    Config      21   0.16717856  0.02794867
    Config      22   0.16717856  0.02794867
    Config      25   0.68672559  0.47159204
    Config      26   0.68672559  0.47159204
Total percent printed            0.99908142
  
State   26 18.2049     CI coeff  CI percent
    Config      23  -0.60674246  0.36813641
    Config      24   0.60674246  0.36813641
    Config      27   0.14333566  0.02054511
    Config      28  -0.14333566  0.02054511
    Config      33  -0.33345421  0.11119171
    Config      34   0.33345421  0.11119171
Total percent printed            0.99974646
  
State   27 18.6355     CI coeff  CI percent
    Config      21  -0.05887318  0.00346605
    Config      22   0.05887318  0.00346605
    Config      25   0.70457037  0.49641941
    Config      26  -0.70457037  0.49641941
Total percent printed            0.99977093
  
State   28 18.6631     CI coeff  CI percent
    Config       3  -0.06942868  0.00482034
    Config       4  -0.06942868  0.00482034
    Config      20  -0.06633084  0.00439978
    Config      27  -0.69982909  0.48976076
    Config      28  -0.69982909  0.48976076
    Config      33  -0.04901764  0.00240273
    Config      34  -0.04901764  0.00240273
Total percent printed            0.99836744
  
State   29 19.2012     CI coeff  CI percent
    Config       3   0.05340862  0.00285248
    Config       4  -0.05340862  0.00285248
    Config       5   0.04225346  0.00178536
    Config       6   0.04225346  0.00178536
    Config      27   0.52259547  0.27310602
    Config      28  -0.52259547  0.27310602
    Config      29  -0.43625485  0.19031830
    Config      30  -0.43625485  0.19031830
    Config      33   0.17550835  0.03080318
    Config      34  -0.17550835  0.03080318
Total percent printed            0.99773068
  
State   30 19.2012     CI coeff  CI percent
    Config       3   0.04225346  0.00178536
    Config       4  -0.04225346  0.00178536
    Config       5  -0.05340862  0.00285248
    Config       6  -0.05340862  0.00285248
    Config      27   0.41344390  0.17093586
    Config      28  -0.41344390  0.17093586
    Config      29   0.55142864  0.30407354
    Config      30   0.55142864  0.30407354
    Config      33   0.13885091  0.01927958
    Config      34  -0.13885091  0.01927958
Total percent printed            0.99785364
  
State   31 19.6725     CI coeff  CI percent
    Config       5   0.06906607  0.00477012
    Config       6  -0.06906607  0.00477012
    Config      29   0.70286959  0.49402567
    Config      30  -0.70286959  0.49402567
Total percent printed            0.99759158
  
State   32 20.2813     CI coeff  CI percent
    Config      14   0.12353158  0.01526005
    Config      17  -0.17723362  0.03141176
    Config      31  -0.97365755  0.94800902
    Config      32  -0.05607115  0.00314397
Total percent printed            0.99782481
  
State   33 20.2813     CI coeff  CI percent
    Config      15   0.12353158  0.01526005
    Config      16   0.17723362  0.03141176
    Config      31   0.05607115  0.00314397
    Config      32  -0.97365755  0.94800902
Total percent printed            0.99782481
  
State   34 24.6983     CI coeff  CI percent
    Config      20  -0.06783889  0.00460212
    Config      27  -0.04542488  0.00206342
    Config      28  -0.04542488  0.00206342
    Config      33   0.70361635  0.49507596
    Config      34   0.70361635  0.49507596
Total percent printed            0.99888088
  

 -------------------------------------------------------------------------------
 INDO CISD C.I.=(6,3) C.I.D.=(3,1) TRIPLET
 Carbon Monoxide
 INDO


     NO PARAMETERS MARKED FOR OPTIMIZATION, SO 1SCF WAS USED  
     SCF FIELD WAS ACHIEVED                                   


                              INDO CALCULATION
                                                       MOPAC2016 (Version: 20.173L)
                                                       Mon Jun 29 13:01:58 2020




          FINAL HEAT OF FORMATION =     -10431.61786 KCAL/MOL =  -43645.88914 KJ/MOL


          TOTAL ENERGY            =       -462.35136 EV
          ELECTRONIC ENERGY       =       -621.46378 EV  POINT GROUP:     C*v 
          CORE-CORE REPULSION     =        159.11243 EV
          COSMO AREA              =         57.92 SQUARE ANGSTROMS
          COSMO VOLUME            =         40.40 CUBIC ANGSTROMS

          IONIZATION POTENTIAL    =         14.497186 EV
          HOMO LUMO ENERGIES (EV) =        -14.497  0.094
          NO. OF FILLED LEVELS    =          5
          MOLECULAR WEIGHT        =         28.0104

          MOLECULAR DIMENSIONS (Angstroms)

            Atom       Atom       Distance
            O     2    C     1     1.17300
            O     2    C     1     0.00000
            C     1    O     2     0.00000


          SCF CALCULATIONS        =          1
 
          WALL-CLOCK TIME         =          0.094 SECONDS
          COMPUTATION TIME        =          0.016 SECONDS




   ATOM   CHEMICAL          X               Y               Z
  NUMBER   SYMBOL      (ANGSTROMS)     (ANGSTROMS)     (ANGSTROMS)
 
     1       C          0.00000000      0.00000000      0.00000000   
     2       O          1.17300000      0.00000000      0.00000000   

                             CARTESIAN COORDINATES

   1    C        0.000000000     0.000000000     0.000000000
   2    O        1.173000000     0.000000000     0.000000000


           Empirical Formula: C O  =     2 atoms



      MOLECULAR POINT GROUP   :   C*v 


                  EIGENVALUES  
 -43.05348 -19.27363 -14.77497 -14.77497 -14.49719   0.09377   0.09377  10.49943


              NET ATOMIC CHARGES AND DIPOLE CONTRIBUTIONS

  ATOM NO.   TYPE          CHARGE      No. of ELECS.   s-Pop       p-Pop       
    1          C           0.230129        3.7699     1.80759     1.96228
    2          O          -0.230129        6.2301     1.79510     4.43503
 DIPOLE           X         Y         Z       TOTAL
 POINT-CHG.    -1.297     0.000     0.000     1.297
 HYBRID         0.829    -0.000     0.000     0.829
 SUM           -0.468    -0.000     0.000     0.468


          ATOMIC ORBITAL ELECTRON POPULATIONS

     Atom    s        px        py        pz   
    1  C   1.80759   1.00955   0.47637   0.47637
    2  O   1.79510   1.38776   1.52363   1.52363

 **********************
 *                    *
 * JOB ENDED NORMALLY *
 *                    *
 **********************



 TOTAL JOB TIME:             0.18 SECONDS

 == MOPAC DONE ==


          MOPAC Job: "co_cisd_trip.mop" ended normally on Jun 29, 2020, at 13:01.

