 *******************************************************************************
 ** Site#:    0         For non-commercial use only    Version 20.173L 64BITS **
 *******************************************************************************
 ** Cite this program as: MOPAC2016, Version: 20.173L, James J. P. Stewart,   **
 ** Stewart Computational Chemistry, web-site: HTTP://OpenMOPAC.net.          **
 *******************************************************************************
 **                                                                           **
 **                                MOPAC2016                                  **
 **                                                                           **
 *******************************************************************************

                              INDO CALCULATION RESULTS

 *******************************************************************************
 *  CALCULATION DONE:                                Mon Jun 29 13:00:49 2020  *
 *  INDO       - The INDO Hamiltonian to be used
 *  CIS        - C.I. USES 1 ELECTRON EXCITATIONS ONLY
 *  EPS= 20.00 - USE ANDREAS KLAMT'S COSMO IMPLICIT SOLVATION MODEL
 *  n**2 =  2.500 for COSMO-CI
 *  T=         - A TIME OF 172800.0 SECONDS REQUESTED
 *  DUMP=N     - RESTART FILE WRITTEN EVERY 7200.0 SECONDS REQUESTED
 *******************************************************************************
INDO CIS EPS=20.0 N**2=2.5
 Carbon Monoxide
 INDO
   ATOM   CHEMICAL          X               Y               Z
  NUMBER   SYMBOL      (ANGSTROMS)     (ANGSTROMS)     (ANGSTROMS)
 
     1       C          0.00000000      0.00000000      0.00000000   
     2       O          1.17300000      0.00000000      0.00000000   
 


          CARTESIAN COORDINATES 

    NO.       ATOM           X           Y           Z

     1         C          0.0000      0.0000      0.0000
     2         O          1.1730      0.0000      0.0000

           Empirical Formula: C O  =     2 atoms



      MOLECULAR POINT GROUP   :   C*v 


      RHF CALCULATION, NO. OF DOUBLY OCCUPIED LEVELS = 5

 WARNING: INDO only performs single-point calculations

 Summary of symmetry occupancy in each shell:

 SHELL     
    1    5
    v    3
 TOTAL   8




    ROOT NO.    1           2           3           4           5           6

           -43.14537   -19.34705   -14.87338   -14.87242   -14.51055     0.10948
  
  
  S  C   1   0.44066    -0.58012    -0.00000    -0.00000     0.61052     0.00000
 PX  C   1   0.36235     0.01057     0.00000     0.00000    -0.61007     0.00000
 PY  C   1  -0.00000    -0.00000     0.00000     0.47912     0.00000     0.00000
 PZ  C   1  -0.00000    -0.00000     0.47911    -0.00000     0.00000     0.87776
  
  S  O   2   0.77936     0.52897    -0.00000    -0.00000     0.10282    -0.00000
 PX  O   2  -0.25907     0.61931     0.00000     0.00000     0.49448    -0.00000
 PY  O   2   0.00000    -0.00000    -0.00000     0.87775    -0.00000     0.00000
 PZ  O   2   0.00000    -0.00000     0.87776     0.00000    -0.00000    -0.47911




    ROOT NO.    7           8

             0.11027    10.45159
  
  
  S  C   1   0.00000     0.31071
 PX  C   1   0.00000     0.70456
 PY  C   1   0.87775    -0.00000
 PZ  C   1  -0.00000    -0.00000
  
  S  O   2  -0.00000    -0.31972
 PX  O   2  -0.00000     0.55212
 PY  O   2  -0.47912    -0.00000
 PZ  O   2  -0.00000    -0.00000


 Reference determinate nber   1 is ALPHA 1 -   5
 SINGLE excitations FROM orbs   1 to   5 INTO orbs   6 to   8
 

 CI excitations=   16:        = 16
 The lowest   16 spin-adapted configurations of multiplicity=  1
     sym   eV   cm**-1 -dets- dipole oscilator X FRAG ....Excitations named from first reference determinate
                       tot  #  Debye  strength
 
   1      0.000      0.  1  1  0.6699 0.000000 0  0 (    )->(       )
   2      6.923  55842.  1  1  2.0437 0.067100 1  1 (   5)->(   6   )
   3      6.924  55848.  1  1  2.0438 0.067106 1  1 (   5)->(   7   )
   4      7.079  57097.  1  1  2.3775 0.000000 1  1 (   4)->(   6   )
   5      7.081  57111.  1  1  2.3775 0.000000 1  1 (   3)->(   7   )
   6     10.595  85455.  1  1  2.3774 0.451142 1  1 (   4)->(   7   )
   7     10.595  85455.  1  1  2.3775 0.451127 1  1 (   3)->(   6   )
   8     12.588 101526.  1  1  2.8029 0.231830 1  1 (   2)->(   6   )
   9     12.588 101533.  1  1  2.8029 0.231845 1  1 (   2)->(   7   )
  10     17.492 141084.  1  1  0.9583 0.001800 1  1 (   4)->(   8   )
  11     17.493 141092.  1  1  0.9583 0.001800 1  1 (   3)->(   8   )
  12     18.397 148386.  1  1  3.4629 0.418933 1  1 (   5)->(   8   )
  13     23.081 186159.  1  1  1.3837 0.007714 1  1 (   2)->(   8   )
  14     36.482 294244.  1  1  1.9068 0.020338 1  1 (   1)->(   6   )
  15     36.482 294251.  1  1  1.9067 0.020334 1  1 (   1)->(   7   )
  16     49.776 401469.  1  1  0.4876 0.068902 1  1 (   1)->(   8   )

 Depression of ground-state after CI=          0. cm**-1 Energy=    31.7187205 eV
 Dipole moment= -0.669885  0.000000  0.000000 tot=  0.669885 Debyes


  CI trans.  energy frequency wavelength oscillator ---------polarization---------    dipole   ------components----- 
 st.  symm.    eV      cm-1       nm      strength       x          y         z       moment     x       y       z 

   2      6.6977876    54021.    185.11  0.000000                                   2.377465   2.377  -0.000  -0.000
   3      6.8772089    55469.    180.28  0.056414  -0.000000  -0.000000  -1.000000  1.685611  -1.686   0.000   0.000
   4      6.8778402    55474.    180.27  0.056417  -0.000000  -1.000000   0.000000  1.685646  -1.686   0.000   0.000
   5      7.1822074    57929.    172.63  0.000000                                   2.377465   2.377  -0.000  -0.000
   6      7.1822074    57929.    172.63  0.000000                                   2.377465   2.377  -0.000  -0.000
   7     12.0051055    96828.    103.28  0.511257   1.000000  -0.000000  -0.000000  1.850401   1.850  -0.000  -0.000
   8     12.5016687   100833.     99.17  0.248569   0.000000  -0.000000   1.000000  2.403089   2.403  -0.000  -0.000
   9     12.5020231   100836.     99.17  0.248578  -0.000000  -1.000000  -0.000000  2.402973   2.403  -0.000  -0.000
  10     17.4032934   140367.     71.24  0.001794   0.000000   1.000000   0.000000  0.959773   0.960  -0.000  -0.000
  11     17.4036831   140371.     71.24  0.001794  -0.000000   0.000000  -1.000000  0.959847   0.960  -0.000  -0.000
  12     19.0871094   153948.     64.96  0.938859  -1.000000   0.000000   0.000000  4.175635  -4.176   0.000   0.000
  13     23.5173886   189681.     52.72  0.269756   1.000000  -0.000000  -0.000000  2.774409   2.774  -0.000  -0.000
  14     36.4169002   293723.     34.05  0.021131  -0.000000  -0.000000  -1.000000  1.947016   1.947  -0.000  -0.000
  15     36.4171755   293725.     34.05  0.021127   0.000000   1.000000  -0.000000  1.946945   1.947  -0.000  -0.000
  16     50.3578374   406164.     24.62  0.322493  -1.000000   0.000000   0.000000  0.336702   0.337  -0.000  -0.000
 
 Polarizability (au  ) xx=   14.97 xy=   -0.00 yy=    6.23 xz=   -0.00 yz=    0.00 zz=    6.23
 Polarizability (A**3) xx=    2.22 xy=   -0.00 yy=    0.92 xz=   -0.00 yz=    0.00 zz=    0.92
 
 
 Major CI contributions to CI states
 
State    1  0.0000     CI coeff  CI percent
    Config       1   1.00000000  1.00000000
Total percent printed            1.00000000
  
State    2  6.6978     CI coeff  CI percent
    Config       4   0.70727071  0.50023185
    Config       5  -0.70694282  0.49976815
Total percent printed            1.00000000
  
State    3  6.8772     CI coeff  CI percent
    Config       2  -0.99831370  0.99663023
    Config       8  -0.05286425  0.00279463
Total percent printed            0.99942486
  
State    4  6.8778     CI coeff  CI percent
    Config       3  -0.99831340  0.99662964
    Config       9  -0.05286969  0.00279520
Total percent printed            0.99942485
  
State    5  7.1822     CI coeff  CI percent
    Config       6  -0.70709876  0.49998866
    Config       7   0.70711480  0.50001134
Total percent printed            1.00000000
  
State    6  7.1822     CI coeff  CI percent
    Config       4   0.70694282  0.49976815
    Config       5   0.70727071  0.50023185
Total percent printed            1.00000000
  
State    7 12.0051     CI coeff  CI percent
    Config       6  -0.64785297  0.41971348
    Config       7  -0.64783808  0.41969417
    Config      12  -0.36899042  0.13615393
    Config      13  -0.13675974  0.01870323
    Config      16   0.07573105  0.00573519
Total percent printed            1.00000000
  
State    8 12.5017     CI coeff  CI percent
    Config       2   0.05309387  0.00281896
    Config       8  -0.99853495  0.99707204
Total percent printed            0.99989100
  
State    9 12.5020     CI coeff  CI percent
    Config       3  -0.05309931  0.00281954
    Config       9   0.99853465  0.99707145
Total percent printed            0.99989098
  
State   10 17.4033     CI coeff  CI percent
    Config      10  -0.99939589  0.99879214
Total percent printed            0.99879214
  
State   11 17.4037     CI coeff  CI percent
    Config      11   0.99939587  0.99879211
Total percent printed            0.99879211
  
State   12 19.0871     CI coeff  CI percent
    Config       6   0.22503913  0.05064261
    Config       7   0.22503435  0.05064046
    Config      12  -0.90570942  0.82030955
    Config      13   0.26944566  0.07260096
    Config      16  -0.07619985  0.00580642
Total percent printed            1.00000000
  
State   13 23.5174     CI coeff  CI percent
    Config       6  -0.15222604  0.02317277
    Config       7  -0.15222286  0.02317180
    Config      12   0.20001678  0.04000671
    Config      13   0.95171604  0.90576342
    Config      16   0.08879920  0.00788530
Total percent printed            1.00000000
  
State   14 36.4169     CI coeff  CI percent
    Config      14  -0.99907733  0.99815552
Total percent printed            0.99815552
  
State   15 36.4172     CI coeff  CI percent
    Config      15   0.99907734  0.99815553
Total percent printed            0.99815553
  
State   16 50.3578     CI coeff  CI percent
    Config       6   0.08051392  0.00648249
    Config       7   0.08051228  0.00648223
    Config      12  -0.05941214  0.00352980
    Config      13  -0.05415153  0.00293239
    Config      16   0.99023891  0.98057309
Total percent printed            1.00000000
  

 -------------------------------------------------------------------------------
 INDO CIS EPS=20.0 N**2=2.5
 Carbon Monoxide
 INDO


     NO PARAMETERS MARKED FOR OPTIMIZATION, SO 1SCF WAS USED  
     SCF FIELD WAS ACHIEVED                                   


                              INDO CALCULATION
                                                       MOPAC2016 (Version: 20.173L)
                                                       Mon Jun 29 13:00:49 2020




          FINAL HEAT OF FORMATION =     -10433.10929 KCAL/MOL =  -43652.12929 KJ/MOL
          VAN DER WAALS AREA      =         57.92 SQUARE ANGSTROMS


          TOTAL ENERGY            =       -462.41603 EV
          ELECTRONIC ENERGY       =       -295.54808 EV  POINT GROUP:     C*v 
          CORE-CORE REPULSION     =       -166.86795 EV

          DIELECTRIC ENERGY       =         -0.07377 EV
          COSMO AREA              =         57.92 SQUARE ANGSTROMS
          COSMO VOLUME            =         40.40 CUBIC ANGSTROMS

          IONIZATION POTENTIAL    =         14.510555 EV
          HOMO LUMO ENERGIES (EV) =        -14.511  0.109
          NO. OF FILLED LEVELS    =          5
          MOLECULAR WEIGHT        =         28.0104

          MOLECULAR DIMENSIONS (Angstroms)

            Atom       Atom       Distance
            O     2    C     1     1.17300
            O     2    C     1     0.00000
            C     1    O     2     0.00000


          SCF CALCULATIONS        =          2
 
          WALL-CLOCK TIME         =          0.102 SECONDS
          COMPUTATION TIME        =          0.011 SECONDS




   ATOM   CHEMICAL          X               Y               Z
  NUMBER   SYMBOL      (ANGSTROMS)     (ANGSTROMS)     (ANGSTROMS)
 
     1       C          0.00000000      0.00000000      0.00000000   
     2       O          1.17300000      0.00000000      0.00000000   

                             CARTESIAN COORDINATES

   1    C        0.000000000     0.000000000     0.000000000
   2    O        1.173000000     0.000000000     0.000000000


           Empirical Formula: C O  =     2 atoms



      MOLECULAR POINT GROUP   :   C*v 


                  EIGENVALUES  
 -43.14537 -19.34705 -14.87338 -14.87242 -14.51055   0.10948   0.11027  10.45159


              NET ATOMIC CHARGES AND DIPOLE CONTRIBUTIONS

  ATOM NO.   TYPE          CHARGE      No. of ELECS.   s-Pop       p-Pop       
    1          C           0.266566        3.7334     1.80694     1.92649
    2          O          -0.266566        6.2666     1.79552     4.47105
 DIPOLE           X         Y         Z       TOTAL
 POINT-CHG.    -1.502     0.000     0.000     1.502
 HYBRID         0.837    -0.000    -0.000     0.837
 SUM           -0.664    -0.000    -0.000     0.664


          ATOMIC ORBITAL ELECTRON POPULATIONS

     Atom    s        px        py        pz   
    1  C   1.80694   1.00749   0.45951   0.45949
    2  O   1.79552   1.39005   1.54049   1.54051

 **********************
 *                    *
 * JOB ENDED NORMALLY *
 *                    *
 **********************



 TOTAL JOB TIME:             0.18 SECONDS

 == MOPAC DONE ==


          MOPAC Job: "co_cis_solv.mop" ended normally on Jun 29, 2020, at 13:00.

