 *******************************************************************************
 ** Site#:    0         For non-commercial use only    Version 20.173L 64BITS **
 *******************************************************************************
 ** Cite this program as: MOPAC2016, Version: 20.173L, James J. P. Stewart,   **
 ** Stewart Computational Chemistry, web-site: HTTP://OpenMOPAC.net.          **
 *******************************************************************************
 **                                                                           **
 **                                MOPAC2016                                  **
 **                                                                           **
 *******************************************************************************

                              INDO CALCULATION RESULTS

 *******************************************************************************
 *  CALCULATION DONE:                                Thu Jul  2 11:24:51 2020  *
 *  INDO       - The INDO Hamiltonian to be used
 *  CISD       - C.I. USES 1 AND 2 ELECTRON EXCITATIONS
 * C.I.D.=(N,M)- 1 DOUBLY FILLED LEVELS USED IN A CI DOUBLES INVOLVING 3 M.O.'S
 *  T=         - A TIME OF 172800.0 SECONDS REQUESTED
 *  DUMP=N     - RESTART FILE WRITTEN EVERY 7200.0 SECONDS REQUESTED
 *******************************************************************************
INDO CISD C.I.D.=(3,1)
 Carbon Monoxide
 INDO
   ATOM   CHEMICAL          X               Y               Z
  NUMBER   SYMBOL      (ANGSTROMS)     (ANGSTROMS)     (ANGSTROMS)
 
     1       C          0.00000000      0.00000000      0.00000000   
     2       O          1.17300000      0.00000000      0.00000000   
 


          CARTESIAN COORDINATES 

    NO.       ATOM           X           Y           Z

     1         C          0.0000      0.0000      0.0000
     2         O          1.1730      0.0000      0.0000

           Empirical Formula: C O  =     2 atoms



      MOLECULAR POINT GROUP   :   C*v 


      RHF CALCULATION, NO. OF DOUBLY OCCUPIED LEVELS = 5

 WARNING: INDO only performs single-point calculations

 Summary of symmetry occupancy in each shell:

 SHELL     
    1    5
    v    3
 TOTAL   8




    ROOT NO.    1           2           3           4           5           6

           -43.05348   -19.27363   -14.77497   -14.77497   -14.49719     0.09377
  
  
  S  C   1   0.44278    -0.58730    -0.00000    -0.00000    -0.60235    -0.00000
 PX  C   1   0.36287     0.01883     0.00000    -0.00000     0.61067     0.00000
 PY  C   1  -0.00000     0.00000     0.48831     0.00000    -0.00000     0.87267
 PZ  C   1  -0.00000     0.00000     0.00000     0.48831    -0.00000     0.00000
  
  S  O   2   0.77773     0.52976    -0.00000     0.00000    -0.10965    -0.00000
 PX  O   2  -0.25963     0.61161    -0.00000    -0.00000    -0.50223    -0.00000
 PY  O   2   0.00000    -0.00000     0.87267     0.00000    -0.00000    -0.48831
 PZ  O   2   0.00000     0.00000     0.00000     0.87267     0.00000     0.00000




    ROOT NO.    7           8

             0.09377    10.49943
  
  
  S  C   1  -0.00000     0.31015
 PX  C   1  -0.00000     0.70360
 PY  C   1   0.00000     0.00000
 PZ  C   1   0.87267     0.00000
  
  S  O   2   0.00000    -0.32011
 PX  O   2  -0.00000     0.55343
 PY  O   2   0.00000    -0.00000
 PZ  O   2  -0.48831     0.00000


 Reference determinate nber   1 is ALPHA 1 -   5
 SINGLE excitations FROM orbs   1 to   5 INTO orbs   6 to   8
 DOUBLE excitations FROM orbs   5 to   5 INTO orbs   6 to   7
 

 CI excitations=   53:        = 53
 The lowest   53 spin-adapted configurations of multiplicity=  1
     sym   eV   cm**-1 -dets- dipole oscilator X FRAG ....Excitations named from first reference determinate
                       tot  #  Debye  strength
 
   1     -0.000      0.  1  1  0.4607 0.000000 0  0 (        )->(           )
   2      6.886  55538.  2  1  1.7984 0.063238 1  1 (   5    )->(   7       )
   3      6.886  55538.  2  1  1.7984 0.063238 1  1 (   5    )->(   6       )
   4      6.938  55958.  2  1  2.4865 0.000000 1  1 (   4    )->(   6       )
   5      6.938  55958.  2  1  2.4865 0.000000 1  1 (   3    )->(   7       )
   6     10.547  85067.  2  1  2.4865 0.461103 1  1 (   4    )->(   7       )
   7     10.547  85067.  2  1  2.4865 0.461103 1  1 (   3    )->(   6       )
   8     12.502 100837.  2  1  2.8796 0.234997 1  1 (   2    )->(   6       )
   9     12.502 100837.  2  1  2.8796 0.234997 1  1 (   2    )->(   7       )
  10     13.233 106730.  6  1  1.1487 0.000000 2  1 (   4   5)->(   6   7   )
  11     13.233 106730.  6  1  1.1487 0.000000 2  1 (   3   5)->(   6   7   )
  12     13.933 112378.  2  1  3.1362 0.000000 2  1 (   5   5)->(   6   7   )
  13     13.958 112581.  2  1  1.1487 0.000000 2  1 (   3   5)->(   7   7   )
  14     13.958 112581.  2  1  1.1487 0.000000 2  1 (   4   5)->(   6   6   )
  15     14.294 115290.  1  1  3.1362 0.000000 2  0 (   5   5)->(   6   6   )
  16     14.294 115290.  1  1  3.1362 0.000000 2  0 (   5   5)->(   7   7   )
  17     15.017 121118.  2  1  1.1487 0.000000 2  1 (   4   5)->(   7   7   )
  18     15.017 121118.  2  1  1.1487 0.000000 2  1 (   3   5)->(   6   6   )
  19     17.440 140662.  2  1  1.1130 0.001559 1  1 (   4    )->(   8       )
  20     17.440 140662.  2  1  1.1130 0.001559 1  1 (   3    )->(   8       )
  21     17.665 142475.  6  2  1.1487 0.000000 2  1 (   3   5)->(   6   7   )
  22     17.665 142475.  6  2  1.1487 0.000000 2  1 (   4   5)->(   6   7   )
  23     18.450 148811.  2  1  3.1719 0.421756 1  1 (   5    )->(   8       )
  24     18.999 153235.  6  1  1.5418 0.000000 2  1 (   2   5)->(   6   7   )
  25     20.745 167318.  6  2  1.5418 0.000000 2  1 (   2   5)->(   6   7   )
  26     21.106 170230.  2  1  1.5418 0.000000 2  1 (   2   5)->(   7   7   )
  27     21.106 170230.  2  1  1.5418 0.000000 2  1 (   2   5)->(   6   6   )
  28     23.037 185804.  2  1  1.5061 0.006239 1  1 (   2    )->(   8       )
  29     24.161 194868.  6  1  0.2248 0.000000 2  1 (   4   5)->(   7   8   )
  30     24.161 194868.  6  1  0.2248 0.000000 2  1 (   3   5)->(   6   8   )
  31     24.322 196171.  6  1  0.2248 0.000000 2  1 (   4   5)->(   6   8   )
  32     24.322 196171.  6  1  0.2248 0.000000 2  1 (   3   5)->(   7   8   )
  33     25.188 203152.  6  2  0.2248 0.000000 2  1 (   3   5)->(   7   8   )
  34     25.188 203152.  6  2  0.2248 0.000000 2  1 (   4   5)->(   6   8   )
  35     26.046 210075.  2  1  4.5097 0.000000 2  1 (   5   5)->(   6   8   )
  36     26.046 210075.  2  1  4.5097 0.000000 2  1 (   5   5)->(   7   8   )
  37     28.461 229553.  6  2  0.2248 0.000000 2  1 (   3   5)->(   6   8   )
  38     28.461 229553.  6  2  0.2248 0.000000 2  1 (   4   5)->(   7   8   )
  39     30.199 243568.  6  1  0.1684 0.000000 2  1 (   2   5)->(   7   8   )
  40     30.199 243568.  6  1  0.1684 0.000000 2  1 (   2   5)->(   6   8   )
  41     32.244 260064.  6  2  0.1684 0.000000 2  1 (   2   5)->(   6   8   )
  42     32.244 260064.  6  2  0.1684 0.000000 2  1 (   2   5)->(   7   8   )
  43     36.386 293472.  2  1  2.0577 0.018648 1  1 (   1    )->(   7       )
  44     36.386 293472.  2  1  2.0577 0.018648 1  1 (   1    )->(   6       )
  45     41.800 337137.  6  1  0.7199 0.000000 2  1 (   1   5)->(   6   7   )
  46     42.161 340049.  2  1  0.7199 0.000000 2  1 (   1   5)->(   6   6   )
  47     42.161 340049.  2  1  0.7199 0.000000 2  1 (   1   5)->(   7   7   )
  48     43.538 351157.  6  2  0.7199 0.000000 2  1 (   1   5)->(   6   7   )
  49     49.741 401190.  2  1  0.6842 0.068676 1  1 (   1    )->(   8       )
  50     51.944 418958.  6  1  0.6536 0.000000 2  1 (   1   5)->(   7   8   )
  51     51.944 418958.  6  1  0.6536 0.000000 2  1 (   1   5)->(   6   8   )
  52     57.129 460778.  6  2  0.6536 0.000000 2  1 (   1   5)->(   7   8   )
  53     57.129 460778.  6  2  0.6536 0.000000 2  1 (   1   5)->(   6   8   )

 Depression of ground-state after CI=      -3353. cm**-1 Energy=  -462.7670161 eV
 Dipole moment= -0.497258  0.000000  0.000000 tot=  0.497258 Debyes


  CI trans.  energy frequency wavelength oscillator ---------polarization---------    dipole   ------components----- 
 st.  symm.    eV      cm-1       nm      strength       x          y         z       moment     x       y       z 

   2      6.9325551    55915.    178.84  0.000000                                   1.985757   1.986  -0.000  -0.000
   3      7.0718280    57038.    175.32  0.042275  -0.000000  -0.891981  -0.452072  1.511275  -1.511  -0.000  -0.000
   4      7.0718280    57038.    175.32  0.042275   0.000000   0.452072  -0.891981  1.511275  -1.511   0.000   0.000
   5      7.3059083    58926.    169.70  0.000000                                   1.905600   1.906   0.000   0.000
   6      7.3059083    58926.    169.70  0.000000                                   1.905600   1.906   0.000  -0.000
   7     11.2925763    91081.    109.79  0.165673  -0.000000  -0.035226  -0.999379  1.968241   1.968   0.000  -0.000
   8     11.2925763    91081.    109.79  0.165673  -0.000000  -0.999379   0.035226  1.968241   1.968   0.000  -0.000
   9     12.2637655    98914.    101.10  0.531834   1.000000  -0.000000   0.000000  1.695833   1.696  -0.000   0.000
  10     13.7642305   111016.     90.08  0.000000                                   1.148697   1.149  -0.000   0.000
  11     13.7642305   111016.     90.08  0.000000                                   1.148697   1.149  -0.000  -0.000
  12     14.0140209   113031.     88.47  0.043535   0.000000  -0.999967   0.008142  1.225674   1.226  -0.000  -0.000
  13     14.0140209   113031.     88.47  0.043535  -0.000000   0.008142   0.999967  1.225674   1.226  -0.000   0.000
  14     14.3701159   115903.     86.28  0.000000                                   2.922166  -2.922   0.000  -0.000
  15     14.3701159   115903.     86.28  0.000000                                   2.922166  -2.922   0.000   0.000
  16     14.8101130   119452.     83.72  0.007114   0.000000  -0.999609   0.027973  1.183212   1.183  -0.000   0.000
  17     14.8101130   119452.     83.72  0.007114  -0.000000   0.027973   0.999609  1.183212   1.183   0.000  -0.000
  18     15.1365653   122085.     81.91  0.010162  -1.000000  -0.000000   0.000000  2.903485  -2.903   0.000   0.000
  19     17.7918537   143501.     69.69  0.001784  -0.000000   0.002815  -0.999996  1.086788   1.087   0.000  -0.000
  20     17.7918537   143501.     69.69  0.001784   0.000000   0.999996   0.002815  1.086788   1.087  -0.000  -0.000
  21     19.0366308   153541.     65.13  0.599918   1.000000  -0.000000   0.000000  2.339240  -2.339   0.000   0.000
  22     19.4054043   156516.     63.89  0.000000                                   1.483716   1.484   0.000  -0.000
  23     19.4166117   156606.     63.85  0.027144   0.000000  -0.006283  -0.999980  1.217575   1.218  -0.000   0.000
  24     19.4166117   156606.     63.85  0.027144   0.000000  -0.999980   0.006283  1.217575   1.218  -0.000  -0.000
  25     21.1979751   170974.     58.49  0.000000                                   1.232450   1.232   0.000   0.000
  26     21.1979751   170974.     58.49  0.000000                                   1.232450   1.232   0.000  -0.000
  27     22.1201793   178412.     56.05  0.001704   1.000000  -0.000000  -0.000000  0.984887   0.985   0.000   0.000
  28     22.9968372   185482.     53.91  0.353916  -1.000000   0.000000   0.000000  1.232651   1.233   0.000   0.000
  29     24.6661858   198947.     50.26  0.000000                                   0.136843  -0.137  -0.000  -0.000
  30     24.6661858   198947.     50.26  0.000000                                   0.136843  -0.137  -0.000  -0.000
  31     24.7914505   199957.     50.01  0.000000                                   0.071867   0.072  -0.000  -0.000
  32     24.8881133   200737.     49.82  0.002001  -1.000000   0.000000  -0.000000  0.003442   0.003  -0.000   0.000
  33     25.6750096   207083.     48.29  0.000000                                   0.017255  -0.017  -0.000  -0.000
  34     25.7975891   208072.     48.06  0.000000                                   0.195737   0.196  -0.000   0.000
  35     25.7975891   208072.     48.06  0.000000                                   0.195737   0.196   0.000   0.000
  36     26.5304917   213983.     46.73  0.003854   0.000000  -0.999309  -0.037169  3.424560  -3.425   0.000  -0.000
  37     26.5304917   213983.     46.73  0.003854  -0.000000   0.037169  -0.999309  3.424560  -3.425   0.000   0.000
  38     30.9924922   249972.     40.00  0.000003   0.000000  -0.999607  -0.028040  0.351910   0.352  -0.000   0.000
  39     30.9924922   249972.     40.00  0.000003   0.000000   0.028040  -0.999607  0.351910   0.352   0.000   0.000
  40     32.8807792   265202.     37.71  0.000185  -0.000000  -0.999579  -0.029007  0.713624  -0.714   0.000   0.000
  41     32.8807792   265202.     37.71  0.000185   0.000000   0.029007  -0.999579  0.713624  -0.714   0.000  -0.000
  42     33.3083226   268650.     37.22  0.017164   1.000000  -0.000000  -0.000000  0.110399   0.110   0.000  -0.000
  43     36.7405964   296334.     33.75  0.016615   0.000000   0.013521   0.999909  1.547392   1.547   0.000   0.000
  44     36.7405964   296334.     33.75  0.016615   0.000000   0.999909  -0.013521  1.547392   1.547   0.000   0.000
  45     42.3298680   341414.     29.29  0.000000                                   0.887679   0.888  -0.000   0.000
  46     42.3298680   341414.     29.29  0.000000                                   0.887679   0.888  -0.000  -0.000
  47     43.1022224   347644.     28.77  0.000429  -1.000000  -0.000000  -0.000000  0.860360   0.860  -0.000   0.000
  48     44.0092638   354960.     28.17  0.000000                                   0.774590   0.775  -0.000  -0.000
  49     50.8157491   409858.     24.40  0.299930   1.000000  -0.000000   0.000000  0.572657   0.573   0.000   0.000
  50     52.6919668   424990.     23.53  0.001658   0.000000   0.007917   0.999969  0.001969  -0.002   0.000  -0.000
  51     52.6919668   424990.     23.53  0.001658   0.000000   0.999969  -0.007917  0.001969  -0.002   0.000  -0.000
  52     58.0533198   468233.     21.36  0.000075   0.000000   0.000000  -1.000000  0.711489  -0.711   0.000  -0.000
  53     58.0533198   468233.     21.36  0.000075   0.000000  -1.000000  -0.000000  0.711489  -0.711  -0.000  -0.000
 
 Polarizability (au  ) xx=   13.43 xy=    0.00 yy=    5.54 xz=   -0.00 yz=    0.00 zz=    5.54
 Polarizability (A**3) xx=    1.99 xy=    0.00 yy=    0.82 xz=   -0.00 yz=    0.00 zz=    0.82
 
 
 Major CI contributions to CI states
 
State    1  0.0000     CI coeff  CI percent
    Config       1  -0.99161333  0.98329699
    Config      15   0.05510161  0.00303619
    Config      16   0.05510161  0.00303619
    Config      37   0.06267543  0.00392821
    Config      38   0.06267543  0.00392821
 Total coeff printed             0.99722578
  
State    2  6.9326     CI coeff  CI percent
    Config       4   0.70375669  0.49527347
    Config       5  -0.70375669  0.49527347
    Config      31  -0.04477393  0.00200470
    Config      32   0.04477393  0.00200470
    Config      33   0.05217107  0.00272182
    Config      34  -0.05217107  0.00272182
 Total coeff printed             1.00000000
  
State    3  7.0718     CI coeff  CI percent
    Config       2  -0.44883407  0.20145202
    Config       3  -0.88559164  0.78427256
    Config       8   0.05782560  0.00334380
    Config      41  -0.06394078  0.00408842
 Total coeff printed             0.99315680
  
State    4  7.0718     CI coeff  CI percent
    Config       2  -0.88559164  0.78427256
    Config       3   0.44883407  0.20145202
    Config       9   0.05782560  0.00334380
    Config      42  -0.06394078  0.00408842
 Total coeff printed             0.99315680
  
State    5  7.3059     CI coeff  CI percent
    Config       4   0.69990110  0.48986155
    Config       5   0.69990110  0.48986155
    Config      12   0.06601530  0.00435802
    Config      25  -0.08001740  0.00640279
    Config      31  -0.04462614  0.00199149
    Config      32  -0.04462614  0.00199149
    Config      33  -0.05205869  0.00271011
    Config      34  -0.05205869  0.00271011
 Total coeff printed             0.99988711
  
State    6  7.3059     CI coeff  CI percent
    Config       6   0.69990110  0.48986155
    Config       7  -0.69990110  0.48986155
    Config      15   0.04667987  0.00217901
    Config      16  -0.04667987  0.00217901
    Config      26  -0.05658085  0.00320139
    Config      27   0.05658085  0.00320139
    Config      37  -0.06831549  0.00466701
    Config      38   0.06831549  0.00466701
 Total coeff printed             0.99981793
  
State    7 11.2926     CI coeff  CI percent
    Config       2  -0.04786518  0.00229108
    Config       9  -0.84179910  0.70862572
    Config      11   0.31906861  0.10180478
    Config      17   0.41691646  0.17381933
    Config      21  -0.08171207  0.00667686
    Config      39   0.04668619  0.00217960
 Total coeff printed             0.99539737
  
State    8 11.2926     CI coeff  CI percent
    Config       3  -0.04786518  0.00229108
    Config       8  -0.84179910  0.70862572
    Config      10   0.31906861  0.10180478
    Config      18   0.41691646  0.17381933
    Config      22   0.08171207  0.00667686
    Config      40   0.04668619  0.00217960
 Total coeff printed             0.99539737
  
State    9 12.2638     CI coeff  CI percent
    Config       6   0.64122691  0.41117195
    Config       7   0.64122691  0.41117195
    Config      15  -0.07551611  0.00570268
    Config      16  -0.07551611  0.00570268
    Config      23  -0.36473457  0.13303131
    Config      26  -0.06118626  0.00374376
    Config      27  -0.06118626  0.00374376
    Config      28   0.11427843  0.01305956
    Config      37   0.05707514  0.00325757
    Config      38   0.05707514  0.00325757
    Config      49  -0.07600441  0.00577667
 Total coeff printed             0.99961946
  
State   10 13.7642     CI coeff  CI percent
    Config      11  -0.63163509  0.39896289
    Config      14  -0.49986546  0.24986548
    Config      17   0.49986546  0.24986548
    Config      21   0.31743987  0.10076807
 Total coeff printed             0.99946192
  
State   11 13.7642     CI coeff  CI percent
    Config      10  -0.63163509  0.39896289
    Config      13  -0.49986546  0.24986548
    Config      18   0.49986546  0.24986548
    Config      22  -0.31743987  0.10076807
 Total coeff printed             0.99946192
  
State   12 14.0140     CI coeff  CI percent
    Config       3  -0.06553821  0.00429526
    Config       8  -0.35596728  0.12671270
    Config      10  -0.70357946  0.49502405
    Config      13   0.47465742  0.22529966
    Config      18  -0.21132140  0.04465674
    Config      22   0.31977192  0.10225408
 Total coeff printed             0.99824249
  
State   13 14.0140     CI coeff  CI percent
    Config       2   0.06553821  0.00429526
    Config       9   0.35596728  0.12671270
    Config      11   0.70357946  0.49502405
    Config      14  -0.47465742  0.22529966
    Config      17   0.21132140  0.04465674
    Config      21   0.31977192  0.10225408
 Total coeff printed             0.99824249
  
State   14 14.3701     CI coeff  CI percent
    Config       6  -0.04546893  0.00206742
    Config       7   0.04546893  0.00206742
    Config      15   0.70537329  0.49755148
    Config      16  -0.70537329  0.49755148
 Total coeff printed             0.99923781
  
State   15 14.3701     CI coeff  CI percent
    Config       4  -0.04546893  0.00206742
    Config       5  -0.04546893  0.00206742
    Config      12   0.99754848  0.99510296
 Total coeff printed             0.99923781
  
State   16 14.8101     CI coeff  CI percent
    Config       8  -0.19975002  0.03990007
    Config      10  -0.04339888  0.00188346
    Config      13  -0.72040842  0.51898829
    Config      18  -0.51810439  0.26843216
    Config      20   0.06999133  0.00489879
    Config      22   0.40491779  0.16395842
 Total coeff printed             0.99806118
  
State   17 14.8101     CI coeff  CI percent
    Config       9   0.19975002  0.03990007
    Config      11   0.04339888  0.00188346
    Config      14   0.72040842  0.51898829
    Config      17   0.51810439  0.26843216
    Config      19  -0.06999133  0.00489879
    Config      21   0.40491779  0.16395842
 Total coeff printed             0.99806118
  
State   18 15.1366     CI coeff  CI percent
    Config       1   0.07706907  0.00593964
    Config       6   0.04242054  0.00179950
    Config       7   0.04242054  0.00179950
    Config      15   0.69709732  0.48594467
    Config      16   0.69709732  0.48594467
    Config      23  -0.13276256  0.01762590
 Total coeff printed             0.99905389
  
State   19 17.7919     CI coeff  CI percent
    Config      14  -0.05807910  0.00337318
    Config      19  -0.99355363  0.98714881
    Config      21  -0.06123823  0.00375012
    Config      42  -0.05378494  0.00289282
 Total coeff printed             0.99716494
  
State   20 17.7919     CI coeff  CI percent
    Config      13   0.05807910  0.00337318
    Config      20   0.99355363  0.98714881
    Config      22  -0.06123823  0.00375012
    Config      41   0.05378494  0.00289282
 Total coeff printed             0.99716494
  
State   21 19.0366     CI coeff  CI percent
    Config       6   0.19480069  0.03794731
    Config       7   0.19480069  0.03794731
    Config      15   0.06268927  0.00392994
    Config      16   0.06268927  0.00392994
    Config      23   0.82192025  0.67555289
    Config      26  -0.21234278  0.04508946
    Config      27  -0.21234278  0.04508946
    Config      28   0.32392761  0.10492909
    Config      29  -0.13277366  0.01762885
    Config      30  -0.13277366  0.01762885
    Config      37  -0.04964250  0.00246438
    Config      38  -0.04964250  0.00246438
    Config      49  -0.06689513  0.00447496
 Total coeff printed             0.99907680
  
State   22 19.4054     CI coeff  CI percent
    Config      24   0.99980189  0.99960382
 Total coeff printed             0.99960382
  
State   23 19.4166     CI coeff  CI percent
    Config       9  -0.31636280  0.10008542
    Config      17  -0.48762017  0.23777343
    Config      19  -0.04591844  0.00210850
    Config      21   0.75625474  0.57192124
    Config      36  -0.26040482  0.06781067
    Config      39  -0.08407499  0.00706860
    Config      42   0.07877355  0.00620527
    Config      52   0.07831262  0.00613287
 Total coeff printed             0.99910600
  
State   24 19.4166     CI coeff  CI percent
    Config       8  -0.31636280  0.10008542
    Config      18  -0.48762017  0.23777343
    Config      20  -0.04591844  0.00210850
    Config      22  -0.75625474  0.57192124
    Config      35  -0.26040482  0.06781067
    Config      40  -0.08407499  0.00706860
    Config      41   0.07877355  0.00620527
    Config      53   0.07831262  0.00613287
 Total coeff printed             0.99910600
  
State   25 21.1980     CI coeff  CI percent
    Config       6   0.05673840  0.00321925
    Config       7  -0.05673840  0.00321925
    Config      26   0.70375423  0.49527002
    Config      27  -0.70375423  0.49527002
 Total coeff printed             0.99697853
  
State   26 21.1980     CI coeff  CI percent
    Config       4   0.05673840  0.00321925
    Config       5   0.05673840  0.00321925
    Config      25   0.99525878  0.99054004
    Config      45  -0.04900636  0.00240162
 Total coeff printed             0.99938015
  
State   27 22.1202     CI coeff  CI percent
    Config       6   0.05780263  0.00334114
    Config       7   0.05780263  0.00334114
    Config      23   0.07817501  0.00611133
    Config      26   0.62029264  0.38476296
    Config      27   0.62029264  0.38476296
    Config      28   0.39123539  0.15306513
    Config      29  -0.16022058  0.02567064
    Config      30  -0.16022058  0.02567064
    Config      37  -0.06939340  0.00481544
    Config      38  -0.06939340  0.00481544
 Total coeff printed             0.99635684
  
State   28 22.9968     CI coeff  CI percent
    Config       1  -0.04317416  0.00186401
    Config       6  -0.18297495  0.03347983
    Config       7  -0.18297495  0.03347983
    Config      23  -0.40093709  0.16075055
    Config      26  -0.25204761  0.06352800
    Config      27  -0.25204761  0.06352800
    Config      28   0.69556939  0.48381677
    Config      29  -0.24430516  0.05968501
    Config      30  -0.24430516  0.05968501
    Config      37  -0.12372048  0.01530676
    Config      38  -0.12372048  0.01530676
    Config      49   0.08741365  0.00764115
 Total coeff printed             0.99807167
  
State   29 24.6662     CI coeff  CI percent
    Config      31  -0.67658334  0.45776502
    Config      32  -0.67658334  0.45776502
    Config      33   0.20142153  0.04057063
    Config      34   0.20142153  0.04057063
 Total coeff printed             0.99667131
  
State   30 24.6662     CI coeff  CI percent
    Config      29   0.66704709  0.44495182
    Config      30  -0.66704709  0.44495182
    Config      37  -0.23104943  0.05338384
    Config      38   0.23104943  0.05338384
 Total coeff printed             0.99667131
  
State   31 24.7915     CI coeff  CI percent
    Config       4   0.05249767  0.00275601
    Config       5  -0.05249767  0.00275601
    Config      31   0.69604389  0.48447710
    Config      32  -0.69604389  0.48447710
    Config      33  -0.11081805  0.01228064
    Config      34   0.11081805  0.01228064
 Total coeff printed             0.99902749
  
State   32 24.8881     CI coeff  CI percent
    Config      23   0.04355739  0.00189725
    Config      28   0.41285180  0.17044661
    Config      29   0.62742377  0.39366059
    Config      30   0.62742377  0.39366059
    Config      37  -0.13771183  0.01896455
    Config      38  -0.13771183  0.01896455
 Total coeff printed             0.99759412
  
State   33 25.6750     CI coeff  CI percent
    Config       4  -0.04439042  0.00197051
    Config       5   0.04439042  0.00197051
    Config      31   0.11327001  0.01283010
    Config      32  -0.11327001  0.01283010
    Config      33   0.69599725  0.48441217
    Config      34  -0.69599725  0.48441217
 Total coeff printed             0.99842556
  
State   34 25.7976     CI coeff  CI percent
    Config       4   0.06344334  0.00402506
    Config       5   0.06344334  0.00402506
    Config      31   0.19720937  0.03889154
    Config      32   0.19720937  0.03889154
    Config      33   0.67427444  0.45464602
    Config      34   0.67427444  0.45464602
    Config      45  -0.05053887  0.00255418
 Total coeff printed             0.99767941
  
State   35 25.7976     CI coeff  CI percent
    Config       6   0.06344334  0.00402506
    Config       7  -0.06344334  0.00402506
    Config      29   0.23312397  0.05434679
    Config      30  -0.23312397  0.05434679
    Config      37   0.66271470  0.43919077
    Config      38  -0.66271470  0.43919077
 Total coeff printed             0.99512523
  
State   36 26.5305     CI coeff  CI percent
    Config       8  -0.12611499  0.01590499
    Config      18  -0.11564320  0.01337335
    Config      22  -0.16205640  0.02626228
    Config      35   0.92775924  0.86073721
    Config      40  -0.25957823  0.06738086
    Config      41  -0.07206069  0.00519274
    Config      51  -0.05365467  0.00287882
    Config      53   0.06779269  0.00459585
 Total coeff printed             0.99632610
  
State   37 26.5305     CI coeff  CI percent
    Config       9  -0.12611499  0.01590499
    Config      17  -0.11564320  0.01337335
    Config      21   0.16205640  0.02626228
    Config      36   0.92775924  0.86073721
    Config      39  -0.25957823  0.06738086
    Config      42  -0.07206069  0.00519274
    Config      50  -0.05365467  0.00287882
    Config      52   0.06779269  0.00459585
 Total coeff printed             0.99632610
  
State   38 30.9925     CI coeff  CI percent
    Config      18  -0.08230699  0.00677444
    Config      22  -0.12233808  0.01496661
    Config      35   0.22365437  0.05002128
    Config      40   0.95627777  0.91446716
    Config      44  -0.08153479  0.00664792
    Config      53   0.06420794  0.00412266
 Total coeff printed             0.99700007
  
State   39 30.9925     CI coeff  CI percent
    Config      17  -0.08230699  0.00677444
    Config      21   0.12233808  0.01496661
    Config      36   0.22365437  0.05002128
    Config      39   0.95627777  0.91446716
    Config      43  -0.08153479  0.00664792
    Config      52   0.06420794  0.00412266
 Total coeff printed             0.99700007
  
State   40 32.8808     CI coeff  CI percent
    Config       3   0.07089832  0.00502657
    Config       8  -0.04436150  0.00196794
    Config      20   0.05644522  0.00318606
    Config      35  -0.09494361  0.00901429
    Config      41  -0.98472884  0.96969089
    Config      44   0.07594110  0.00576705
    Config      51  -0.04590650  0.00210741
 Total coeff printed             0.99676022
  
State   41 32.8808     CI coeff  CI percent
    Config       2   0.07089832  0.00502657
    Config       9  -0.04436150  0.00196794
    Config      19   0.05644522  0.00318606
    Config      36  -0.09494361  0.00901429
    Config      42  -0.98472884  0.96969089
    Config      43   0.07594110  0.00576705
    Config      50  -0.04590650  0.00210741
 Total coeff printed             0.99676022
  
State   42 33.3083     CI coeff  CI percent
    Config       1  -0.08092279  0.00654850
    Config       6   0.06995338  0.00489348
    Config       7   0.06995338  0.00489348
    Config      28  -0.26693305  0.07125326
    Config      29  -0.05536551  0.00306534
    Config      30  -0.05536551  0.00306534
    Config      37  -0.66809775  0.44635460
    Config      38  -0.66809775  0.44635460
    Config      46  -0.06695476  0.00448294
    Config      47  -0.06695476  0.00448294
    Config      49  -0.05498745  0.00302362
 Total coeff printed             0.99841809
  
State   43 36.7406     CI coeff  CI percent
    Config      36  -0.05332036  0.00284306
    Config      39  -0.07006121  0.00490857
    Config      42  -0.06505792  0.00423253
    Config      43  -0.98669817  0.97357328
    Config      50  -0.10645277  0.01133219
 Total coeff printed             0.99688964
  
State   44 36.7406     CI coeff  CI percent
    Config      35  -0.05332036  0.00284306
    Config      40  -0.07006121  0.00490857
    Config      41  -0.06505792  0.00423253
    Config      44  -0.98669817  0.97357328
    Config      51  -0.10645277  0.01133219
 Total coeff printed             0.99688964
  
State   45 42.3299     CI coeff  CI percent
    Config      46  -0.70500710  0.49703502
    Config      47   0.70500710  0.49703502
 Total coeff printed             0.99407004
  
State   46 42.3299     CI coeff  CI percent
    Config      25   0.05058479  0.00255882
    Config      45   0.99703061  0.99407004
 Total coeff printed             0.99662886
  
State   47 43.1022     CI coeff  CI percent
    Config      37  -0.06578759  0.00432801
    Config      38  -0.06578759  0.00432801
    Config      46   0.70234136  0.49328339
    Config      47   0.70234136  0.49328339
 Total coeff printed             0.99522279
  
State   48 44.0093     CI coeff  CI percent
    Config      48  -0.99856321  0.99712848
 Total coeff printed             0.99712848
  
State   49 50.8157     CI coeff  CI percent
    Config       6   0.08312439  0.00690966
    Config       7   0.08312439  0.00690966
    Config      23   0.05949750  0.00353995
    Config      28  -0.05666852  0.00321132
    Config      49   0.98851102  0.97715404
 Total coeff printed             0.99772464
  
State   50 52.6920     CI coeff  CI percent
    Config      36   0.04207653  0.00177043
    Config      42  -0.05825406  0.00339354
    Config      43  -0.10432988  0.01088472
    Config      50   0.99116164  0.98240140
 Total coeff printed             0.99845010
  
State   51 52.6920     CI coeff  CI percent
    Config      35   0.04207653  0.00177043
    Config      41  -0.05825406  0.00339354
    Config      44  -0.10432988  0.01088472
    Config      51   0.99116164  0.98240140
 Total coeff printed             0.99845010
  
State   52 58.0533     CI coeff  CI percent
    Config      17   0.05715677  0.00326690
    Config      21  -0.07718715  0.00595786
    Config      36  -0.05739824  0.00329456
    Config      52   0.99214841  0.98435846
 Total coeff printed             0.99687778
  
State   53 58.0533     CI coeff  CI percent
    Config      18   0.05715677  0.00326690
    Config      22   0.07718715  0.00595786
    Config      35  -0.05739824  0.00329456
    Config      53   0.99214841  0.98435846
 Total coeff printed             0.99687778
  

 -------------------------------------------------------------------------------
 INDO CISD C.I.D.=(3,1)
 Carbon Monoxide
 INDO


     NO PARAMETERS MARKED FOR OPTIMIZATION, SO 1SCF WAS USED  
     SCF FIELD WAS ACHIEVED                                   


                              INDO CALCULATION
                                                       MOPAC2016 (Version: 20.173L)
                                                       Thu Jul  2 11:24:51 2020




          FINAL HEAT OF FORMATION =     -10431.61786 KCAL/MOL =  -43645.88914 KJ/MOL


          TOTAL ENERGY            =       -462.35136 EV
          ELECTRONIC ENERGY       =       -621.46378 EV  POINT GROUP:     C*v 
          CORE-CORE REPULSION     =        159.11243 EV
          COSMO AREA              =         57.92 SQUARE ANGSTROMS
          COSMO VOLUME            =         40.40 CUBIC ANGSTROMS

          IONIZATION POTENTIAL    =         14.497186 EV
          HOMO LUMO ENERGIES (EV) =        -14.497  0.094
          NO. OF FILLED LEVELS    =          5
          MOLECULAR WEIGHT        =         28.0104

          MOLECULAR DIMENSIONS (Angstroms)

            Atom       Atom       Distance
            O     2    C     1     1.17300
            O     2    C     1     0.00000
            C     1    O     2     0.00000


          SCF CALCULATIONS        =          1
 
          WALL-CLOCK TIME         =          0.051 SECONDS
          COMPUTATION TIME        =          0.039 SECONDS




   ATOM   CHEMICAL          X               Y               Z
  NUMBER   SYMBOL      (ANGSTROMS)     (ANGSTROMS)     (ANGSTROMS)
 
     1       C          0.00000000      0.00000000      0.00000000   
     2       O          1.17300000      0.00000000      0.00000000   

                             CARTESIAN COORDINATES

   1    C        0.000000000     0.000000000     0.000000000
   2    O        1.173000000     0.000000000     0.000000000


           Empirical Formula: C O  =     2 atoms



      MOLECULAR POINT GROUP   :   C*v 


                  EIGENVALUES  
 -43.05348 -19.27363 -14.77497 -14.77497 -14.49719   0.09377   0.09377  10.49943


              NET ATOMIC CHARGES AND DIPOLE CONTRIBUTIONS

  ATOM NO.   TYPE          CHARGE      No. of ELECS.   s-Pop       p-Pop       
    1          C           0.230129        3.7699     1.80759     1.96228
    2          O          -0.230129        6.2301     1.79510     4.43503
 DIPOLE           X         Y         Z       TOTAL
 POINT-CHG.    -1.297     0.000     0.000     1.297
 HYBRID         0.829    -0.000     0.000     0.829
 SUM           -0.468    -0.000     0.000     0.468


          ATOMIC ORBITAL ELECTRON POPULATIONS

     Atom    s        px        py        pz   
    1  C   1.80759   1.00955   0.47637   0.47637
    2  O   1.79510   1.38776   1.52363   1.52363

 **********************
 *                    *
 * JOB ENDED NORMALLY *
 *                    *
 **********************



 TOTAL JOB TIME:             0.07 SECONDS

 == MOPAC DONE ==
