 *******************************************************************************
 ** Site#:    0         For non-commercial use only    Version 20.173L 64BITS **
 *******************************************************************************
 ** Cite this program as: MOPAC2016, Version: 20.173L, James J. P. Stewart,   **
 ** Stewart Computational Chemistry, web-site: HTTP://OpenMOPAC.net.          **
 *******************************************************************************
 **                                                                           **
 **                                MOPAC2016                                  **
 **                                                                           **
 *******************************************************************************

                              INDO CALCULATION RESULTS

 *******************************************************************************
 *  CALCULATION DONE:                                Mon Jun 29 13:01:46 2020  *
 *  INDO       - The INDO Hamiltonian to be used
 *  CIS        - C.I. USES 1 ELECTRON EXCITATIONS ONLY
 *  TRIPLET    - SPIN STATE DEFINED AS A TRIPLET
 *  T=         - A TIME OF 172800.0 SECONDS REQUESTED
 *  DUMP=N     - RESTART FILE WRITTEN EVERY 7200.0 SECONDS REQUESTED
 *******************************************************************************
INDO CIS TRIPLET
 Carbon Monoxide
 INDO
   ATOM   CHEMICAL          X               Y               Z
  NUMBER   SYMBOL      (ANGSTROMS)     (ANGSTROMS)     (ANGSTROMS)
 
     1       C          0.00000000      0.00000000      0.00000000   
     2       O          1.17300000      0.00000000      0.00000000   
 


          CARTESIAN COORDINATES 

    NO.       ATOM           X           Y           Z

     1         C          0.0000      0.0000      0.0000
     2         O          1.1730      0.0000      0.0000

           Empirical Formula: C O  =     2 atoms



      MOLECULAR POINT GROUP   :   C*v 


 TRIPLET STATE CALCULATION


      RHF CALCULATION, NO. OF DOUBLY OCCUPIED LEVELS = 5

 WARNING: INDO only performs single-point calculations

 Summary of symmetry occupancy in each shell:

 SHELL     
    1    5
    v    3
 TOTAL   8




    ROOT NO.    1           2           3           4           5           6

           -43.05348   -19.27363   -14.77497   -14.77497   -14.49719     0.09377
  
  
  S  C   1   0.44278    -0.58730    -0.00000    -0.00000    -0.60235    -0.00000
 PX  C   1   0.36287     0.01883     0.00000    -0.00000     0.61067     0.00000
 PY  C   1  -0.00000     0.00000     0.48831     0.00000    -0.00000     0.87267
 PZ  C   1  -0.00000     0.00000     0.00000     0.48831    -0.00000     0.00000
  
  S  O   2   0.77773     0.52976    -0.00000     0.00000    -0.10965    -0.00000
 PX  O   2  -0.25963     0.61161    -0.00000    -0.00000    -0.50223    -0.00000
 PY  O   2   0.00000    -0.00000     0.87267     0.00000    -0.00000    -0.48831
 PZ  O   2   0.00000     0.00000     0.00000     0.87267     0.00000     0.00000




    ROOT NO.    7           8

             0.09377    10.49943
  
  
  S  C   1  -0.00000     0.31015
 PX  C   1  -0.00000     0.70360
 PY  C   1   0.00000     0.00000
 PZ  C   1   0.87267     0.00000
  
  S  O   2   0.00000    -0.32011
 PX  O   2  -0.00000     0.55343
 PY  O   2   0.00000    -0.00000
 PZ  O   2  -0.48831     0.00000


 Reference determinate nber   1 is ALPHA 1 -   5
 SINGLE excitations FROM orbs   1 to   5 INTO orbs   6 to   8
 

 CI excitations=   16:        = 16
 The lowest   16 spin-adapted configurations of multiplicity=  3
     sym   eV   cm**-1 -dets- dipole oscilator X FRAG ....Excitations named from first reference determinate
                       tot  #  Debye  strength
 
   1      0.000      0.  1  1  0.4607 0.000000 0  0 (    )->(       )
   2      5.185  41821.  1  1  1.7984 0.000000 1  1 (   5)->(   6   )
   3      5.185  41821.  1  1  1.7984 0.000000 1  1 (   5)->(   7   )
   4      5.937  47886.  1  1  2.4865 0.000000 1  1 (   4)->(   7   )
   5      5.937  47886.  1  1  2.4865 0.000000 1  1 (   3)->(   6   )
   6      6.435  51898.  1  1  2.4865 0.000000 1  1 (   4)->(   6   )
   7      6.435  51898.  1  1  2.4865 0.000000 1  1 (   3)->(   7   )
   8     10.614  85612.  1  1  2.8796 0.000000 1  1 (   2)->(   6   )
   9     10.614  85612.  1  1  2.8796 0.000000 1  1 (   2)->(   7   )
  10     16.201 130674.  1  1  1.1130 0.000000 1  1 (   4)->(   8   )
  11     16.201 130674.  1  1  1.1130 0.000000 1  1 (   3)->(   8   )
  12     16.403 132302.  1  1  3.1719 0.000000 1  1 (   5)->(   8   )
  13     21.324 171988.  1  1  1.5061 0.000000 1  1 (   2)->(   8   )
  14     34.423 277643.  1  1  2.0577 0.000000 1  1 (   1)->(   6   )
  15     34.423 277643.  1  1  2.0577 0.000000 1  1 (   1)->(   7   )
  16     43.349 349632.  1  1  0.6842 0.000000 1  1 (   1)->(   8   )

 Depression of ground-state after CI=          0. cm**-1 Energy=  -621.4637843 eV
 Dipole moment= -0.460672 -0.000000  0.000000 tot=  0.460672 Debyes


  CI trans.  energy frequency wavelength oscillator ---------polarization---------    dipole   ------components----- 
 st.  symm.    eV      cm-1       nm      strength       x          y         z       moment     x       y       z 

   2      5.0871528    41031.    243.72  0.000000                                   2.610511  -2.611   0.000   0.000
   3      5.0871528    41031.    243.72  0.000000                                   2.610511  -2.611   0.000   0.000
   4      5.6649060    45691.    218.86  0.000000                                   2.485076   2.485  -0.000   0.000
   5      6.1858131    49892.    200.43  0.000000                                   2.486469   2.486  -0.000   0.000
   6      6.1858131    49892.    200.43  0.000000                                   2.486469   2.486  -0.000   0.000
   7      6.6831923    53904.    185.52  0.000000                                   2.486469   2.486  -0.000  -0.000
   8     10.7025616    86322.    115.85  0.000000                                   3.636343   3.636   0.000  -0.000
   9     10.7025616    86322.    115.85  0.000000                                   3.636343   3.636  -0.000   0.000
  10     16.1777878   130483.     76.64  0.000000                                   1.114499   1.114  -0.000  -0.000
  11     16.1777878   130483.     76.64  0.000000                                   1.114499   1.114   0.000  -0.000
  12     16.3863378   132165.     75.66  0.000000                                   3.168341  -3.168  -0.000   0.000
  13     21.2990594   171789.     58.21  0.000000                                   1.387032   1.387  -0.000  -0.000
  14     34.4568705   277914.     35.98  0.000000                                   2.111500   2.111  -0.000  -0.000
  15     34.4568705   277914.     35.98  0.000000                                   2.111500   2.111  -0.000  -0.000
  16     43.4138371   350157.     28.56  0.000000                                   0.801162   0.801  -0.000   0.000
 
 Polarizability (au  ) xx=    0.00 xy=    0.00 yy=    0.00 xz=    0.00 yz=    0.00 zz=    0.00
 Polarizability (A**3) xx=    0.00 xy=    0.00 yy=    0.00 xz=    0.00 yz=    0.00 zz=    0.00
 
 
 Major CI contributions to CI states
 
State    1  0.0000     CI coeff  CI percent
    Config       1   1.00000000  1.00000000
Total percent printed            1.00000000
  
State    2  5.0872     CI coeff  CI percent
    Config       2  -0.99129634  0.98266843
    Config       8  -0.13134523  0.01725157
Total percent printed            0.99992000
  
State    3  5.0872     CI coeff  CI percent
    Config       3  -0.99129634  0.98266843
    Config       9  -0.13134523  0.01725157
Total percent printed            0.99992000
  
State    4  5.6649     CI coeff  CI percent
    Config       4   0.70688114  0.49968094
    Config       5   0.70688114  0.49968094
Total percent printed            0.99936188
  
State    5  6.1858     CI coeff  CI percent
    Config       4  -0.70710445  0.49999670
    Config       5   0.70710445  0.49999670
Total percent printed            0.99999340
  
State    6  6.1858     CI coeff  CI percent
    Config       6  -0.70710445  0.49999670
    Config       7  -0.70710445  0.49999670
Total percent printed            0.99999340
  
State    7  6.6832     CI coeff  CI percent
    Config       6  -0.70710678  0.50000000
    Config       7   0.70710678  0.50000000
Total percent printed            1.00000000
  
State    8 10.7026     CI coeff  CI percent
    Config       2  -0.13148155  0.01728740
    Config       8   0.99114308  0.98236461
Total percent printed            0.99965201
  
State    9 10.7026     CI coeff  CI percent
    Config       3   0.13148155  0.01728740
    Config       9  -0.99114308  0.98236461
Total percent printed            0.99965201
  
State   10 16.1778     CI coeff  CI percent
    Config      10   0.99932931  0.99865907
Total percent printed            0.99865907
  
State   11 16.1778     CI coeff  CI percent
    Config      11   0.99932931  0.99865907
Total percent printed            0.99865907
  
State   12 16.3863     CI coeff  CI percent
    Config      12  -0.99967068  0.99934148
Total percent printed            0.99934148
  
State   13 21.2991     CI coeff  CI percent
    Config      13   0.99943647  0.99887326
Total percent printed            0.99887326
  
State   14 34.4569     CI coeff  CI percent
    Config      14   0.99914859  0.99829790
Total percent printed            0.99829790
  
State   15 34.4569     CI coeff  CI percent
    Config      15   0.99914859  0.99829790
Total percent printed            0.99829790
  
State   16 43.4138     CI coeff  CI percent
    Config      16   0.99881514  0.99763168
Total percent printed            0.99763168
  

 -------------------------------------------------------------------------------
 INDO CIS TRIPLET
 Carbon Monoxide
 INDO


     NO PARAMETERS MARKED FOR OPTIMIZATION, SO 1SCF WAS USED  
     SCF FIELD WAS ACHIEVED                                   


                              INDO CALCULATION
                                                       MOPAC2016 (Version: 20.173L)
                                                       Mon Jun 29 13:01:46 2020




          FINAL HEAT OF FORMATION =     -10431.61786 KCAL/MOL =  -43645.88914 KJ/MOL


          TOTAL ENERGY            =       -462.35136 EV
          ELECTRONIC ENERGY       =       -621.46378 EV  POINT GROUP:     C*v 
          CORE-CORE REPULSION     =        159.11243 EV
          COSMO AREA              =         57.92 SQUARE ANGSTROMS
          COSMO VOLUME            =         40.40 CUBIC ANGSTROMS

          IONIZATION POTENTIAL    =         14.497186 EV
          HOMO LUMO ENERGIES (EV) =        -14.497  0.094
          NO. OF FILLED LEVELS    =          5
          MOLECULAR WEIGHT        =         28.0104

          MOLECULAR DIMENSIONS (Angstroms)

            Atom       Atom       Distance
            O     2    C     1     1.17300
            O     2    C     1     0.00000
            C     1    O     2     0.00000


          SCF CALCULATIONS        =          1
 
          WALL-CLOCK TIME         =          0.090 SECONDS
          COMPUTATION TIME        =          0.015 SECONDS




   ATOM   CHEMICAL          X               Y               Z
  NUMBER   SYMBOL      (ANGSTROMS)     (ANGSTROMS)     (ANGSTROMS)
 
     1       C          0.00000000      0.00000000      0.00000000   
     2       O          1.17300000      0.00000000      0.00000000   

                             CARTESIAN COORDINATES

   1    C        0.000000000     0.000000000     0.000000000
   2    O        1.173000000     0.000000000     0.000000000


           Empirical Formula: C O  =     2 atoms



      MOLECULAR POINT GROUP   :   C*v 


                  EIGENVALUES  
 -43.05348 -19.27363 -14.77497 -14.77497 -14.49719   0.09377   0.09377  10.49943


              NET ATOMIC CHARGES AND DIPOLE CONTRIBUTIONS

  ATOM NO.   TYPE          CHARGE      No. of ELECS.   s-Pop       p-Pop       
    1          C           0.230129        3.7699     1.80759     1.96228
    2          O          -0.230129        6.2301     1.79510     4.43503
 DIPOLE           X         Y         Z       TOTAL
 POINT-CHG.    -1.297     0.000     0.000     1.297
 HYBRID         0.829    -0.000     0.000     0.829
 SUM           -0.468    -0.000     0.000     0.468


          ATOMIC ORBITAL ELECTRON POPULATIONS

     Atom    s        px        py        pz   
    1  C   1.80759   1.00955   0.47637   0.47637
    2  O   1.79510   1.38776   1.52363   1.52363

 **********************
 *                    *
 * JOB ENDED NORMALLY *
 *                    *
 **********************



 TOTAL JOB TIME:             0.18 SECONDS

 == MOPAC DONE ==


          MOPAC Job: "co_cis_trip.mop" ended normally on Jun 29, 2020, at 13:01.

