 *******************************************************************************
 ** Site#:    0         For non-commercial use only    Version 20.173L 64BITS **
 *******************************************************************************
 ** Cite this program as: MOPAC2016, Version: 20.173L, James J. P. Stewart,   **
 ** Stewart Computational Chemistry, web-site: HTTP://OpenMOPAC.net.          **
 *******************************************************************************
 **                                                                           **
 **                                MOPAC2016                                  **
 **                                                                           **
 *******************************************************************************

                              INDO CALCULATION RESULTS

 *******************************************************************************
 *  CALCULATION DONE:                                Tue Jul  7 09:56:42 2020  *
 *  INDO       - The INDO Hamiltonian to be used
 *  CISD       - C.I. USES 1 AND 2 ELECTRON EXCITATIONS
 * C.I.D.=(N,M)- 1 DOUBLY FILLED LEVELS USED IN A CI DOUBLES INVOLVING 3 M.O.'S
 *  C.I.=(N,M) - 3 DOUBLY FILLED LEVELS USED IN A C.I. INVOLVING 6 M.O.'S
 *  EPS= 20.00 - USE ANDREAS KLAMT'S COSMO IMPLICIT SOLVATION MODEL
 *  n**2 =  2.500 for COSMO-CI
 *  T=         - A TIME OF 172800.0 SECONDS REQUESTED
 *  DUMP=N     - RESTART FILE WRITTEN EVERY 7200.0 SECONDS REQUESTED
 *******************************************************************************
INDO CISD C.I.=(6,3) C.I.D.=(3,1) EPS=20.0 N**2=2.5
 Carbon Monoxide
 INDO
   ATOM   CHEMICAL          X               Y               Z
  NUMBER   SYMBOL      (ANGSTROMS)     (ANGSTROMS)     (ANGSTROMS)
 
     1       C          0.00000000      0.00000000      0.00000000   
     2       O          1.17300000      0.00000000      0.00000000   
 


          CARTESIAN COORDINATES 

    NO.       ATOM           X           Y           Z

     1         C          0.0000      0.0000      0.0000
     2         O          1.1730      0.0000      0.0000

           Empirical Formula: C O  =     2 atoms



      MOLECULAR POINT GROUP   :   C*v 


      RHF CALCULATION, NO. OF DOUBLY OCCUPIED LEVELS = 5

 WARNING: INDO only performs single-point calculations

 Summary of symmetry occupancy in each shell:

 SHELL     
    1    5
    v    3
 TOTAL   8




    ROOT NO.    1           2           3           4           5           6

           -43.14537   -19.34705   -14.87338   -14.87242   -14.51055     0.10948
  
  
  S  C   1   0.44066    -0.58012    -0.00000    -0.00000     0.61052     0.00000
 PX  C   1   0.36235     0.01057     0.00000     0.00000    -0.61007     0.00000
 PY  C   1  -0.00000    -0.00000     0.00000     0.47912     0.00000     0.00000
 PZ  C   1  -0.00000    -0.00000     0.47911    -0.00000     0.00000     0.87776
  
  S  O   2   0.77936     0.52897    -0.00000    -0.00000     0.10282    -0.00000
 PX  O   2  -0.25907     0.61931     0.00000     0.00000     0.49448    -0.00000
 PY  O   2   0.00000    -0.00000    -0.00000     0.87775    -0.00000     0.00000
 PZ  O   2   0.00000    -0.00000     0.87776     0.00000    -0.00000    -0.47911




    ROOT NO.    7           8

             0.11027    10.45159
  
  
  S  C   1   0.00000     0.31071
 PX  C   1   0.00000     0.70456
 PY  C   1   0.87775    -0.00000
 PZ  C   1  -0.00000    -0.00000
  
  S  O   2  -0.00000    -0.31972
 PX  O   2  -0.00000     0.55212
 PY  O   2  -0.47912    -0.00000
 PZ  O   2  -0.00000    -0.00000


 Reference determinate nber   1 is ALPHA 1 -   5
 SINGLE excitations FROM orbs   3 to   5 INTO orbs   6 to   8
 DOUBLE excitations FROM orbs   5 to   5 INTO orbs   6 to   7
 

 CI excitations=   31:        = 31
 The lowest   31 spin-adapted configurations of multiplicity=  1
     sym   eV   cm**-1 -dets- dipole oscilator X FRAG ....Excitations named from first reference determinate
                       tot  #  Debye  strength
 
   1      0.006      0.  1  1  0.6699 0.000000 0  0 (        )->(           )
   2      6.929  55839.  2  1  2.0437 0.067097 1  1 (   5    )->(   6       )
   3      6.930  55846.  2  1  2.0438 0.067103 1  1 (   5    )->(   7       )
   4      7.080  57057.  2  1  2.3775 0.000000 1  1 (   4    )->(   6       )
   5      7.082  57071.  2  1  2.3775 0.000000 1  1 (   3    )->(   7       )
   6     10.596  85415.  2  1  2.3774 0.450931 1  1 (   4    )->(   7       )
   7     10.596  85415.  2  1  2.3775 0.450917 1  1 (   3    )->(   6       )
   8     13.411 108119.  6  1  1.0035 0.000000 2  1 (   4   5)->(   6   7   )
   9     13.412 108127.  6  1  1.0036 0.000000 2  1 (   3   5)->(   6   7   )
  10     13.990 112791.  2  1  3.4177 0.000000 2  1 (   5   5)->(   6   7   )
  11     14.118 113823.  2  1  1.0036 0.000000 2  1 (   4   5)->(   6   6   )
  12     14.120 113842.  2  1  1.0035 0.000000 2  1 (   3   5)->(   7   7   )
  13     14.354 115728.  1  1  3.4176 0.000000 2  0 (   5   5)->(   6   6   )
  14     14.356 115741.  1  1  3.4177 0.000000 2  0 (   5   5)->(   7   7   )
  15     15.150 122145.  2  1  1.0037 0.000000 2  1 (   3   5)->(   6   6   )
  16     15.150 122149.  2  1  1.0035 0.000000 2  1 (   4   5)->(   7   7   )
  17     17.495 141058.  2  1  0.9583 0.001799 1  1 (   4    )->(   8       )
  18     17.496 141065.  2  1  0.9583 0.001800 1  1 (   3    )->(   8       )
  19     17.763 143222.  6  2  1.0035 0.000000 2  1 (   4   5)->(   6   7   )
  20     17.764 143229.  6  2  1.0036 0.000000 2  1 (   3   5)->(   6   7   )
  21     18.405 148397.  2  1  3.4629 0.418963 1  1 (   5    )->(   8       )
  22     24.245 195501.  6  1  0.4157 0.000000 2  1 (   4   5)->(   7   8   )
  23     24.245 195502.  6  1  0.4155 0.000000 2  1 (   3   5)->(   6   8   )
  24     24.353 196372.  6  1  0.4156 0.000000 2  1 (   4   5)->(   6   8   )
  25     24.354 196385.  6  1  0.4156 0.000000 2  1 (   3   5)->(   7   8   )
  26     25.272 203786.  6  2  0.4156 0.000000 2  1 (   4   5)->(   6   8   )
  27     25.274 203800.  6  2  0.4156 0.000000 2  1 (   3   5)->(   7   8   )
  28     26.044 210010.  2  1  4.8368 0.000000 2  1 (   5   5)->(   6   8   )
  29     26.045 210017.  2  1  4.8369 0.000000 2  1 (   5   5)->(   7   8   )
  30     28.412 229114.  6  2  0.4157 0.000000 2  1 (   4   5)->(   7   8   )
  31     28.412 229114.  6  2  0.4155 0.000000 2  1 (   3   5)->(   6   8   )
 
 COSMO corrections to state energies
 State    Diag E (eV)   Uncorr E (eV)   Final E (eV)
     1       -0.34203       -0.34106       -0.34107
     2        6.49860        6.65851        6.51931
     3        6.86311        6.87822        6.86368
     4        6.86374        6.87901        6.86431
     5        6.94866        7.10793        6.96984
     6        6.96700        7.10793        6.96987
     7       12.15942       12.27694       12.19514
     8       13.15746       13.34273       13.16938
     9       13.15749       13.34319       13.16942
    10       13.32061       13.51173       13.33831
    11       13.32062       13.51177       13.33831
    12       13.96629       14.02496       13.99497
    13       13.99428       14.02496       13.99496
    14       14.24584       14.45561       14.27086
    15       14.24586       14.45430       14.27088
    16       14.74206       14.79926       14.77134
    17       17.43158       17.49887       17.43224
    18       17.43196       17.49983       17.43263
    19       18.55864       18.73087       18.57114
    20       18.55871       18.73011       18.57121
    21       19.65300       19.69036       19.69026
    22       24.06956       24.14259       24.07477
    23       24.22043       24.31350       24.24104
    24       24.23899       24.31351       24.24104
    25       24.33161       24.42498       24.35227
    26       25.28848       25.38169       25.30912
    27       25.39982       25.49332       25.42050
    28       25.41838       25.49332       25.42050
    29       26.46890       26.49433       26.48026
    30       26.46968       26.49514       26.48104
    31       32.04468       32.11889       32.04770

 Depression of ground-state after CI=      -2751. cm**-1 Energy=   190.4900811 eV
 Dipole moment= -0.624000  0.000000  0.000000 tot=  0.624000 Debyes


  CI trans.  energy frequency wavelength oscillator ---------polarization---------    dipole   ------components----- 
 st.  symm.    eV      cm-1       nm      strength       x          y         z       moment     x       y       z 

   2      6.8603764    55333.    180.72  0.000000                                   1.865786   1.866  -0.000  -0.000
   3      7.2047467    58110.    172.09  0.061592  -0.000000  -0.000006  -1.000000  2.025809  -2.026   0.000   0.000
   4      7.2053781    58115.    172.07  0.061597  -0.000000  -1.000000   0.000006  2.025806  -2.026   0.000   0.000
   5      7.3109061    58967.    169.59  0.000000                                   1.839183   1.839  -0.000  -0.000
   6      7.3109322    58967.    169.59  0.000000                                   1.838834   1.839   0.000   0.000
   7     12.5362040   101112.     98.90  0.497412  -1.000000   0.000000   0.000000  1.134053   1.134  -0.000  -0.000
   8     13.5104468   108969.     91.77  0.000255   0.000000  -0.000015   1.000000  0.948878   0.949  -0.000  -0.000
   9     13.5104826   108970.     91.77  0.000255   0.000000   1.000000   0.000015  0.948859   0.949  -0.000  -0.000
  10     13.6793728   110332.     90.64  0.000000   0.000000   1.000000   0.000048  1.003362   1.003  -0.000  -0.000
  11     13.6793731   110332.     90.64  0.000000  -0.000000   0.000049  -1.000000  1.003353   1.003  -0.000  -0.000
  12     14.3360267   115628.     86.48  0.000000                                   3.390459  -3.390   0.000   0.000
  13     14.3360338   115628.     86.48  0.000000                                   3.390112  -3.390   0.000   0.000
  14     14.6119292   117853.     84.85  0.000566  -0.000000   0.000017  -1.000000  1.001089   1.001  -0.000  -0.000
  15     14.6119440   117854.     84.85  0.000566   0.000000   1.000000   0.000017  1.001080   1.001  -0.000  -0.000
  16     15.1124052   121890.     82.04  0.002933  -1.000000   0.000000   0.000000  3.369316  -3.369   0.000   0.000
  17     17.7733082   143352.     69.76  0.002803  -0.000000  -1.000000   0.000001  0.948931   0.949  -0.000   0.000
  18     17.7736973   143355.     69.76  0.002803   0.000000   0.000001   1.000000  0.949002   0.949   0.000  -0.000
  19     18.9122069   152538.     65.56  0.001150   0.000000   1.000000  -0.000039  0.915472   0.915  -0.000  -0.000
  20     18.9122755   152538.     65.56  0.001150  -0.000000  -0.000039  -1.000000  0.915455   0.915  -0.000  -0.000
  21     20.0313300   161564.     61.89  1.049384  -1.000000   0.000000   0.000000  2.184146  -2.184   0.000   0.000
  22     24.4158323   196927.     50.78  0.022295   1.000000  -0.000000  -0.000000  0.564810  -0.565   0.000   0.000
  23     24.5821104   198269.     50.44  0.000000                                   0.321182  -0.321  -0.000  -0.000
  24     24.5821114   198269.     50.44  0.000000                                   0.321183  -0.321  -0.000  -0.000
  25     24.6933396   199166.     50.21  0.000000                                   0.099293  -0.099  -0.000  -0.000
  26     25.6501859   206883.     48.34  0.000000                                   0.220185  -0.220  -0.000  -0.000
  27     25.7615708   207782.     48.13  0.000000                                   0.001114   0.001  -0.000  -0.000
  28     25.7615710   207782.     48.13  0.000000                                   0.001111   0.001  -0.000  -0.000
  29     26.8213227   216329.     46.23  0.000373  -0.000000  -0.000005  -1.000000  4.699815  -4.700   0.000   0.000
  30     26.8221076   216335.     46.22  0.000373  -0.000000  -1.000000   0.000005  4.699967  -4.700   0.000   0.000
  31     32.3887703   261234.     38.28  0.009104  -1.000000   0.000000   0.000000  0.395942  -0.396   0.000   0.000
 
 Polarizability (au  ) xx=   12.97 xy=   -0.00 yy=    2.67 xz=   -0.00 yz=    0.00 zz=    2.67
 Polarizability (A**3) xx=    1.92 xy=   -0.00 yy=    0.40 xz=   -0.00 yz=    0.00 zz=    0.40
 
 
 Major CI contributions to CI states
 
State    1  0.0000     CI coeff  CI percent
    Config       1  -0.99277805  0.98560825
    Config      13   0.05719157  0.00327088
    Config      14   0.05718697  0.00327035
    Config      30   0.06180576  0.00381995
    Config      31   0.06180448  0.00381979
 Total coeff printed             0.99978922
  
State    2  6.8604     CI coeff  CI percent
    Config       4   0.70379071  0.49532137
    Config       5  -0.70343427  0.49481977
    Config      24  -0.04714421  0.00222258
    Config      25   0.04711862  0.00222016
    Config      26   0.05205244  0.00270946
    Config      27  -0.05202561  0.00270666
 Total coeff printed             1.00000000
  
State    3  7.2047     CI coeff  CI percent
    Config       2   0.99741162  0.99482994
    Config       8  -0.04439173  0.00197063
 Total coeff printed             0.99680056
  
State    4  7.2054     CI coeff  CI percent
    Config       3   0.99741122  0.99482915
    Config       9  -0.04439664  0.00197106
 Total coeff printed             0.99680021
  
State    5  7.3109     CI coeff  CI percent
    Config       4  -0.70170497  0.49238987
    Config       5  -0.70206255  0.49289182
    Config      10  -0.06983139  0.00487642
    Config      24   0.04704524  0.00221325
    Config      25   0.04706745  0.00221534
    Config      26  -0.05201244  0.00270529
    Config      27  -0.05203842  0.00270800
 Total coeff printed             1.00000000
  
State    6  7.3109     CI coeff  CI percent
    Config       6  -0.70185178  0.49259592
    Config       7   0.70186973  0.49262111
    Config      13  -0.04970986  0.00247107
    Config      14   0.04970348  0.00247044
    Config      30  -0.06981852  0.00487463
    Config      31   0.06982268  0.00487521
 Total coeff printed             0.99990838
  
State    7 12.5362     CI coeff  CI percent
    Config       6  -0.63319190  0.40093199
    Config       7  -0.63317121  0.40090578
    Config      13   0.08726207  0.00761467
    Config      14   0.08722437  0.00760809
    Config      21  -0.41414246  0.17151398
    Config      30  -0.07094435  0.00503310
    Config      31  -0.07094607  0.00503335
 Total coeff printed             0.99864095
  
State    8 13.5104     CI coeff  CI percent
    Config       2  -0.05672728  0.00321798
    Config       8  -0.72768699  0.52952835
    Config      12   0.35465149  0.12577768
    Config      15  -0.50964724  0.25974031
    Config      19   0.28501142  0.08123151
 Total coeff printed             0.99949583
  
State    9 13.5105     CI coeff  CI percent
    Config       3  -0.05673542  0.00321891
    Config       9  -0.72744933  0.52918253
    Config      11   0.35476698  0.12585961
    Config      16  -0.50983820  0.25993500
    Config      20  -0.28513106  0.08129972
 Total coeff printed             0.99949576
  
State   10 13.6794     CI coeff  CI percent
    Config       9  -0.67760639  0.45915042
    Config      11  -0.49322173  0.24326767
    Config      16   0.46087277  0.21240371
    Config      20   0.29182619  0.08516252
 Total coeff printed             0.99998433
  
State   11 13.6794     CI coeff  CI percent
    Config       8   0.67734979  0.45880274
    Config      12   0.49341277  0.24345616
    Config      15  -0.46099967  0.21252070
    Config      19   0.29189870  0.08520485
 Total coeff printed             0.99998445
  
State   12 14.3360     CI coeff  CI percent
    Config       4  -0.04939357  0.00243972
    Config       5  -0.04939413  0.00243978
    Config      10   0.99755191  0.99510982
 Total coeff printed             0.99998932
  
State   13 14.3360     CI coeff  CI percent
    Config       6   0.04967092  0.00246720
    Config       7  -0.04976817  0.00247687
    Config      13  -0.70577240  0.49811468
    Config      14   0.70493273  0.49693015
 Total coeff printed             0.99998891
  
State   14 14.6119     CI coeff  CI percent
    Config       8   0.09566882  0.00915252
    Config      12  -0.79163114  0.62667986
    Config      15  -0.52816091  0.27895395
    Config      18  -0.07302191  0.00533220
    Config      19   0.28240937  0.07975505
 Total coeff printed             0.99987358
  
State   15 14.6119     CI coeff  CI percent
    Config       9  -0.09565718  0.00915030
    Config      11   0.79169771  0.62678526
    Config      16   0.52808645  0.27887530
    Config      17   0.07303105  0.00533353
    Config      20   0.28236362  0.07972922
 Total coeff printed             0.99987360
  
State   16 15.1124     CI coeff  CI percent
    Config       1   0.08162656  0.00666289
    Config       6   0.04654826  0.00216674
    Config       7   0.04649282  0.00216158
    Config      13   0.69485033  0.48281698
    Config      14   0.69570629  0.48400724
    Config      21   0.14845202  0.02203800
 Total coeff printed             0.99985344
  
State   17 17.7733     CI coeff  CI percent
    Config      11   0.05726040  0.00327875
    Config      17  -0.99651709  0.99304631
 Total coeff printed             0.99632507
  
State   18 17.7737     CI coeff  CI percent
    Config      12  -0.05725145  0.00327773
    Config      18   0.99651763  0.99304738
 Total coeff printed             0.99632511
  
State   19 18.9122     CI coeff  CI percent
    Config      16   0.48072058  0.23109227
    Config      20  -0.84689360  0.71722877
    Config      29  -0.22321939  0.04982689
 Total coeff printed             0.99814794
  
State   20 18.9123     CI coeff  CI percent
    Config      15  -0.48071686  0.23108870
    Config      19  -0.84688841  0.71721998
    Config      28   0.22324616  0.04983885
 Total coeff printed             0.99814752
  
State   21 20.0313     CI coeff  CI percent
    Config       6  -0.30345704  0.09208618
    Config       7  -0.30344950  0.09208160
    Config      13  -0.07496585  0.00561988
    Config      14  -0.07497918  0.00562188
    Config      21   0.88345801  0.78049806
    Config      22  -0.10969128  0.01203218
    Config      23  -0.10968743  0.01203133
 Total coeff printed             0.99997110
  
State   22 24.4158     CI coeff  CI percent
    Config      21  -0.15265753  0.02330432
    Config      22  -0.69697500  0.48577415
    Config      23  -0.69685117  0.48560155
    Config      30  -0.04270370  0.00182361
    Config      31  -0.04272587  0.00182550
 Total coeff printed             0.99832913
  
State   23 24.5821     CI coeff  CI percent
    Config      24   0.67668062  0.45789666
    Config      25   0.67333726  0.45338307
    Config      26   0.20832824  0.04340065
    Config      27   0.20868889  0.04355105
 Total coeff printed             0.99823143
  
State   24 24.5821     CI coeff  CI percent
    Config      22  -0.66620005  0.44382251
    Config      23   0.66632322  0.44398663
    Config      30   0.23497430  0.05521292
    Config      31  -0.23496681  0.05520940
 Total coeff printed             0.99823146
  
State   25 24.6933     CI coeff  CI percent
    Config       4  -0.05485529  0.00300910
    Config       5   0.05497947  0.00302274
    Config      24  -0.69440393  0.48219681
    Config      25   0.69756859  0.48660194
    Config      26   0.11275885  0.01271456
    Config      27  -0.11160128  0.01245484
 Total coeff printed             1.00000000
  
State   26 25.6502     CI coeff  CI percent
    Config       4  -0.04389982  0.00192719
    Config       5   0.04358694  0.00189982
    Config      24   0.11508998  0.01324570
    Config      25  -0.11624463  0.01351282
    Config      26   0.69779988  0.48692468
    Config      27  -0.69461485  0.48248979
 Total coeff printed             1.00000000
  
State   27 25.7616     CI coeff  CI percent
    Config       6  -0.06353269  0.00403640
    Config       7   0.06353938  0.00403725
    Config      22   0.23673854  0.05604514
    Config      23  -0.23675746  0.05605409
    Config      30   0.66324917  0.43989947
    Config      31  -0.66326262  0.43991730
 Total coeff printed             0.99998965
  
State   28 25.7616     CI coeff  CI percent
    Config       4  -0.06342423  0.00402263
    Config       5  -0.06364697  0.00405094
    Config      24  -0.20548247  0.04222304
    Config      25  -0.20509687  0.04206473
    Config      26   0.67196872  0.45154196
    Config      27   0.67534159  0.45608626
 Total coeff printed             0.99998957
  
State   29 26.8213     CI coeff  CI percent
    Config      15  -0.12758680  0.01627839
    Config      19  -0.18512026  0.03426951
    Config      28  -0.97300961  0.94674770
 Total coeff printed             0.99729560
  
State   30 26.8221     CI coeff  CI percent
    Config      16  -0.12757447  0.01627524
    Config      20   0.18509608  0.03426056
    Config      29  -0.97301590  0.94675995
 Total coeff printed             0.99729575
  
State   31 32.3888     CI coeff  CI percent
    Config       1   0.08699319  0.00756782
    Config       6  -0.06311149  0.00398306
    Config       7  -0.06311282  0.00398323
    Config      21  -0.05088835  0.00258962
    Config      30   0.69951589  0.48932248
    Config      31   0.69950382  0.48930560
 Total coeff printed             0.99675181
  

 -------------------------------------------------------------------------------
 INDO CISD C.I.=(6,3) C.I.D.=(3,1) EPS=20.0 N**2=2.5
 Carbon Monoxide
 INDO


     NO PARAMETERS MARKED FOR OPTIMIZATION, SO 1SCF WAS USED  
     SCF FIELD WAS ACHIEVED                                   


                              INDO CALCULATION
                                                       MOPAC2016 (Version: 20.173L)
                                                       Tue Jul  7 09:56:42 2020




          FINAL HEAT OF FORMATION =     -10433.10929 KCAL/MOL =  -43652.12929 KJ/MOL
          VAN DER WAALS AREA      =         57.92 SQUARE ANGSTROMS


          TOTAL ENERGY            =       -462.41603 EV
          ELECTRONIC ENERGY       =       -295.54808 EV  POINT GROUP:     C*v 
          CORE-CORE REPULSION     =       -166.86795 EV

          DIELECTRIC ENERGY       =         -0.07377 EV
          COSMO AREA              =         57.92 SQUARE ANGSTROMS
          COSMO VOLUME            =         40.40 CUBIC ANGSTROMS

          IONIZATION POTENTIAL    =         14.510555 EV
          HOMO LUMO ENERGIES (EV) =        -14.511  0.109
          NO. OF FILLED LEVELS    =          5
          MOLECULAR WEIGHT        =         28.0104

          MOLECULAR DIMENSIONS (Angstroms)

            Atom       Atom       Distance
            O     2    C     1     1.17300
            O     2    C     1     0.00000
            C     1    O     2     0.00000


          SCF CALCULATIONS        =          2
 
          WALL-CLOCK TIME         =          0.148 SECONDS
          COMPUTATION TIME        =          0.024 SECONDS




   ATOM   CHEMICAL          X               Y               Z
  NUMBER   SYMBOL      (ANGSTROMS)     (ANGSTROMS)     (ANGSTROMS)
 
     1       C          0.00000000      0.00000000      0.00000000   
     2       O          1.17300000      0.00000000      0.00000000   

                             CARTESIAN COORDINATES

   1    C        0.000000000     0.000000000     0.000000000
   2    O        1.173000000     0.000000000     0.000000000


           Empirical Formula: C O  =     2 atoms



      MOLECULAR POINT GROUP   :   C*v 


                  EIGENVALUES  
 -43.14537 -19.34705 -14.87338 -14.87242 -14.51055   0.10948   0.11027  10.45159


              NET ATOMIC CHARGES AND DIPOLE CONTRIBUTIONS

  ATOM NO.   TYPE          CHARGE      No. of ELECS.   s-Pop       p-Pop       
    1          C           0.266566        3.7334     1.80694     1.92649
    2          O          -0.266566        6.2666     1.79552     4.47105
 DIPOLE           X         Y         Z       TOTAL
 POINT-CHG.    -1.502     0.000     0.000     1.502
 HYBRID         0.837    -0.000    -0.000     0.837
 SUM           -0.664    -0.000    -0.000     0.664


          ATOMIC ORBITAL ELECTRON POPULATIONS

     Atom    s        px        py        pz   
    1  C   1.80694   1.00749   0.45951   0.45949
    2  O   1.79552   1.39005   1.54049   1.54051

 **********************
 *                    *
 * JOB ENDED NORMALLY *
 *                    *
 **********************



 TOTAL JOB TIME:             0.29 SECONDS

 == MOPAC DONE ==
