 *******************************************************************************
 ** Site#:    0         For non-commercial use only    Version 20.173L 64BITS **
 *******************************************************************************
 ** Cite this program as: MOPAC2016, Version: 20.173L, James J. P. Stewart,   **
 ** Stewart Computational Chemistry, web-site: HTTP://OpenMOPAC.net.          **
 *******************************************************************************
 **                                                                           **
 **                                MOPAC2016                                  **
 **                                                                           **
 *******************************************************************************

                              INDO CALCULATION RESULTS

 *******************************************************************************
 *  CALCULATION DONE:                                Mon Jun 29 13:01:46 2020  *
 *  INDO       - The INDO Hamiltonian to be used
 *  CIS        - C.I. USES 1 ELECTRON EXCITATIONS ONLY
 *  FIELD      - AN EXTERNAL ELECTRIC FIELD IS TO BE USED
 *  T=         - A TIME OF 172800.0 SECONDS REQUESTED
 *  DUMP=N     - RESTART FILE WRITTEN EVERY 7200.0 SECONDS REQUESTED
 *******************************************************************************
INDO CIS FIELD=(0.1,0.0,0.0)
 Carbon Monoxide
 INDO
   ATOM   CHEMICAL          X               Y               Z
  NUMBER   SYMBOL      (ANGSTROMS)     (ANGSTROMS)     (ANGSTROMS)
 
     1       C          0.00000000      0.00000000      0.00000000   
     2       O          1.17300000      0.00000000      0.00000000   
 


          CARTESIAN COORDINATES 

    NO.       ATOM           X           Y           Z

     1         C          0.0000      0.0000      0.0000
     2         O          1.1730      0.0000      0.0000

           Empirical Formula: C O  =     2 atoms



      MOLECULAR POINT GROUP   :   C*v 


      RHF CALCULATION, NO. OF DOUBLY OCCUPIED LEVELS = 5

 WARNING: INDO only performs single-point calculations

          THE ELECTRIC FIELD IS   0.10000   0.00000   0.00000VOLTS/ANGSTROM


 Summary of symmetry occupancy in each shell:

 SHELL     
    1    5
    v    3
 TOTAL   8




    ROOT NO.    1           2           3           4           5           6

           -43.11720   -19.33469   -14.84232   -14.84232   -14.53779     0.05468
  
  
  S  C   1   0.44224    -0.58517    -0.00000     0.00000    -0.60480     0.00000
 PX  C   1   0.36265     0.01643     0.00000     0.00000     0.61036    -0.00000
 PY  C   1   0.00000     0.00000     0.48615    -0.00000    -0.00000     0.87388
 PZ  C   1  -0.00000     0.00000     0.00000     0.48615    -0.00000     0.00000
  
  S  O   2   0.77819     0.52959    -0.00000    -0.00000    -0.10750     0.00000
 PX  O   2  -0.25949     0.61387    -0.00000    -0.00000    -0.50012     0.00000
 PY  O   2  -0.00000     0.00000     0.87388     0.00000    -0.00000    -0.48615
 PZ  O   2   0.00000     0.00000     0.00000     0.87388     0.00000     0.00000




    ROOT NO.    7           8

             0.05468    10.45081
  
  
  S  C   1   0.00000     0.31019
 PX  C   1   0.00000     0.70404
 PY  C   1  -0.00000    -0.00000
 PZ  C   1   0.87388     0.00000
  
  S  O   2  -0.00000    -0.32000
 PX  O   2  -0.00000     0.55291
 PY  O   2   0.00000    -0.00000
 PZ  O   2  -0.48615     0.00000


 Reference determinate nber   1 is ALPHA 1 -   5
 SINGLE excitations FROM orbs   1 to   5 INTO orbs   6 to   8
 

 CI excitations=   16:        = 16
 The lowest   16 spin-adapted configurations of multiplicity=  1
     sym   eV   cm**-1 -dets- dipole oscilator X FRAG ....Excitations named from first reference determinate
                       tot  #  Debye  strength
 
   1      0.000      0.  1  1  0.5125 0.000000 0  0 (    )->(       )
   2      6.890  55571.  1  1  1.8631 0.064263 1  1 (   5)->(   6   )
   3      6.890  55571.  1  1  1.8631 0.064263 1  1 (   5)->(   7   )
   4      6.968  56202.  1  1  2.4584 0.000000 1  1 (   4)->(   6   )
   5      6.968  56202.  1  1  2.4584 0.000000 1  1 (   3)->(   7   )
   6     10.555  85134.  1  1  2.4584 0.458652 1  1 (   3)->(   6   )
   7     10.555  85134.  1  1  2.4584 0.458652 1  1 (   4)->(   7   )
   8     12.519 100975.  1  1  2.8643 0.233947 1  1 (   2)->(   6   )
   9     12.519 100975.  1  1  2.8643 0.233947 1  1 (   2)->(   7   )
  10     17.457 140798.  1  1  1.0752 0.001617 1  1 (   4)->(   8   )
  11     17.457 140798.  1  1  1.0752 0.001617 1  1 (   3)->(   8   )
  12     18.439 148719.  1  1  3.2462 0.421354 1  1 (   5)->(   8   )
  13     23.052 185929.  1  1  1.4811 0.006601 1  1 (   2)->(   8   )
  14     36.404 293621.  1  1  2.0200 0.019015 1  1 (   1)->(   6   )
  15     36.404 293621.  1  1  2.0200 0.019015 1  1 (   1)->(   7   )
  16     49.751 401270.  1  1  0.6368 0.068713 1  1 (   1)->(   8   )

 Depression of ground-state after CI=          0. cm**-1 Energy=  -622.1950103 eV
 Dipole moment= -0.512483  0.000000  0.000000 tot=  0.512483 Debyes


  CI trans.  energy frequency wavelength oscillator ---------polarization---------    dipole   ------components----- 
 st.  symm.    eV      cm-1       nm      strength       x          y         z       moment     x       y       z 

   2      6.7209294    54208.    184.47  0.000000                                   2.458389   2.458   0.000  -0.000
   3      6.8579139    55313.    180.79  0.054009  -0.000000  -1.000000  -0.000001  1.505102  -1.505  -0.000   0.000
   4      6.8579139    55313.    180.79  0.054009   0.000000  -0.000001   1.000000  1.505102  -1.505  -0.000  -0.000
   5      7.2152787    58195.    171.84  0.000000                                   2.458389   2.458  -0.000   0.000
   6      7.2152787    58195.    171.84  0.000000                                   2.458389   2.458   0.000  -0.000
   7     12.0868119    97487.    102.58  0.516628  -1.000000  -0.000000   0.000000  1.922794   1.923  -0.000   0.000
   8     12.5318668   101077.     98.93  0.252122  -0.000000   1.000000   0.000001  2.463798   2.464   0.000  -0.000
   9     12.5318668   101077.     98.93  0.252122  -0.000000   0.000001  -1.000000  2.463798   2.464   0.000  -0.000
  10     17.4338256   140614.     71.12  0.001622  -0.000000   0.000007  -1.000000  1.076755   1.077   0.000  -0.000
  11     17.4338256   140614.     71.12  0.001622   0.000000  -1.000000  -0.000007  1.076755   1.077   0.000  -0.000
  12     19.1520258   154472.     64.74  0.965680  -1.000000   0.000000   0.000000  3.992701  -3.993   0.000   0.000
  13     23.5214208   189714.     52.71  0.275632  -1.000000   0.000000   0.000000  2.913372   2.913   0.000   0.000
  14     36.4463748   293961.     34.02  0.019758   0.000000  -1.000000  -0.000091  2.060949   2.061   0.000   0.000
  15     36.4463748   293961.     34.02  0.019758   0.000000  -0.000091   1.000000  2.060949   2.061   0.000  -0.000
  16     50.3768392   406318.     24.61  0.329515  -1.000000  -0.000000  -0.000000  0.486649   0.487   0.000   0.000
 
 Polarizability (au  ) xx=   15.10 xy=   -0.00 yy=    6.16 xz=   -0.00 yz=    0.00 zz=    6.16
 Polarizability (A**3) xx=    2.24 xy=   -0.00 yy=    0.91 xz=   -0.00 yz=    0.00 zz=    0.91
 
 
 Major CI contributions to CI states
 
State    1  0.0000     CI coeff  CI percent
    Config       1   1.00000000  1.00000000
Total percent printed            1.00000000
  
State    2  6.7209     CI coeff  CI percent
    Config       4  -0.70710678  0.50000000
    Config       5   0.70710678  0.50000000
Total percent printed            1.00000000
  
State    3  6.8579     CI coeff  CI percent
    Config       2   0.99834071  0.99668416
    Config       8  -0.05232396  0.00273780
Total percent printed            0.99942196
  
State    4  6.8579     CI coeff  CI percent
    Config       3  -0.99834071  0.99668416
    Config       9   0.05232396  0.00273780
Total percent printed            0.99942196
  
State    5  7.2153     CI coeff  CI percent
    Config       4  -0.70710678  0.50000000
    Config       5  -0.70710678  0.50000000
Total percent printed            1.00000000
  
State    6  7.2153     CI coeff  CI percent
    Config       6   0.70710678  0.50000000
    Config       7  -0.70710678  0.50000000
Total percent printed            1.00000000
  
State    7 12.0868     CI coeff  CI percent
    Config       6   0.64527595  0.41638105
    Config       7   0.64527595  0.41638105
    Config      12  -0.37798423  0.14287208
    Config      13   0.13625042  0.01856418
    Config      16  -0.07616858  0.00580165
Total percent printed            1.00000000
  
State    8 12.5319     CI coeff  CI percent
    Config       2  -0.05255763  0.00276230
    Config       8  -0.99856297  0.99712801
Total percent printed            0.99989032
  
State    9 12.5319     CI coeff  CI percent
    Config       3   0.05255763  0.00276230
    Config       9   0.99856297  0.99712801
Total percent printed            0.99989032
  
State   10 17.4338     CI coeff  CI percent
    Config      10   0.99938431  0.99876900
Total percent printed            0.99876900
  
State   11 17.4338     CI coeff  CI percent
    Config      11   0.99938431  0.99876900
Total percent printed            0.99876900
  
State   12 19.1520     CI coeff  CI percent
    Config       6   0.23009513  0.05294377
    Config       7   0.23009513  0.05294377
    Config      12   0.90092752  0.81167039
    Config      13   0.27636319  0.07637661
    Config      16  -0.07788107  0.00606546
Total percent printed            1.00000000
  
State   13 23.5214     CI coeff  CI percent
    Config       6   0.15490786  0.02399645
    Config       7   0.15490786  0.02399645
    Config      12   0.20451876  0.04182792
    Config      13  -0.94984128  0.90219847
    Config      16  -0.08933487  0.00798072
Total percent printed            1.00000000
  
State   14 36.4464     CI coeff  CI percent
    Config      14  -0.99906214  0.99812516
Total percent printed            0.99812516
  
State   15 36.4464     CI coeff  CI percent
    Config      15   0.99906214  0.99812516
Total percent printed            0.99812516
  
State   16 50.3768     CI coeff  CI percent
    Config       6   0.08172356  0.00667874
    Config       7   0.08172356  0.00667874
    Config      12   0.06024620  0.00362961
    Config      13  -0.05348593  0.00286074
    Config      16   0.99002635  0.98015217
Total percent printed            1.00000000
  

 -------------------------------------------------------------------------------
 INDO CIS FIELD=(0.1,0.0,0.0)
 Carbon Monoxide
 INDO


     NO PARAMETERS MARKED FOR OPTIMIZATION, SO 1SCF WAS USED  
     SCF FIELD WAS ACHIEVED                                   


                              INDO CALCULATION
                                                       MOPAC2016 (Version: 20.173L)
                                                       Mon Jun 29 13:01:46 2020




          FINAL HEAT OF FORMATION =     -10448.28091 KCAL/MOL =  -43715.60733 KJ/MOL


          TOTAL ENERGY            =       -463.07394 EV
          ELECTRONIC ENERGY       =       -622.18636 EV  POINT GROUP:     C*v 
          CORE-CORE REPULSION     =        159.11243 EV
          COSMO AREA              =         57.92 SQUARE ANGSTROMS
          COSMO VOLUME            =         40.40 CUBIC ANGSTROMS

          IONIZATION POTENTIAL    =         14.537792 EV
          HOMO LUMO ENERGIES (EV) =        -14.538  0.055
          NO. OF FILLED LEVELS    =          5
          MOLECULAR WEIGHT        =         28.0104

          MOLECULAR DIMENSIONS (Angstroms)

            Atom       Atom       Distance
            O     2    C     1     1.17300
            O     2    C     1     0.00000
            C     1    O     2     0.00000


          SCF CALCULATIONS        =          1
 
          WALL-CLOCK TIME         =          0.082 SECONDS
          COMPUTATION TIME        =          0.013 SECONDS




   ATOM   CHEMICAL          X               Y               Z
  NUMBER   SYMBOL      (ANGSTROMS)     (ANGSTROMS)     (ANGSTROMS)
 
     1       C          0.00000000      0.00000000      0.00000000   
     2       O          1.17300000      0.00000000      0.00000000   

                             CARTESIAN COORDINATES

   1    C        0.000000000     0.000000000     0.000000000
   2    O        1.173000000     0.000000000     0.000000000


           Empirical Formula: C O  =     2 atoms



      MOLECULAR POINT GROUP   :   C*v 


                  EIGENVALUES  
 -43.11720 -19.33469 -14.84232 -14.84232 -14.53779   0.05468   0.05468  10.45081


              NET ATOMIC CHARGES AND DIPOLE CONTRIBUTIONS

  ATOM NO.   TYPE          CHARGE      No. of ELECS.   s-Pop       p-Pop       
    1          C           0.238127        3.7619     1.80757     1.95430
    2          O          -0.238127        6.2381     1.79519     4.44294
 DIPOLE           X         Y         Z       TOTAL
 POINT-CHG.    -1.342     0.000     0.000     1.342
 HYBRID         0.831    -0.000     0.000     0.831
 SUM           -0.511    -0.000     0.000     0.511


          ATOMIC ORBITAL ELECTRON POPULATIONS

     Atom    s        px        py        pz   
    1  C   1.80757   1.00872   0.47279   0.47279
    2  O   1.79519   1.38852   1.52721   1.52721

 **********************
 *                    *
 * JOB ENDED NORMALLY *
 *                    *
 **********************



 TOTAL JOB TIME:             0.16 SECONDS

 == MOPAC DONE ==


          MOPAC Job: "co_field.mop" ended normally on Jun 29, 2020, at 13:01.

