 *******************************************************************************
 ** Site#:    0         For non-commercial use only    Version 20.173L 64BITS **
 *******************************************************************************
 ** Cite this program as: MOPAC2016, Version: 20.173L, James J. P. Stewart,   **
 ** Stewart Computational Chemistry, web-site: HTTP://OpenMOPAC.net.          **
 *******************************************************************************
 **                                                                           **
 **                                MOPAC2016                                  **
 **                                                                           **
 *******************************************************************************

                              INDO CALCULATION RESULTS

 *******************************************************************************
 *  CALCULATION DONE:                                Mon Jun 29 13:01:46 2020  *
 *  INDO       - The INDO Hamiltonian to be used
 *  MRCI       -  Use multi-reference CI (specify ref dets using C.A.S.)
 *  MAXCI =   50 maximum CI states computed
 *  WRTCI =   20 maximum CI states printed
 * C.A.S.=(N,M)-  1 DOUBLY FILLED LEVELS USED IN A
 *             CAS REF DET GENERATION INVOLVING  3 M.O.'S
 *  T=         - A TIME OF 172800.0 SECONDS REQUESTED
 *  DUMP=N     - RESTART FILE WRITTEN EVERY 7200.0 SECONDS REQUESTED
 *******************************************************************************
INDO MRCI C.A.S.=(3,1) MAXCI=50 WRTCI=20
 Carbon Monoxide
 INDO
   ATOM   CHEMICAL          X               Y               Z
  NUMBER   SYMBOL      (ANGSTROMS)     (ANGSTROMS)     (ANGSTROMS)
 
     1       C          0.00000000      0.00000000      0.00000000   
     2       O          1.17300000      0.00000000      0.00000000   
 


          CARTESIAN COORDINATES 

    NO.       ATOM           X           Y           Z

     1         C          0.0000      0.0000      0.0000
     2         O          1.1730      0.0000      0.0000

           Empirical Formula: C O  =     2 atoms



      MOLECULAR POINT GROUP   :   C*v 


      RHF CALCULATION, NO. OF DOUBLY OCCUPIED LEVELS = 5

 WARNING: INDO only performs single-point calculations

 Summary of symmetry occupancy in each shell:

 SHELL     
    1    5
    v    3
 TOTAL   8




    ROOT NO.    1           2           3           4           5           6

           -43.05348   -19.27363   -14.77497   -14.77497   -14.49719     0.09377
  
  
  S  C   1   0.44278    -0.58730    -0.00000    -0.00000    -0.60235    -0.00000
 PX  C   1   0.36287     0.01883     0.00000    -0.00000     0.61067     0.00000
 PY  C   1  -0.00000     0.00000     0.48831     0.00000    -0.00000     0.87267
 PZ  C   1  -0.00000     0.00000     0.00000     0.48831    -0.00000     0.00000
  
  S  O   2   0.77773     0.52976    -0.00000     0.00000    -0.10965    -0.00000
 PX  O   2  -0.25963     0.61161    -0.00000    -0.00000    -0.50223    -0.00000
 PY  O   2   0.00000    -0.00000     0.87267     0.00000    -0.00000    -0.48831
 PZ  O   2   0.00000     0.00000     0.00000     0.87267     0.00000     0.00000




    ROOT NO.    7           8

             0.09377    10.49943
  
  
  S  C   1  -0.00000     0.31015
 PX  C   1  -0.00000     0.70360
 PY  C   1   0.00000     0.00000
 PZ  C   1   0.87267     0.00000
  
  S  O   2   0.00000    -0.32011
 PX  O   2  -0.00000     0.55343
 PY  O   2   0.00000    -0.00000
 PZ  O   2  -0.48831     0.00000


 Reference determinate nber   1 is ALPHA 1 -   5
 CAS excitations amongst orbitals:   5   6   7
 SINGLE excitations FROM orbs   1 to   5 INTO orbs   6 to   8
 

 CI excitations=   50:        = 50
 The lowest   50 spin-adapted configurations of multiplicity=  1
     sym   eV   cm**-1 -dets- dipole oscilator X FRAG ....Excitations named from first reference determinate
                       tot  #  Debye  strength
 
   1     -0.000      0.  1  1  0.4607 0.000000 0  0 (            )->(               )
   2      6.886  55538.  2  1  1.7984 0.063238 1  1 (   5        )->(   7           )
   3      6.886  55538.  2  1  1.7984 0.063238 1  1 (   5        )->(   6           )
   4      6.938  55958.  2  1  2.4865 0.000000 1  1 (   4        )->(   6           )
   5      6.938  55958.  2  1  2.4865 0.000000 1  1 (   3        )->(   7           )
   6     10.547  85067.  2  1  2.4865 0.461103 1  1 (   4        )->(   7           )
   7     10.547  85067.  2  1  2.4865 0.461103 1  1 (   3        )->(   6           )
   8     12.502 100837.  2  1  2.8796 0.234997 1  1 (   2        )->(   6           )
   9     12.502 100837.  2  1  2.8796 0.234997 1  1 (   2        )->(   7           )
  10     13.233 106730.  6  1  1.1487 0.000000 2  1 (   4   5    )->(   6   7       )
  11     13.233 106730.  6  1  1.1487 0.000000 2  1 (   3   5    )->(   6   7       )
  12     13.933 112378.  2  1  3.1362 0.000000 2  1 (   5   5    )->(   6   7       )
  13     13.958 112581.  2  1  1.1487 0.000000 2  1 (   3   5    )->(   7   7       )
  14     13.958 112581.  2  1  1.1487 0.000000 2  1 (   4   5    )->(   6   6       )
  15     14.294 115290.  1  1  3.1362 0.000000 2  0 (   5   5    )->(   6   6       )
  16     14.294 115290.  1  1  3.1362 0.000000 2  0 (   5   5    )->(   7   7       )
  17     15.017 121118.  2  1  1.1487 0.000000 2  1 (   4   5    )->(   7   7       )
  18     15.017 121118.  2  1  1.1487 0.000000 2  1 (   3   5    )->(   6   6       )
  19     17.440 140662.  2  1  1.1130 0.001559 1  1 (   4        )->(   8           )
  20     17.440 140662.  2  1  1.1130 0.001559 1  1 (   3        )->(   8           )
  21     17.665 142475.  6  2  1.1487 0.000000 2  1 (   3   5    )->(   6   7       )
  22     17.665 142475.  6  2  1.1487 0.000000 2  1 (   4   5    )->(   6   7       )
  23     18.450 148811.  2  1  3.1719 0.421756 1  1 (   5        )->(   8           )
  24     18.999 153235.  6  1  1.5418 0.000000 2  1 (   2   5    )->(   6   7       )
  25     20.745 167318.  6  2  1.5418 0.000000 2  1 (   2   5    )->(   6   7       )
  26     21.106 170230.  2  1  1.5418 0.000000 2  1 (   2   5    )->(   7   7       )
  27     21.106 170230.  2  1  1.5418 0.000000 2  1 (   2   5    )->(   6   6       )
  28     22.724 183285.  2  1  0.1891 0.000000 3  1 (   4   5   5)->(   6   7   7   )
  29     22.724 183285.  2  1  0.1891 0.000000 3  1 (   3   5   5)->(   6   6   7   )
  30     23.037 185804.  2  1  1.5061 0.006239 1  1 (   2        )->(   8           )
  31     24.161 194868.  6  1  0.2248 0.000000 2  1 (   4   5    )->(   7   8       )
  32     24.161 194868.  6  1  0.2248 0.000000 2  1 (   3   5    )->(   6   8       )
  33     24.322 196171.  6  1  0.2248 0.000000 2  1 (   4   5    )->(   6   8       )
  34     24.322 196171.  6  1  0.2248 0.000000 2  1 (   3   5    )->(   7   8       )
  35     25.188 203152.  6  2  0.2248 0.000000 2  1 (   3   5    )->(   7   8       )
  36     25.188 203152.  6  2  0.2248 0.000000 2  1 (   4   5    )->(   6   8       )
  37     25.275 203858.  2  1  0.1891 0.000000 3  1 (   3   5   5)->(   6   7   7   )
  38     25.275 203858.  2  1  0.1891 0.000000 3  1 (   4   5   5)->(   6   6   7   )
  39     26.046 210075.  2  1  4.5097 0.000000 2  1 (   5   5    )->(   6   8       )
  40     26.046 210075.  2  1  4.5097 0.000000 2  1 (   5   5    )->(   7   8       )
  41     26.891 216889.  2  1  0.2040 0.000000 3  1 (   2   5   5)->(   6   7   7   )
  42     26.891 216889.  2  1  0.2040 0.000000 3  1 (   2   5   5)->(   6   6   7   )
  43     28.461 229553.  6  2  0.2248 0.000000 2  1 (   3   5    )->(   6   8       )
  44     28.461 229553.  6  2  0.2248 0.000000 2  1 (   4   5    )->(   7   8       )
  45     30.199 243568.  6  1  0.1684 0.000000 2  1 (   2   5    )->(   7   8       )
  46     30.199 243568.  6  1  0.1684 0.000000 2  1 (   2   5    )->(   6   8       )
  47     32.244 260064.  6  2  0.1684 0.000000 2  1 (   2   5    )->(   6   8       )
  48     32.244 260064.  6  2  0.1684 0.000000 2  1 (   2   5    )->(   7   8       )
  49     32.316 260649.  6  1  1.5625 0.000000 3  1 (   4   5   5)->(   6   7   8   )
  50     32.316 260649.  6  1  1.5625 0.000000 3  1 (   3   5   5)->(   6   7   8   )

 Depression of ground-state after CI=      -3242. cm**-1 Energy=  -462.7532635 eV
 Dipole moment= -0.487403  0.000000 -0.000000 tot=  0.487403 Debyes


  CI trans.  energy frequency wavelength oscillator ---------polarization---------    dipole   ------components----- 
 st.  symm.    eV      cm-1       nm      strength       x          y         z       moment     x       y       z 

   2      6.8652774    55372.    180.60  0.000000                                   1.974681   1.975  -0.000   0.000
   3      7.0660406    56992.    175.46  0.042180   0.000000   0.999192   0.040182  1.489303  -1.489  -0.000  -0.000
   4      7.0660406    56992.    175.46  0.042180  -0.000000  -0.040182   0.999192  1.489303  -1.489   0.000   0.000
   5      7.2345197    58350.    171.38  0.000000                                   1.926020   1.926   0.000   0.000
   6      7.2345197    58350.    171.38  0.000000                                   1.926020   1.926   0.000   0.000
   7     11.2425848    90678.    110.28  0.165922   0.000000   0.022979   0.999736  1.980899   1.981   0.000   0.000
   8     11.2425848    90678.    110.28  0.165922   0.000000   0.999736  -0.022979  1.980899   1.981   0.000  -0.000
   9     12.4376331   100317.     99.68  0.525312   1.000000  -0.000000  -0.000000  1.638266   1.638  -0.000  -0.000
  10     13.7418609   110836.     90.22  0.000066   0.000000   0.006437  -0.999979  1.100796   1.101  -0.000  -0.000
  11     13.7418609   110836.     90.22  0.000066   0.000000  -0.999979  -0.006437  1.100796   1.101  -0.000   0.000
  12     14.0028162   112941.     88.54  0.042608   0.000000  -0.999964   0.008456  1.154672   1.155  -0.000  -0.000
  13     14.0028162   112941.     88.54  0.042608  -0.000000  -0.008456  -0.999964  1.154672   1.155  -0.000   0.000
  14     14.3111947   115428.     86.63  0.000000                                   3.161231  -3.161   0.000   0.000
  15     14.3111947   115428.     86.63  0.000000                                   3.161231  -3.161   0.000   0.000
  16     14.7430184   118911.     84.10  0.006634  -0.000000   0.999250  -0.038719  1.160112   1.160  -0.000   0.000
  17     14.7430184   118911.     84.10  0.006634  -0.000000   0.038719   0.999250  1.160112   1.160   0.000  -0.000
  18     15.1197911   121950.     82.00  0.008621  -1.000000  -0.000000   0.000000  3.006457  -3.006   0.000   0.000
  19     17.8043466   143602.     69.64  0.001695   0.000000   0.003498  -0.999994  1.084955   1.085   0.000   0.000
  20     17.8043466   143602.     69.64  0.001695  -0.000000  -0.999994  -0.003498  1.084955   1.085  -0.000   0.000
 
 Polarizability (au  ) xx=    7.63 xy=    0.00 yy=    5.36 xz=    0.00 yz=    0.00 zz=    5.36
 Polarizability (A**3) xx=    1.13 xy=    0.00 yy=    0.79 xz=    0.00 yz=    0.00 zz=    0.79
 
 
 Major CI contributions to CI states
 
State    1  0.0000     CI coeff  CI percent
    Config       1   0.99168581  0.98344074
    Config      15  -0.05545033  0.00307474
    Config      16  -0.05545033  0.00307474
    Config      43  -0.06313204  0.00398565
    Config      44  -0.06313204  0.00398565
Total percent printed            0.99756153
  
State    2  6.8653     CI coeff  CI percent
    Config       4  -0.70238302  0.49334190
    Config       5   0.70238302  0.49334190
    Config      28   0.04343366  0.00188648
    Config      29  -0.04343366  0.00188648
    Config      33   0.04494644  0.00202018
    Config      34  -0.04494644  0.00202018
    Config      35  -0.05234807  0.00274032
    Config      36   0.05234807  0.00274032
Total percent printed            0.99997778
  
State    3  7.0660     CI coeff  CI percent
    Config       3  -0.99150796  0.98308804
    Config       8   0.06854365  0.00469823
    Config      22  -0.04210671  0.00177297
    Config      47  -0.07171060  0.00514241
Total percent printed            0.99470166
  
State    4  7.0660     CI coeff  CI percent
    Config       2  -0.99150796  0.98308804
    Config       9   0.06854365  0.00469823
    Config      21   0.04210671  0.00177297
    Config      48  -0.07171060  0.00514241
Total percent printed            0.99470166
  
State    5  7.2345     CI coeff  CI percent
    Config       4   0.69832612  0.48765936
    Config       5   0.69832612  0.48765936
    Config      12   0.06064485  0.00367780
    Config      25  -0.09012059  0.00812172
    Config      28  -0.04199257  0.00176338
    Config      29  -0.04199257  0.00176338
    Config      33  -0.04449206  0.00197954
    Config      34  -0.04449206  0.00197954
    Config      35  -0.05190041  0.00269365
    Config      36  -0.05190041  0.00269365
Total percent printed            0.99999139
  
State    6  7.2345     CI coeff  CI percent
    Config       6  -0.69832612  0.48765936
    Config       7   0.69832612  0.48765936
    Config      15  -0.04288238  0.00183890
    Config      16   0.04288238  0.00183890
    Config      26   0.06372488  0.00406086
    Config      27  -0.06372488  0.00406086
    Config      37  -0.04199257  0.00176338
    Config      38   0.04199257  0.00176338
    Config      43   0.06810872  0.00463880
    Config      44  -0.06810872  0.00463880
Total percent printed            0.99992259
  
State    7 11.2426     CI coeff  CI percent
    Config       2  -0.05324748  0.00283529
    Config       9  -0.84528172  0.71450118
    Config      11   0.31612974  0.09993801
    Config      14  -0.04524048  0.00204670
    Config      17   0.40701872  0.16566424
    Config      21  -0.08850162  0.00783254
    Config      42   0.05143389  0.00264545
    Config      45   0.04780837  0.00228564
Total percent printed            0.99774904
  
State    8 11.2426     CI coeff  CI percent
    Config       3  -0.05324748  0.00283529
    Config       8  -0.84528172  0.71450118
    Config      10   0.31612974  0.09993801
    Config      13  -0.04524048  0.00204670
    Config      18   0.40701872  0.16566424
    Config      22   0.08850162  0.00783254
    Config      41   0.05143389  0.00264545
    Config      46   0.04780837  0.00228564
Total percent printed            0.99774904
  
State    9 12.4376     CI coeff  CI percent
    Config       6  -0.63424163  0.40226245
    Config       7  -0.63424163  0.40226245
    Config      15   0.08377583  0.00701839
    Config      16   0.08377583  0.00701839
    Config      23   0.39061107  0.15257701
    Config      26   0.05054160  0.00255445
    Config      27   0.05054160  0.00255445
    Config      30  -0.12043386  0.01450431
    Config      43  -0.05797050  0.00336058
    Config      44  -0.05797050  0.00336058
Total percent printed            0.99747306
  
State   10 13.7419     CI coeff  CI percent
    Config      11   0.65541773  0.42957240
    Config      14   0.48354992  0.23382052
    Config      17  -0.49247054  0.24252723
    Config      21  -0.30554872  0.09336002
Total percent printed            0.99928018
  
State   11 13.7419     CI coeff  CI percent
    Config      10   0.65541773  0.42957240
    Config      13   0.48354992  0.23382052
    Config      18  -0.49247054  0.24252723
    Config      22   0.30554872  0.09336002
Total percent printed            0.99928018
  
State   12 14.0028     CI coeff  CI percent
    Config       3   0.06863567  0.00471086
    Config       8   0.35157089  0.12360209
    Config      10   0.68243579  0.46571861
    Config      13  -0.48716724  0.23733192
    Config      18   0.23423126  0.05486428
    Config      22  -0.33393219  0.11151071
Total percent printed            0.99773846
  
State   13 14.0028     CI coeff  CI percent
    Config       2   0.06863567  0.00471086
    Config       9   0.35157089  0.12360209
    Config      11   0.68243579  0.46571861
    Config      14  -0.48716724  0.23733192
    Config      17   0.23423126  0.05486428
    Config      21   0.33393219  0.11151071
Total percent printed            0.99773846
  
State   14 14.3112     CI coeff  CI percent
    Config      15   0.70353917  0.49496737
    Config      16  -0.70353917  0.49496737
    Config      37  -0.05165989  0.00266874
    Config      38   0.05165989  0.00266874
Total percent printed            0.99527222
  
State   15 14.3112     CI coeff  CI percent
    Config      12  -0.99495464  0.98993473
    Config      25  -0.04440332  0.00197166
    Config      28  -0.05165989  0.00266874
    Config      29  -0.05165989  0.00266874
Total percent printed            0.99724388
  
State   16 14.7430     CI coeff  CI percent
    Config       8  -0.17873985  0.03194793
    Config      10  -0.04255719  0.00181111
    Config      13  -0.72153114  0.52060718
    Config      18  -0.51969967  0.27008775
    Config      20   0.06796918  0.00461981
    Config      22   0.40424250  0.16341200
    Config      41   0.06890624  0.00474807
Total percent printed            0.99723385
  
State   17 14.7430     CI coeff  CI percent
    Config       9  -0.17873985  0.03194793
    Config      11  -0.04255719  0.00181111
    Config      14  -0.72153114  0.52060718
    Config      17  -0.51969967  0.27008775
    Config      19   0.06796918  0.00461981
    Config      21  -0.40424250  0.16341200
    Config      42   0.06890624  0.00474807
Total percent printed            0.99723385
  
State   18 15.1198     CI coeff  CI percent
    Config       1  -0.07703754  0.00593478
    Config       6  -0.04841073  0.00234360
    Config       7  -0.04841073  0.00234360
    Config      15  -0.69566452  0.48394913
    Config      16  -0.69566452  0.48394913
    Config      23   0.13743687  0.01888889
Total percent printed            0.99740913
  
State   19 17.8043     CI coeff  CI percent
    Config      14   0.05585019  0.00311924
    Config      19   0.99496420  0.98995376
    Config      21   0.05060767  0.00256114
    Config      48   0.05181992  0.00268530
Total percent printed            0.99831944
  
State   20 17.8043     CI coeff  CI percent
    Config      13   0.05585019  0.00311924
    Config      20   0.99496420  0.98995376
    Config      22  -0.05060767  0.00256114
    Config      47   0.05181992  0.00268530
Total percent printed            0.99831944
  

 -------------------------------------------------------------------------------
 INDO MRCI C.A.S.=(3,1) MAXCI=50 WRTCI=20
 Carbon Monoxide
 INDO


     NO PARAMETERS MARKED FOR OPTIMIZATION, SO 1SCF WAS USED  
     SCF FIELD WAS ACHIEVED                                   


                              INDO CALCULATION
                                                       MOPAC2016 (Version: 20.173L)
                                                       Mon Jun 29 13:01:46 2020




          FINAL HEAT OF FORMATION =     -10431.61786 KCAL/MOL =  -43645.88914 KJ/MOL


          TOTAL ENERGY            =       -462.35136 EV
          ELECTRONIC ENERGY       =       -621.46378 EV  POINT GROUP:     C*v 
          CORE-CORE REPULSION     =        159.11243 EV
          COSMO AREA              =         57.92 SQUARE ANGSTROMS
          COSMO VOLUME            =         40.40 CUBIC ANGSTROMS

          IONIZATION POTENTIAL    =         14.497186 EV
          HOMO LUMO ENERGIES (EV) =        -14.497  0.094
          NO. OF FILLED LEVELS    =          5
          MOLECULAR WEIGHT        =         28.0104

          MOLECULAR DIMENSIONS (Angstroms)

            Atom       Atom       Distance
            O     2    C     1     1.17300
            O     2    C     1     0.00000
            C     1    O     2     0.00000


          SCF CALCULATIONS        =          1
 
          WALL-CLOCK TIME         =          0.105 SECONDS
          COMPUTATION TIME        =          0.023 SECONDS




   ATOM   CHEMICAL          X               Y               Z
  NUMBER   SYMBOL      (ANGSTROMS)     (ANGSTROMS)     (ANGSTROMS)
 
     1       C          0.00000000      0.00000000      0.00000000   
     2       O          1.17300000      0.00000000      0.00000000   

                             CARTESIAN COORDINATES

   1    C        0.000000000     0.000000000     0.000000000
   2    O        1.173000000     0.000000000     0.000000000


           Empirical Formula: C O  =     2 atoms



      MOLECULAR POINT GROUP   :   C*v 


                  EIGENVALUES  
 -43.05348 -19.27363 -14.77497 -14.77497 -14.49719   0.09377   0.09377  10.49943


              NET ATOMIC CHARGES AND DIPOLE CONTRIBUTIONS

  ATOM NO.   TYPE          CHARGE      No. of ELECS.   s-Pop       p-Pop       
    1          C           0.230129        3.7699     1.80759     1.96228
    2          O          -0.230129        6.2301     1.79510     4.43503
 DIPOLE           X         Y         Z       TOTAL
 POINT-CHG.    -1.297     0.000     0.000     1.297
 HYBRID         0.829    -0.000     0.000     0.829
 SUM           -0.468    -0.000     0.000     0.468


          ATOMIC ORBITAL ELECTRON POPULATIONS

     Atom    s        px        py        pz   
    1  C   1.80759   1.00955   0.47637   0.47637
    2  O   1.79510   1.38776   1.52363   1.52363

 **********************
 *                    *
 * JOB ENDED NORMALLY *
 *                    *
 **********************



 TOTAL JOB TIME:             0.19 SECONDS

 == MOPAC DONE ==


          MOPAC Job: "co_mrci_maxci.mop" ended normally on Jun 29, 2020, at 13:01.

