 *******************************************************************************
 ** Site#:    0         For non-commercial use only    Version 20.173L 64BITS **
 *******************************************************************************
 ** Cite this program as: MOPAC2016, Version: 20.173L, James J. P. Stewart,   **
 ** Stewart Computational Chemistry, web-site: HTTP://OpenMOPAC.net.          **
 *******************************************************************************
 **                                                                           **
 **                                MOPAC2016                                  **
 **                                                                           **
 *******************************************************************************

                              PM7 CALCULATION RESULTS

 *******************************************************************************
 *  CALCULATION DONE:                                Mon Jun 29 13:00:58 2020  *
 *  PM7        - The PM7 Hamiltonian to be used
 *  EPS= 20.00 - USE ANDREAS KLAMT'S COSMO IMPLICIT SOLVATION MODEL
 *  T=         - A TIME OF 172800.0 SECONDS REQUESTED
 *  DUMP=N     - RESTART FILE WRITTEN EVERY 7200.0 SECONDS REQUESTED
 *******************************************************************************
PM7 EPS=20.0
 CO

   ATOM   CHEMICAL          X               Y               Z
  NUMBER   SYMBOL      (ANGSTROMS)     (ANGSTROMS)     (ANGSTROMS)
 
     1       C          0.00000000      0.00000000      0.00000000   
     2       O          1.17300000      0.00000000      0.00000000   
 


          CARTESIAN COORDINATES 

    NO.       ATOM           X           Y           Z

     1         C          0.0000      0.0000      0.0000
     2         O          1.1730      0.0000      0.0000

 General Reference for PM7:
 "Optimization of Parameters for Semiempirical Methods VI: More Modifications to the 
 NDDO Approximations and Re-optimization of Parameters", J. J. P. Stewart, J. Mol. Mod., 1:32, 19 (2013)
 https://link.springer.com/article/10.1007/s00894-012-1667-x

           Empirical Formula: C O  =     2 atoms



      MOLECULAR POINT GROUP   :   C*v 


      RHF CALCULATION, NO. OF DOUBLY OCCUPIED LEVELS = 5


 -------------------------------------------------------------------------------
 PM7 EPS=20.0
 CO



     NO PARAMETERS MARKED FOR OPTIMIZATION, SO 1SCF WAS USED  
     SCF FIELD WAS ACHIEVED                                   


                              PM7 CALCULATION
                                                       MOPAC2016 (Version: 20.173L)
                                                       Mon Jun 29 13:00:58 2020




          FINAL HEAT OF FORMATION =        -19.64142 KCAL/MOL =     -82.17972 KJ/MOL
          VAN DER WAALS AREA      =         57.92 SQUARE ANGSTROMS


          TOTAL ENERGY            =       -417.46681 EV
          ELECTRONIC ENERGY       =       -322.67255 EV  POINT GROUP:     C*v 
          CORE-CORE REPULSION     =        -94.79426 EV

          DIELECTRIC ENERGY       =         -0.13544 EV
          COSMO AREA              =         57.92 SQUARE ANGSTROMS
          COSMO VOLUME            =         40.40 CUBIC ANGSTROMS

          IONIZATION POTENTIAL    =         12.472485 EV
          HOMO LUMO ENERGIES (EV) =        -12.472  1.595
          NO. OF FILLED LEVELS    =          5
          MOLECULAR WEIGHT        =         28.0104

          MOLECULAR DIMENSIONS (Angstroms)

            Atom       Atom       Distance
            O     2    C     1     1.17300
            O     2    C     1     0.00000
            C     1    O     2     0.00000


          SCF CALCULATIONS        =          2
 
          WALL-CLOCK TIME         =          0.082 SECONDS
          COMPUTATION TIME        =          0.012 SECONDS




   ATOM   CHEMICAL          X               Y               Z
  NUMBER   SYMBOL      (ANGSTROMS)     (ANGSTROMS)     (ANGSTROMS)
 
     1       C          0.00000000      0.00000000      0.00000000   
     2       O          1.17300000      0.00000000      0.00000000   

                             CARTESIAN COORDINATES

   1    C        0.000000000     0.000000000     0.000000000
   2    O        1.173000000     0.000000000     0.000000000


           Empirical Formula: C O  =     2 atoms



      MOLECULAR POINT GROUP   :   C*v 


                  EIGENVALUES  
 -31.84505 -19.72540 -14.77608 -14.77505 -12.47249   1.59455   1.59653   5.46799


              NET ATOMIC CHARGES AND DIPOLE CONTRIBUTIONS

  ATOM NO.   TYPE          CHARGE      No. of ELECS.   s-Pop       p-Pop       
    1          C           0.536736        3.4633     1.80334     1.65992
    2          O          -0.536736        6.5367     1.85031     4.68643
 DIPOLE           X         Y         Z       TOTAL
 POINT-CHG.    -3.024     0.000     0.000     3.024
 HYBRID         1.593    -0.001     0.000     1.593
 SUM           -1.431    -0.001     0.000     1.431


          ATOMIC ORBITAL ELECTRON POPULATIONS

     Atom    s        px        py        pz   
    1  C   1.80334   0.86110   0.39938   0.39943
    2  O   1.85031   1.48525   1.60062   1.60057

 **********************
 *                    *
 * JOB ENDED NORMALLY *
 *                    *
 **********************



 TOTAL JOB TIME:             0.16 SECONDS

 == MOPAC DONE ==


          MOPAC Job: "co_pm7_solv.mop" ended normally on Jun 29, 2020, at 13:00.

