 *******************************************************************************
 ** Site#:    0         For non-commercial use only    Version 18.179L 64BITS **
 *******************************************************************************
 ** Cite this program as: MOPAC2016, Version: 18.179L, James J. P. Stewart,   **
 ** Stewart Computational Chemistry, web-site: HTTP://OpenMOPAC.net.          **
 *******************************************************************************
 **                                                                           **
 **                                MOPAC2016                                  **
 **                                                                           **
 *******************************************************************************

                              PM7 CALCULATION RESULTS

 *******************************************************************************
 *  CALCULATION DONE:                                Tue May 14 12:17:20 2019  *
 *  COMPARE    - Compare two geometries
 *  START_RES  - STARTING RESIDUE NUMBERS DEFINED
 *  Keyword:   START_RES=(7A 300) 
 *  GEO_DAT    - DATA SET GEOMETRY IS IN FILE "BACTERIORHODOPSIN_1AP9.ENT"
 *  GEO_REF    - REFERENCE GEOMETRY IS IN FILE "BACTERIORHODOPSIN_1BRR.ENT"
 *  CHAINS     - PDB CHAIN LETTERS EXPLICITLY DEFINED
 *  Keyword:   CHAINS=(A) 
 *  T=         - A TIME OF 172800.0 SECONDS REQUESTED
 *  DUMP=N     - RESTART FILE WRITTEN EVERY  7200.000 SECONDS
 *  OUTPUT     - MINIMIZE OUTPUT
 *******************************************************************************
 START_RES=(7A 300)  CHAINS=(A) geo_dat="Bacteriorhodopsin_1AP9.ent" geo_ref="Bacteriorhodopsin_1BRR.ent" Compare output
 Compare 1AP9 and 1BRR Bacteriorhodopsin

 

                            Differences in atoms sets

          Atoms in GEO_DAT only                   Atoms in GEO_REF only

       ATOM   1689  CG  ARG A 225              ATOM      1  N   GLN A   3
       ATOM   1690  CD  ARG A 225              ATOM      2  CA  GLN A   3
       ATOM   1691  NE  ARG A 225              ATOM      3  C   GLN A   3
       ATOM   1692  CZ  ARG A 225              ATOM      4  O   GLN A   3
       ATOM   1693  NH1 ARG A 225              ATOM      5  CB  GLN A   3
       ATOM   1694  NH2 ARG A 225              ATOM      6  N   ILE A   4
       HETATM 1696  C1  RET   300              ATOM      7  CA  ILE A   4
       HETATM 1697  C2  RET   300              ATOM      8  C   ILE A   4
       HETATM 1698  C3  RET   300              ATOM      9  O   ILE A   4
       HETATM 1699  C4  RET   300              ATOM     10  CB  ILE A   4
       HETATM 1700  C5  RET   300              ATOM     11  CG1 ILE A   4
       HETATM 1701  C6  RET   300              ATOM     12  CG2 ILE A   4
       HETATM 1702  C7  RET   300              ATOM     13  CD1 ILE A   4
       HETATM 1703  C8  RET   300              ATOM     14  N   THR A   5
       HETATM 1704  C9  RET   300              ATOM     15  CA  THR A   5
       HETATM 1705  C10 RET   300              ATOM     16  C   THR A   5
       HETATM 1706  C11 RET   300              ATOM     17  O   THR A   5
       HETATM 1707  C12 RET   300              ATOM     18  CB  THR A   5
       HETATM 1708  C13 RET   300              ATOM     19  OG1 THR A   5
       HETATM 1709  C14 RET   300              ATOM     20  CG2 THR A   5
       HETATM 1710  C15 RET   300              ATOM     21  N   GLY A   6
       HETATM 1711  C16 RET   300              ATOM     22  CA  GLY A   6
       HETATM 1712  C17 RET   300              ATOM     23  C   GLY A   6
       HETATM 1713  C18 RET   300              ATOM     24  O   GLY A   6
       HETATM 1714  C19 RET   300              ATOM     31  CD  ARG A   7
       HETATM 1715  C20 RET   300              ATOM     32  NE  ARG A   7
       HETATM 1716  O   HOH   400              ATOM     33  CZ  ARG A   7
       HETATM 1717  O   HOH   401              ATOM     34  NH1 ARG A   7
       HETATM 1718  O   HOH   402              ATOM     35  NH2 ARG A   7
       HETATM 1719  O   HOH   403              ATOM   1717  O   ARG A 225
       HETATM 1720  O   HOH   404              ATOM   1719  N   SER A 226
       HETATM 1721  O   HOH   405              ATOM   1720  CA  SER A 226
       HETATM 1722  O   HOH   406              ATOM   1721  C   SER A 226
       HETATM 1723  O   HOH   407              ATOM   1722  O   SER A 226
       HETATM 1724  O   HOH   408              ATOM   1723  CB  SER A 226
       HETATM 1725  O   HOH   409              ATOM   1724  OG  SER A 226
       HETATM 1726  O   HOH   410              ATOM   1725  N   ARG A 227
       HETATM 1727  O   HOH   411              ATOM   1726  CA  ARG A 227
       HETATM 1728  O   HOH   412              ATOM   1727  C   ARG A 227
       HETATM 1729  O   HOH   413              ATOM   1728  O   ARG A 227
       HETATM 1730  O   HOH   414              ATOM   1729  CB  ARG A 227
       HETATM 1731  O   HOH   415              ATOM   1730  N   ALA A 228
       HETATM 1732  O   HOH   416              ATOM   1731  CA  ALA A 228
       HETATM 1733  O   HOH   417              ATOM   1732  C   ALA A 228
       HETATM 1734  O   HOH   418              ATOM   1733  O   ALA A 228
       HETATM 1735  O   HOH   419              ATOM   1734  CB  ALA A 228
       HETATM 1736  O   HOH   420              ATOM   1735  N   ILE A 229
       HETATM 1737  O   HOH   421              ATOM   1736  CA  ILE A 229
       HETATM 1738  O   HOH   422              ATOM   1737  C   ILE A 229
       HETATM 1739  O   HOH   423              ATOM   1738  O   ILE A 229
       HETATM 1740  O   HOH   424              ATOM   1739  CB  ILE A 229
       HETATM 1741  O   HOH   425              ATOM   1740  N   PHE A 230
                                               ATOM   1741  CA  PHE A 230
                                               ATOM   1742  C   PHE A 230
                                               ATOM   1743  O   PHE A 230
                                               ATOM   1744  CB  PHE A 230
                                               ATOM   1745  N   GLY A 231
                                               ATOM   1746  CA  GLY A 231
                                               ATOM   1747  C   GLY A 231
                                               ATOM   1748  O   GLY A 231
                                               ATOM   1749  N   GLU A 232
                                               ATOM   1750  CA  GLU A 232
                                               ATOM   1751  C   GLU A 232
                                               ATOM   1752  O   GLU A 232
                                               ATOM   1753  CB  GLU A 232
                                               HETATM 5376  C1  RET A 999
                                               HETATM 5377  C2  RET A 999
                                               HETATM 5378  C3  RET A 999
                                               HETATM 5379  C4  RET A 999
                                               HETATM 5380  C5  RET A 999
                                               HETATM 5381  C6  RET A 999
                                               HETATM 5382  C7  RET A 999
                                               HETATM 5383  C8  RET A 999
                                               HETATM 5384  C9  RET A 999
                                               HETATM 5385  C10 RET A 999
                                               HETATM 5386  C11 RET A 999
                                               HETATM 5387  C12 RET A 999
                                               HETATM 5388  C13 RET A 999
                                               HETATM 5389  C14 RET A 999
                                               HETATM 5390  C15 RET A 999
                                               HETATM 5391  C16 RET A 999
                                               HETATM 5392  C17 RET A 999
                                               HETATM 5393  C18 RET A 999
                                               HETATM 5394  C19 RET A 999
                                               HETATM 5395  C20 RET A 999
                                               HETATM 5436  C1  GLC     4
                                               HETATM 5437  C2  GLC     4
                                               HETATM 5438  C3  GLC     4
                                               HETATM 5439  C4  GLC     4
                                               HETATM 5440  C5  GLC     4
                                               HETATM 5441  C6  GLC     4
                                               HETATM 5442  O1  GLC     4
                                               HETATM 5443  O2  GLC     4
                                               HETATM 5444  O3  GLC     4
                                               HETATM 5445  O4  GLC     4
                                               HETATM 5446  O5  GLC     4
                                               HETATM 5447  O6  GLC     4
                                               HETATM 5448  O1  ARC     6
                                               HETATM 5449  C1  ARC     6
                                               HETATM 5450  C2  ARC     6
                                               HETATM 5451  C3  ARC     6
                                               HETATM 5452  C4  ARC     6
                                               HETATM 5453  C5  ARC     6
                                               HETATM 5454  C6  ARC     6
                                               HETATM 5455  C7  ARC     6
                                               HETATM 5456  C8  ARC     6
                                               HETATM 5457  C9  ARC     6
                                               HETATM 5458  C10 ARC     6
                                               HETATM 5459  C11 ARC     6
                                               HETATM 5460  C12 ARC     6
                                               HETATM 5461  C13 ARC     6
                                               HETATM 5462  C14 ARC     6
                                               HETATM 5463  C15 ARC     6
                                               HETATM 5464  C16 ARC     6
                                               HETATM 5465  C17 ARC     6
                                               HETATM 5466  C18 ARC     6
                                               HETATM 5467  C19 ARC     6
                                               HETATM 5468  C20 ARC     6
                                               HETATM 5469  O1  ARC     7
                                               HETATM 5470  C1  ARC     7
                                               HETATM 5471  C2  ARC     7
                                               HETATM 5472  C3  ARC     7
                                               HETATM 5473  C4  ARC     7
                                               HETATM 5474  C5  ARC     7
                                               HETATM 5475  C6  ARC     7
                                               HETATM 5476  C7  ARC     7
                                               HETATM 5477  C8  ARC     7
                                               HETATM 5478  C9  ARC     7
                                               HETATM 5479  C10 ARC     7
                                               HETATM 5480  C11 ARC     7
                                               HETATM 5481  C12 ARC     7
                                               HETATM 5482  C13 ARC     7
                                               HETATM 5483  C14 ARC     7
                                               HETATM 5484  C15 ARC     7
                                               HETATM 5485  C16 ARC     7
                                               HETATM 5486  C17 ARC     7
                                               HETATM 5487  C18 ARC     7
                                               HETATM 5488  C19 ARC     7
                                               HETATM 5489  C20 ARC     7
                                               HETATM 5490  O1  ARC     8
                                               HETATM 5491  C1  ARC     8
                                               HETATM 5492  C2  ARC     8
                                               HETATM 5493  C3  ARC     8
                                               HETATM 5494  C4  ARC     8
                                               HETATM 5495  C5  ARC     8
                                               HETATM 5496  C6  ARC     8
                                               HETATM 5497  C7  ARC     8
                                               HETATM 5498  C8  ARC     8
                                               HETATM 5499  C9  ARC     8
                                               HETATM 5500  C10 ARC     8
                                               HETATM 5501  C11 ARC     8
                                               HETATM 5502  C12 ARC     8
                                               HETATM 5503  C13 ARC     8
                                               HETATM 5504  C14 ARC     8
                                               HETATM 5505  C15 ARC     8
                                               HETATM 5506  C16 ARC     8
                                               HETATM 5507  C17 ARC     8
                                               HETATM 5508  C18 ARC     8
                                               HETATM 5509  C19 ARC     8
                                               HETATM 5510  C20 ARC     8
                                               HETATM 5511  O1  ARC     9
                                               HETATM 5512  C1  ARC     9
                                               HETATM 5513  C2  ARC     9
                                               HETATM 5514  C3  ARC     9
                                               HETATM 5515  C4  ARC     9
                                               HETATM 5516  C5  ARC     9
                                               HETATM 5517  C6  ARC     9
                                               HETATM 5518  C7  ARC     9
                                               HETATM 5519  C8  ARC     9
                                               HETATM 5520  C9  ARC     9
                                               HETATM 5521  C10 ARC     9
                                               HETATM 5522  C11 ARC     9
                                               HETATM 5523  C12 ARC     9
                                               HETATM 5524  C13 ARC     9
                                               HETATM 5525  C14 ARC     9
                                               HETATM 5526  C15 ARC     9
                                               HETATM 5527  C16 ARC     9
                                               HETATM 5528  C17 ARC     9
                                               HETATM 5529  C18 ARC     9
                                               HETATM 5530  C19 ARC     9
                                               HETATM 5531  C20 ARC     9
                                               HETATM 5532  O1  ARC    11
                                               HETATM 5533  C1  ARC    11
                                               HETATM 5534  C2  ARC    11
                                               HETATM 5535  C3  ARC    11
                                               HETATM 5536  C4  ARC    11
                                               HETATM 5537  C5  ARC    11
                                               HETATM 5538  C6  ARC    11
                                               HETATM 5539  C7  ARC    11
                                               HETATM 5540  C8  ARC    11
                                               HETATM 5541  C9  ARC    11
                                               HETATM 5542  C10 ARC    11
                                               HETATM 5543  C11 ARC    11
                                               HETATM 5544  C12 ARC    11
                                               HETATM 5545  C13 ARC    11
                                               HETATM 5546  C14 ARC    11
                                               HETATM 5547  C15 ARC    11
                                               HETATM 5548  C16 ARC    11
                                               HETATM 5549  C17 ARC    11
                                               HETATM 5550  C18 ARC    11
                                               HETATM 5551  C19 ARC    11
                                               HETATM 5552  C20 ARC    11
                                               HETATM 5553  O1  ARC    12
                                               HETATM 5554  C1  ARC    12
                                               HETATM 5555  C2  ARC    12
                                               HETATM 5556  C3  ARC    12
                                               HETATM 5557  C4  ARC    12
                                               HETATM 5558  C5  ARC    12
                                               HETATM 5559  C6  ARC    12
                                               HETATM 5560  C7  ARC    12
                                               HETATM 5561  C8  ARC    12
                                               HETATM 5562  C9  ARC    12
                                               HETATM 5563  C10 ARC    12
                                               HETATM 5564  C11 ARC    12
                                               HETATM 5565  C12 ARC    12
                                               HETATM 5566  C13 ARC    12
                                               HETATM 5567  C14 ARC    12
                                               HETATM 5568  C15 ARC    12
                                               HETATM 5569  C16 ARC    12
                                               HETATM 5570  C17 ARC    12
                                               HETATM 5571  C18 ARC    12
                                               HETATM 5572  C19 ARC    12
                                               HETATM 5573  C20 ARC    12
                                               HETATM 5574  O1  ARC    21
                                               HETATM 5575  C1  ARC    21
                                               HETATM 5576  C2  ARC    21
                                               HETATM 5577  C3  ARC    21
                                               HETATM 5578  C4  ARC    21
                                               HETATM 5579  C5  ARC    21
                                               HETATM 5580  C6  ARC    21
                                               HETATM 5581  C7  ARC    21
                                               HETATM 5582  C8  ARC    21
                                               HETATM 5583  C9  ARC    21
                                               HETATM 5584  C10 ARC    21
                                               HETATM 5585  C11 ARC    21
                                               HETATM 5586  C12 ARC    21
                                               HETATM 5587  C13 ARC    21
                                               HETATM 5588  C14 ARC    21
                                               HETATM 5589  C15 ARC    21
                                               HETATM 5590  C16 ARC    21
                                               HETATM 5591  C17 ARC    21
                                               HETATM 5592  C18 ARC    21
                                               HETATM 5593  C19 ARC    21
                                               HETATM 5594  C20 ARC    21
                                               HETATM 5595  O1  ARC    22
                                               HETATM 5596  C1  ARC    22
                                               HETATM 5597  C2  ARC    22
                                               HETATM 5598  C3  ARC    22
                                               HETATM 5599  C4  ARC    22
                                               HETATM 5600  C5  ARC    22
                                               HETATM 5601  C6  ARC    22
                                               HETATM 5602  C7  ARC    22
                                               HETATM 5603  C8  ARC    22
                                               HETATM 5604  C9  ARC    22
                                               HETATM 5605  C10 ARC    22
                                               HETATM 5606  C11 ARC    22
                                               HETATM 5607  C12 ARC    22
                                               HETATM 5608  C13 ARC    22
                                               HETATM 5609  C14 ARC    22
                                               HETATM 5610  C15 ARC    22
                                               HETATM 5611  C16 ARC    22
                                               HETATM 5612  C17 ARC    22
                                               HETATM 5613  C18 ARC    22
                                               HETATM 5614  C19 ARC    22
                                               HETATM 5615  C20 ARC    22
                                               HETATM 5616  O1  ARC    31
                                               HETATM 5617  C1  ARC    31
                                               HETATM 5618  C2  ARC    31
                                               HETATM 5619  C3  ARC    31
                                               HETATM 5620  C4  ARC    31
                                               HETATM 5621  C5  ARC    31
                                               HETATM 5622  C6  ARC    31
                                               HETATM 5623  C7  ARC    31
                                               HETATM 5624  C8  ARC    31
                                               HETATM 5625  C9  ARC    31
                                               HETATM 5626  C10 ARC    31
                                               HETATM 5627  C11 ARC    31
                                               HETATM 5628  C12 ARC    31
                                               HETATM 5629  C13 ARC    31
                                               HETATM 5630  C14 ARC    31
                                               HETATM 5631  C15 ARC    31
                                               HETATM 5632  C16 ARC    31
                                               HETATM 5633  C17 ARC    31
                                               HETATM 5634  C18 ARC    31
                                               HETATM 5635  C19 ARC    31
                                               HETATM 5636  C20 ARC    31
                                               HETATM 5637  O1  ARC    32
                                               HETATM 5638  C1  ARC    32
                                               HETATM 5639  C2  ARC    32
                                               HETATM 5640  C3  ARC    32
                                               HETATM 5641  C4  ARC    32
                                               HETATM 5642  C5  ARC    32
                                               HETATM 5643  C6  ARC    32
                                               HETATM 5644  C7  ARC    32
                                               HETATM 5645  C8  ARC    32
                                               HETATM 5646  C9  ARC    32
                                               HETATM 5647  C10 ARC    32
                                               HETATM 5648  C11 ARC    32
                                               HETATM 5649  C12 ARC    32
                                               HETATM 5650  C13 ARC    32
                                               HETATM 5651  C14 ARC    32
                                               HETATM 5652  C15 ARC    32
                                               HETATM 5653  C16 ARC    32
                                               HETATM 5654  C17 ARC    32
                                               HETATM 5655  C18 ARC    32
                                               HETATM 5656  C19 ARC    32
                                               HETATM 5657  C20 ARC    32
                                               HETATM 5658  C1  OCT     5
                                               HETATM 5659  C2  OCT     5
                                               HETATM 5660  C3  OCT     5
                                               HETATM 5661  C4  OCT     5
                                               HETATM 5662  C5  OCT     5
                                               HETATM 5663  C6  OCT     5
                                               HETATM 5664  C7  OCT     5
                                               HETATM 5665  C8  OCT     5
                                               HETATM 5666  C1  GOL    13
                                               HETATM 5667  C2  GOL    13
                                               HETATM 5668  C3  GOL    13
                                               HETATM 5669  O3  GOL    13
                                               HETATM 5670  C1  GOL    23
                                               HETATM 5671  C2  GOL    23
                                               HETATM 5672  C3  GOL    23
                                               HETATM 5673  C1  GOL    33
                                               HETATM 5674  C2  GOL    33
                                               HETATM 5675  C3  GOL    33

                      Number of atoms in GEO_DAT: 1740
                      Number of atoms in GEO_REF: 2013
          Number of atoms common to both systems: 1688


                        After docking

                     Atoms that move a lot

                     Atom Label             GEO_REF Coordinates       Movement    Integral

            (ATOM    948  OH  TYR A 131)  -1.466 -16.280  15.319       17.46        17.46
            (ATOM    947  CZ  TYR A 131)  -0.992 -16.358  14.019       15.52        32.98
            (ATOM    945  CE1 TYR A 131)  -0.326 -15.270  13.468       15.15        48.13
            (ATOM    946  CE2 TYR A 131)  -1.186 -17.511  13.266       14.06        62.19
            (ATOM    943  CD1 TYR A 131)   0.139 -15.341  12.169       13.24        75.43
            (ATOM    944  CD2 TYR A 131)  -0.713 -17.569  11.961       12.22        87.66
            (ATOM    942  CG  TYR A 131)  -0.045 -16.489  11.392       11.72        99.37
            (ATOM    498  CZ  PHE A  71)  -0.364 -10.983  12.493       11.15       110.52
            (ATOM   1217  CE  MET A 163)  34.949  -5.935  39.239       11.06       121.58
            (ATOM    524  NE2 GLN A  75)  -1.307  -4.566   5.080       10.91       132.49
            (ATOM    497  CE2 PHE A  71)   0.446 -10.143  11.756       10.63       143.13
            (ATOM    201  CE  MET A  32)  23.517  20.867  35.039       10.22       153.34
            (ATOM   1216  SD  MET A 163)  35.035  -7.708  39.635        9.85       163.19
            (ATOM    504  CA  GLY A  73)  -5.983 -12.343   5.490        9.77       172.96
            (ATOM    941  CB  TYR A 131)   0.474 -16.554   9.968        9.75       182.71
            (ATOM    523  OE1 GLN A  75)  -2.482  -5.599   3.476        9.63       192.34
            (ATOM    929  NZ  LYS A 129)   7.584 -12.978   4.771        9.58       201.92
            (ATOM    515  OE2 GLU A  74)  -5.896 -10.098  11.421        9.55       211.47
            (ATOM    503  N   GLY A  73)  -4.875 -12.984   6.179        9.54       221.01
            (ATOM    928  CE  LYS A 129)   6.969 -12.243   3.649        9.33       230.34
            (ATOM    522  CD  GLN A  75)  -2.444  -4.906   4.491        9.27       239.61
            (ATOM    496  CE1 PHE A  71)  -0.869 -12.135  11.911        9.26       248.87
            (ATOM    473  CE  MET A  68)  -2.216   0.559   8.790        9.01       257.88
            (ATOM    502  O   GLY A  72)  -5.629 -12.465   8.239        9.00       266.88
            (ATOM    501  C   GLY A  72)  -4.793 -13.000   7.504        8.90       275.77
            (ATOM   1215  CG  MET A 163)  33.589  -7.877  40.758        8.71       284.48
            (ATOM    500  CA  GLY A  72)  -3.591 -13.722   8.084        8.66       293.14
            (ATOM    954  OG  SER A 132)   2.147 -21.281   9.468        8.63       301.77
            (ATOM     36  CH2 TRP A  10)  -3.647  11.683  25.164        8.54       310.31
            (ATOM    495  CD2 PHE A  71)   0.750 -10.456  10.432        8.31       318.62

   Difference between GEO_DAT and GEO_REF:2469.063 = total,  1.4627 = Average,  2.3806 = RMS, in Angstroms

                             Differences between bond-lengths for the two geometries

           Diff.                 Atom 1                       Atom 2                  Bond length      Bond length
                                                                                      in GEO_DAT      in GEO_REF
   1       0.058     S(ATOM    472  SD  MET A  68)    C(ATOM    473  CE  MET A  68)      1.782            1.841
   2       0.046     S(ATOM    379  SD  MET A  56)    C(ATOM    380  CE  MET A  56)      1.821            1.775
   3       0.046     S(ATOM   1216  SD  MET A 163)    C(ATOM   1215  CG  MET A 163)      1.793            1.839
   4       0.045     C(ATOM   1093  CG1 ILE A 148)    C(ATOM   1095  CD1 ILE A 148)      1.472            1.517
   5       0.042     N(ATOM      1  N   ARG A   7)    C(ATOM      2  CA  ARG A   7)      1.500            1.458
   6       0.039     C(ATOM   1101  CG  LEU A 149)    C(ATOM   1103  CD2 LEU A 149)      1.552            1.513
   7       0.038     S(ATOM    413  SD  MET A  60)    C(ATOM    414  CE  MET A  60)      1.772            1.810
   8       0.038     C(ATOM     49  CB  TRP A  12)    C(ATOM     50  CG  TRP A  12)      1.536            1.497
   9       0.037     C(ATOM    887  CG  LEU A 123)    C(ATOM    889  CD2 LEU A 123)      1.532            1.495
  10       0.037     C(ATOM    486  CG  PRO A  70)    C(ATOM    487  CD  PRO A  70)      1.482            1.519
  11       0.037     C(ATOM    478  CB  VAL A  69)    C(ATOM    480  CG2 VAL A  69)      1.493            1.530
  12       0.036     C(ATOM   1422  CB  TRP A 189)    C(ATOM   1423  CG  TRP A 189)      1.480            1.516
  13       0.035     C(ATOM    780  CA  THR A 107)    C(ATOM    783  CB  THR A 107)      1.534            1.570
  14       0.035     C(ATOM   1034  CG1 ILE A 140)    C(ATOM   1036  CD1 ILE A 140)      1.535            1.500
  15       0.035     C(ATOM    887  CG  LEU A 123)    C(ATOM    888  CD1 LEU A 123)      1.548            1.513
  16       0.034     C(ATOM     77  CG  LEU A  15)    C(ATOM     78  CD1 LEU A  15)      1.547            1.512
  17       0.033     S(ATOM    413  SD  MET A  60)    C(ATOM    412  CG  MET A  60)      1.785            1.818
  18       0.033     C(ATOM    377  CB  MET A  56)    C(ATOM    378  CG  MET A  56)      1.502            1.535
  19       0.031     C(ATOM    927  CD  LYS A 129)    C(ATOM    928  CE  LYS A 129)      1.521            1.552
  20       0.031     C(ATOM    545  CG1 ILE A  78)    C(ATOM    547  CD1 ILE A  78)      1.524            1.493
  21       0.031     C(ATOM    564  CB  TRP A  80)    C(ATOM    565  CG  TRP A  80)      1.505            1.475
  22       0.030     C(ATOM    926  CG  LYS A 129)    C(ATOM    927  CD  LYS A 129)      1.526            1.557
  23       0.029     C(ATOM   1441  CA  ILE A 191)    C(ATOM   1444  CB  ILE A 191)      1.564            1.535
  24       0.029     S(ATOM   1216  SD  MET A 163)    C(ATOM   1217  CE  MET A 163)      1.790            1.819
  25       0.029     C(ATOM   1412  CA  VAL A 188)    C(ATOM   1415  CB  VAL A 188)      1.569            1.541

    GEO_DAT:  'Bacteriorhodopsin_1AP9.ent'
    GEO_REF:  'Bacteriorhodopsin_1BRR.ent'


                    Analysis of Non-Covalent Interactions

          Total non-covalent energy of GEO_DAT system:  -1658.57 Kcal/mol
          Total non-covalent energy of GEO_REF system:  -1766.50 Kcal/mol
                                           Difference:    107.92 Kcal/mol


    The following files will be written:
    'Compare_PDB_Bacteriorhodopsin_1AP9_and_1BRR.html'
    'Bacteriorhodopsin_1AP9.pdb'
    'Bacteriorhodopsin_1BRR.pdb'

          GEO_REF with 0SCF: Job complete

 ******************************************************************************
 *                                                                            *
 *     Error and normal termination messages reported in this calculation     *
 *                                                                            *
 * GEO_REF with 0SCF: Job complete                                            *
 * JOB ENDED NORMALLY                                                         *
 *                                                                            *
 ******************************************************************************



 TOTAL JOB TIME:             0.00 SECONDS

 == MOPAC DONE ==
