 *******************************************************************************
 **                                                                           **
 **                              MOPAC v22.0.6                                **
 **                                                                           **
 *******************************************************************************
 **          Digital Object Identifier (DOI): 10.5281/zenodo.6511958          **
 **    Visit the DOI location for information on how to cite this program.    **
 *******************************************************************************

                              PM7 CALCULATION RESULTS

 *******************************************************************************
 *  CALCULATION DONE:                                Thu Apr 13 11:30:38 2023  *
 *  PM7        - The PM7 Hamiltonian to be used
 *  PRECISE    - TIGHTER CRITERIA TO BE USED
 *  EF         - USE EF ROUTINE FOR MINIMUM SEARCH
 *  T=         - A TIME OF 48.0 HOURS REQUESTED
 *  DUMP=N     - RESTART FILE WRITTEN EVERY 7200.0 SECONDS REQUESTED
 *  GNORM      - EXIT WHEN GRADIENT NORM DROPS BELOW 0.000
 *  ENPART     - ENERGY TO BE PARTITIONED INTO COMPONENTS
 *  DISP       - PRINT DISPERSION AND HYDROGEN BOND ENERGIES
 *******************************************************************************
EF PM7 PRECISE GNORM=0.0 T=48H ENPART DISP
 Crashed at "Geometry optimization using EF" on a Linux machine

   ATOM   CHEMICAL          X               Y               Z
  NUMBER   SYMBOL      (ANGSTROMS)     (ANGSTROMS)     (ANGSTROMS)

     1       C         -2.40330000  *  -2.80250000  *   0.06670000  *
     2       C         -1.97490000  *  -1.37110000  *   0.25670000  *
     3       O         -2.32280000  *  -0.70200000  *   1.25220000  *
     4       O         -1.16670000  *  -0.71900000  *  -0.67070000  *
     5       C         -0.75930000  *   0.63730000  *  -0.49020000  *
     6       C         -1.36230000  *   1.43290000  *  -1.60520000  *
     7       C         -1.10870000  *   2.86320000  *  -1.61960000  *
     8       O         -0.48520000  *   3.45080000  *  -0.72520000  *
     9       O         -1.59210000  *   3.60080000  *  -2.69170000  *
    10       C          0.72090000  *   0.77160000  *  -0.47290000  *
    11       N          1.39920000  *   0.03370000  *   0.56020000  *
    12       C          1.62120000  *  -1.32420000  *   0.09310000  *
    13       C          2.73740000  *   0.62590000  *   0.71830000  *
    14       C          0.77940000  *   0.05150000  *   1.84150000  *
    15       H         -2.79340000  *  -2.88280000  *  -0.95970000  *
    16       H         -1.58970000  *  -3.48610000  *   0.29570000  *
    17       H         -3.24050000  *  -2.97730000  *   0.78380000  *
    18       H         -1.18460000  *   0.98460000  *   0.46390000  *
    19       H         -1.13850000  *   0.96550000  *  -2.61500000  *
    20       H         -2.48330000  *   1.28380000  *  -1.48680000  *
    21       H          1.14260000  *   0.42590000  *  -1.45970000  *
    22       H          1.00880000  *   1.82810000  *  -0.38450000  *
    23       H          1.39810000  *  -2.05510000  *   0.87880000  *
    24       H          1.01070000  *  -1.53930000  *  -0.82450000  *
    25       H          2.67980000  *  -1.49590000  *  -0.23160000  *
    26       H          3.42440000  *  -0.14000000  *   1.10820000  *
    27       H          3.08560000  *   1.07720000  *  -0.24810000  *
    28       H          2.62480000  *   1.42070000  *   1.47130000  *
    29       H          0.10570000  *   0.89260000  *   2.03730000  *
    30       H          0.30170000  *  -0.95410000  *   2.00550000  *
    31       H          1.56480000  *   0.10310000  *   2.65230000  *



          CARTESIAN COORDINATES 

    NO.       ATOM           X           Y           Z

     1         C         -2.4033     -2.8025      0.0667
     2         C         -1.9749     -1.3711      0.2567
     3         O         -2.3228     -0.7020      1.2522
     4         O         -1.1667     -0.7190     -0.6707
     5         C         -0.7593      0.6373     -0.4902
     6         C         -1.3623      1.4329     -1.6052
     7         C         -1.1087      2.8632     -1.6196
     8         O         -0.4852      3.4508     -0.7252
     9         O         -1.5921      3.6008     -2.6917
    10         C          0.7209      0.7716     -0.4729
    11         N          1.3992      0.0337      0.5602
    12         C          1.6212     -1.3242      0.0931
    13         C          2.7374      0.6259      0.7183
    14         C          0.7794      0.0515      1.8415
    15         H         -2.7934     -2.8828     -0.9597
    16         H         -1.5897     -3.4861      0.2957
    17         H         -3.2405     -2.9773      0.7838
    18         H         -1.1846      0.9846      0.4639
    19         H         -1.1385      0.9655     -2.6150
    20         H         -2.4833      1.2838     -1.4868
    21         H          1.1426      0.4259     -1.4597
    22         H          1.0088      1.8281     -0.3845
    23         H          1.3981     -2.0551      0.8788
    24         H          1.0107     -1.5393     -0.8245
    25         H          2.6798     -1.4959     -0.2316
    26         H          3.4244     -0.1400      1.1082
    27         H          3.0856      1.0772     -0.2481
    28         H          2.6248      1.4207      1.4713
    29         H          0.1057      0.8926      2.0373
    30         H          0.3017     -0.9541      2.0055
    31         H          1.5648      0.1031      2.6523

 General Reference for PM7:
 "Optimization of Parameters for Semiempirical Methods VI: More Modifications to the 
 NDDO Approximations and Re-optimization of Parameters", J. J. P. Stewart, J. Mol. Mod., 1:32, 19 (2013)
 https://link.springer.com/article/10.1007/s00894-012-1667-x

           Empirical Formula: C9 H17 N O4  =    31 atoms



      MOLECULAR POINT GROUP   :   C1  


      RHF CALCULATION, NO. OF DOUBLY OCCUPIED LEVELS = 41


          Geometry optimization using EF

  GNORM HAS BEEN SET TOO LOW, RESET TO 0.01

  SPECIFY LET AS KEYWORD TO ALLOW GNORM LESS THAN 0.01

          DIAGONAL MATRIX USED AS START HESSIAN

 CYCLE:     1 TIME:   0.051 TIME LEFT:  2.00D  GRAD.:   354.601 HEAT: -94.48542
 CYCLE:     2 TIME:   0.020 TIME LEFT:  2.00D  GRAD.:   232.146 HEAT: -124.3994
 CYCLE:     3 TIME:   0.055 TIME LEFT:  2.00D  GRAD.:   121.909 HEAT: -132.6271
 CYCLE:     4 TIME:   0.035 TIME LEFT:  2.00D  GRAD.:   122.096 HEAT: -135.8004
 CYCLE:     5 TIME:   0.047 TIME LEFT:  2.00D  GRAD.:   128.421 HEAT: -138.8479
 CYCLE:     6 TIME:   0.023 TIME LEFT:  2.00D  GRAD.:   144.896 HEAT: -139.8052
 CYCLE:     7 TIME:   0.027 TIME LEFT:  2.00D  GRAD.:    64.991 HEAT: -143.5426
 CYCLE:     8 TIME:   0.094 TIME LEFT:  2.00D  GRAD.:    48.711 HEAT: -145.1122
 CYCLE:     9 TIME:   0.023 TIME LEFT:  2.00D  GRAD.:    73.386 HEAT: -145.7089
 CYCLE:    10 TIME:   0.035 TIME LEFT:  2.00D  GRAD.:    71.629 HEAT: -146.6014
 CYCLE:    11 TIME:   0.031 TIME LEFT:  2.00D  GRAD.:    72.438 HEAT: -147.3311
 CYCLE:    12 TIME:   0.020 TIME LEFT:  2.00D  GRAD.:    66.067 HEAT: -147.6420
 CYCLE:    13 TIME:   0.055 TIME LEFT:  2.00D  GRAD.:    47.183 HEAT: -148.5819
 CYCLE:    14 TIME:   0.039 TIME LEFT:  2.00D  GRAD.:    45.435 HEAT: -148.7225
 CYCLE:    15 TIME:   0.023 TIME LEFT:  2.00D  GRAD.:    46.208 HEAT: -149.1553
 CYCLE:    16 TIME:   0.027 TIME LEFT:  2.00D  GRAD.:    33.988 HEAT: -149.5368
 CYCLE:    17 TIME:   0.016 TIME LEFT:  2.00D  GRAD.:    41.469 HEAT: -149.8409
 CYCLE:    18 TIME:   0.082 TIME LEFT:  2.00D  GRAD.:    38.458 HEAT: -150.0962
 CYCLE:    19 TIME:   0.027 TIME LEFT:  2.00D  GRAD.:    35.971 HEAT: -150.5273
 CYCLE:    20 TIME:   0.031 TIME LEFT:  2.00D  GRAD.:    32.163 HEAT: -150.6635
 CYCLE:    21 TIME:   0.094 TIME LEFT:  2.00D  GRAD.:    36.569 HEAT: -150.8139
 CYCLE:    22 TIME:   0.020 TIME LEFT:  2.00D  GRAD.:    17.637 HEAT: -151.1456
 CYCLE:    23 TIME:   0.043 TIME LEFT:  2.00D  GRAD.:    25.008 HEAT: -151.1608
 CYCLE:    24 TIME:   0.039 TIME LEFT:  2.00D  GRAD.:    18.113 HEAT: -151.3453
 CYCLE:    25 TIME:   0.012 TIME LEFT:  2.00D  GRAD.:    24.251 HEAT: -151.4516
 CYCLE:    26 TIME:   0.035 TIME LEFT:  2.00D  GRAD.:    11.245 HEAT: -151.6899
 CYCLE:    27 TIME:   0.016 TIME LEFT:  2.00D  GRAD.:    16.602 HEAT: -151.8697
 CYCLE:    28 TIME:   0.035 TIME LEFT:  2.00D  GRAD.:    19.478 HEAT: -152.0955
 CYCLE:    29 TIME:   0.020 TIME LEFT:  2.00D  GRAD.:    26.012 HEAT: -152.2187
 CYCLE:    30 TIME:   0.078 TIME LEFT:  2.00D  GRAD.:    18.861 HEAT: -152.4855
 CYCLE:    31 TIME:   0.070 TIME LEFT:  2.00D  GRAD.:    16.342 HEAT: -152.6761
 CYCLE:    32 TIME:   0.086 TIME LEFT:  2.00D  GRAD.:    12.112 HEAT: -152.8705
 CYCLE:    33 TIME:   0.082 TIME LEFT:  2.00D  GRAD.:    14.676 HEAT: -153.1360
 CYCLE:    34 TIME:   0.031 TIME LEFT:  2.00D  GRAD.:    17.205 HEAT: -153.4132
 CYCLE:    35 TIME:   0.039 TIME LEFT:  2.00D  GRAD.:    15.803 HEAT: -153.8316
 CYCLE:    36 TIME:   0.043 TIME LEFT:  2.00D  GRAD.:    12.859 HEAT: -154.1832
 CYCLE:    37 TIME:   0.031 TIME LEFT:  2.00D  GRAD.:    17.908 HEAT: -154.5417
 CYCLE:    38 TIME:   0.023 TIME LEFT:  2.00D  GRAD.:    18.712 HEAT: -154.7271
 CYCLE:    39 TIME:   0.047 TIME LEFT:  2.00D  GRAD.:    20.689 HEAT: -154.9560
 CYCLE:    40 TIME:   0.027 TIME LEFT:  2.00D  GRAD.:    12.197 HEAT: -155.1805
 CYCLE:    41 TIME:   0.027 TIME LEFT:  2.00D  GRAD.:     8.335 HEAT: -155.3605
 CYCLE:    42 TIME:   0.043 TIME LEFT:  2.00D  GRAD.:    10.621 HEAT: -155.6308
 CYCLE:    43 TIME:   0.020 TIME LEFT:  2.00D  GRAD.:    14.410 HEAT: -155.7913
 CYCLE:    44 TIME:   0.035 TIME LEFT:  2.00D  GRAD.:    12.785 HEAT: -155.9125
 CYCLE:    45 TIME:   0.039 TIME LEFT:  2.00D  GRAD.:    13.377 HEAT: -156.1285
 CYCLE:    46 TIME:   0.016 TIME LEFT:  2.00D  GRAD.:    12.227 HEAT: -156.3277
 CYCLE:    47 TIME:   0.043 TIME LEFT:  2.00D  GRAD.:    13.221 HEAT: -156.5418
 CYCLE:    48 TIME:   0.043 TIME LEFT:  2.00D  GRAD.:    14.508 HEAT: -156.8118
 CYCLE:    49 TIME:   0.031 TIME LEFT:  2.00D  GRAD.:    19.519 HEAT: -157.3221
 CYCLE:    50 TIME:   0.031 TIME LEFT:  2.00D  GRAD.:    45.386 HEAT: -159.3966
 CYCLE:    51 TIME:   0.113 TIME LEFT:  2.00D  GRAD.:    59.237 HEAT: -160.3697
 CYCLE:    52 TIME:   0.031 TIME LEFT:  2.00D  GRAD.:    22.161 HEAT: -161.6475
 CYCLE:    53 TIME:   0.031 TIME LEFT:  2.00D  GRAD.:    21.366 HEAT: -162.7312
 CYCLE:    54 TIME:   0.023 TIME LEFT:  2.00D  GRAD.:    33.339 HEAT: -163.6295
 CYCLE:    55 TIME:   0.059 TIME LEFT:  2.00D  GRAD.:    35.977 HEAT: -163.8751
 CYCLE:    56 TIME:   0.039 TIME LEFT:  2.00D  GRAD.:    28.202 HEAT: -164.4651
 CYCLE:    57 TIME:   0.051 TIME LEFT:  2.00D  GRAD.:    30.908 HEAT: -164.6683
 CYCLE:    58 TIME:   0.016 TIME LEFT:  2.00D  GRAD.:    12.164 HEAT: -165.0567
 CYCLE:    59 TIME:   0.094 TIME LEFT:  2.00D  GRAD.:    19.369 HEAT: -165.1277
 CYCLE:    60 TIME:   0.047 TIME LEFT:  2.00D  GRAD.:    10.190 HEAT: -165.3854
 CYCLE:    61 TIME:   0.039 TIME LEFT:  2.00D  GRAD.:     9.758 HEAT: -165.5455
 CYCLE:    62 TIME:   0.016 TIME LEFT:  2.00D  GRAD.:     9.590 HEAT: -165.6981
 CYCLE:    63 TIME:   0.039 TIME LEFT:  2.00D  GRAD.:     8.074 HEAT: -165.8307
 CYCLE:    64 TIME:   0.016 TIME LEFT:  2.00D  GRAD.:     7.261 HEAT: -165.9185
 CYCLE:    65 TIME:   0.031 TIME LEFT:  2.00D  GRAD.:     6.341 HEAT: -165.9822
 CYCLE:    66 TIME:   0.016 TIME LEFT:  2.00D  GRAD.:     6.891 HEAT: -166.0707
 CYCLE:    67 TIME:   0.043 TIME LEFT:  2.00D  GRAD.:     6.541 HEAT: -166.1687
 CYCLE:    68 TIME:   0.039 TIME LEFT:  2.00D  GRAD.:     6.333 HEAT: -166.2586
 CYCLE:    69 TIME:   0.016 TIME LEFT:  2.00D  GRAD.:     6.793 HEAT: -166.3430
 CYCLE:    70 TIME:   0.039 TIME LEFT:  2.00D  GRAD.:     7.415 HEAT: -166.4370
 CYCLE:    71 TIME:   0.016 TIME LEFT:  2.00D  GRAD.:     6.998 HEAT: -166.5399
 CYCLE:    72 TIME:   0.062 TIME LEFT:  2.00D  GRAD.:     7.454 HEAT: -166.6332
 CYCLE:    73 TIME:   0.023 TIME LEFT:  2.00D  GRAD.:     6.276 HEAT: -166.6941
 CYCLE:    74 TIME:   0.031 TIME LEFT:  2.00D  GRAD.:     6.065 HEAT: -166.7431
 CYCLE:    75 TIME:   0.020 TIME LEFT:  2.00D  GRAD.:     5.436 HEAT: -166.7948
 CYCLE:    76 TIME:   0.023 TIME LEFT:  2.00D  GRAD.:     5.567 HEAT: -166.8849
 CYCLE:    77 TIME:   0.027 TIME LEFT:  2.00D  GRAD.:     6.199 HEAT: -166.9640
 CYCLE:    78 TIME:   0.039 TIME LEFT:  2.00D  GRAD.:     6.887 HEAT: -167.0621
 CYCLE:    79 TIME:   0.016 TIME LEFT:  2.00D  GRAD.:     6.882 HEAT: -167.1297
 CYCLE:    80 TIME:   0.043 TIME LEFT:  2.00D  GRAD.:     7.331 HEAT: -167.1935
 CYCLE:    81 TIME:   0.016 TIME LEFT:  2.00D  GRAD.:     5.686 HEAT: -167.2687
 CYCLE:    82 TIME:   0.035 TIME LEFT:  2.00D  GRAD.:     4.732 HEAT: -167.3480
 CYCLE:    83 TIME:   0.016 TIME LEFT:  2.00D  GRAD.:     4.165 HEAT: -167.4027
 CYCLE:    84 TIME:   0.031 TIME LEFT:  2.00D  GRAD.:     3.762 HEAT: -167.4399
 CYCLE:    85 TIME:   0.016 TIME LEFT:  2.00D  GRAD.:     3.663 HEAT: -167.4666
 CYCLE:    86 TIME:   0.035 TIME LEFT:  2.00D  GRAD.:     3.596 HEAT: -167.4842
 CYCLE:    87 TIME:   0.016 TIME LEFT:  2.00D  GRAD.:     3.536 HEAT: -167.5007
 CYCLE:    88 TIME:   0.062 TIME LEFT:  2.00D  GRAD.:     4.182 HEAT: -167.5161
 CYCLE:    89 TIME:   0.023 TIME LEFT:  2.00D  GRAD.:     2.844 HEAT: -167.5320
 CYCLE:    90 TIME:   0.016 TIME LEFT:  2.00D  GRAD.:     2.320 HEAT: -167.5456
 CYCLE:    91 TIME:   0.031 TIME LEFT:  2.00D  GRAD.:     2.238 HEAT: -167.5544
 CYCLE:    92 TIME:   0.016 TIME LEFT:  2.00D  GRAD.:     2.327 HEAT: -167.5637
 CYCLE:    93 TIME:   0.035 TIME LEFT:  2.00D  GRAD.:     2.122 HEAT: -167.5725
 CYCLE:    94 TIME:   0.012 TIME LEFT:  2.00D  GRAD.:     2.060 HEAT: -167.5808
 CYCLE:    95 TIME:   0.035 TIME LEFT:  2.00D  GRAD.:     1.808 HEAT: -167.5870
 CYCLE:    96 TIME:   0.016 TIME LEFT:  2.00D  GRAD.:     1.638 HEAT: -167.5925
 CYCLE:    97 TIME:   0.039 TIME LEFT:  2.00D  GRAD.:     1.601 HEAT: -167.5965
 CYCLE:    98 TIME:   0.020 TIME LEFT:  2.00D  GRAD.:     1.641 HEAT: -167.6006
 CYCLE:    99 TIME:   0.027 TIME LEFT:  2.00D  GRAD.:     1.805 HEAT: -167.6049
 CYCLE:   100 TIME:   0.023 TIME LEFT:  2.00D  GRAD.:     1.508 HEAT: -167.6091
 CYCLE:   101 TIME:   0.043 TIME LEFT:  2.00D  GRAD.:     1.012 HEAT: -167.6123
 CYCLE:   102 TIME:   0.035 TIME LEFT:  2.00D  GRAD.:     0.738 HEAT: -167.6136
 CYCLE:   103 TIME:   0.012 TIME LEFT:  2.00D  GRAD.:     0.714 HEAT: -167.6154
 CYCLE:   104 TIME:   0.043 TIME LEFT:  2.00D  GRAD.:     0.769 HEAT: -167.6164
 CYCLE:   105 TIME:   0.031 TIME LEFT:  2.00D  GRAD.:     0.941 HEAT: -167.6182
 CYCLE:   106 TIME:   0.016 TIME LEFT:  2.00D  GRAD.:     0.867 HEAT: -167.6191
 CYCLE:   107 TIME:   0.027 TIME LEFT:  2.00D  GRAD.:     0.835 HEAT: -167.6209
 CYCLE:   108 TIME:   0.020 TIME LEFT:  2.00D  GRAD.:     1.034 HEAT: -167.6225
 CYCLE:   109 TIME:   0.020 TIME LEFT:  2.00D  GRAD.:     1.040 HEAT: -167.6245
 CYCLE:   110 TIME:   0.031 TIME LEFT:  2.00D  GRAD.:     0.913 HEAT: -167.6261
 CYCLE:   111 TIME:   0.016 TIME LEFT:  2.00D  GRAD.:     0.822 HEAT: -167.6278
 CYCLE:   112 TIME:   0.031 TIME LEFT:  2.00D  GRAD.:     0.882 HEAT: -167.6294
 CYCLE:   113 TIME:   0.020 TIME LEFT:  2.00D  GRAD.:     1.028 HEAT: -167.6316
 CYCLE:   114 TIME:   0.047 TIME LEFT:  2.00D  GRAD.:     1.175 HEAT: -167.6339
 CYCLE:   115 TIME:   0.035 TIME LEFT:  2.00D  GRAD.:     1.235 HEAT: -167.6364
 CYCLE:   116 TIME:   0.020 TIME LEFT:  2.00D  GRAD.:     1.111 HEAT: -167.6392
 CYCLE:   117 TIME:   0.031 TIME LEFT:  2.00D  GRAD.:     0.990 HEAT: -167.6408
 CYCLE:   118 TIME:   0.016 TIME LEFT:  2.00D  GRAD.:     1.207 HEAT: -167.6430
 CYCLE:   119 TIME:   0.035 TIME LEFT:  2.00D  GRAD.:     0.703 HEAT: -167.6443
 CYCLE:   120 TIME:   0.016 TIME LEFT:  2.00D  GRAD.:     0.415 HEAT: -167.6450
 CYCLE:   121 TIME:   0.035 TIME LEFT:  2.00D  GRAD.:     0.377 HEAT: -167.6455
 CYCLE:   122 TIME:   0.012 TIME LEFT:  2.00D  GRAD.:     0.495 HEAT: -167.6459
 CYCLE:   123 TIME:   0.035 TIME LEFT:  2.00D  GRAD.:     0.441 HEAT: -167.6463
 CYCLE:   124 TIME:   0.016 TIME LEFT:  2.00D  GRAD.:     0.402 HEAT: -167.6469
 CYCLE:   125 TIME:   0.035 TIME LEFT:  2.00D  GRAD.:     0.458 HEAT: -167.6474
 CYCLE:   126 TIME:   0.016 TIME LEFT:  2.00D  GRAD.:     0.426 HEAT: -167.6479
 CYCLE:   127 TIME:   0.031 TIME LEFT:  2.00D  GRAD.:     0.455 HEAT: -167.6483
 CYCLE:   128 TIME:   0.016 TIME LEFT:  2.00D  GRAD.:     0.375 HEAT: -167.6487
 CYCLE:   129 TIME:   0.035 TIME LEFT:  2.00D  GRAD.:     0.397 HEAT: -167.6491
 CYCLE:   130 TIME:   0.016 TIME LEFT:  2.00D  GRAD.:     0.488 HEAT: -167.6495
 CYCLE:   131 TIME:   0.043 TIME LEFT:  2.00D  GRAD.:     0.513 HEAT: -167.6499
 CYCLE:   132 TIME:   0.016 TIME LEFT:  2.00D  GRAD.:     0.536 HEAT: -167.6506
 CYCLE:   133 TIME:   0.027 TIME LEFT:  2.00D  GRAD.:     0.490 HEAT: -167.6510
 CYCLE:   134 TIME:   0.016 TIME LEFT:  2.00D  GRAD.:     0.623 HEAT: -167.6517
 CYCLE:   135 TIME:   0.035 TIME LEFT:  2.00D  GRAD.:     0.399 HEAT: -167.6520
 CYCLE:   136 TIME:   0.012 TIME LEFT:  2.00D  GRAD.:     0.330 HEAT: -167.6524
 CYCLE:   137 TIME:   0.043 TIME LEFT:  2.00D  GRAD.:     0.383 HEAT: -167.6527
 CYCLE:   138 TIME:   0.016 TIME LEFT:  2.00D  GRAD.:     0.469 HEAT: -167.6532
 CYCLE:   139 TIME:   0.031 TIME LEFT:  2.00D  GRAD.:     0.429 HEAT: -167.6536
 CYCLE:   140 TIME:   0.020 TIME LEFT:  2.00D  GRAD.:     0.616 HEAT: -167.6546
 CYCLE:   141 TIME:   0.027 TIME LEFT:  2.00D  GRAD.:     0.447 HEAT: -167.6552
 CYCLE:   142 TIME:   0.016 TIME LEFT:  2.00D  GRAD.:     0.329 HEAT: -167.6555
 CYCLE:   143 TIME:   0.035 TIME LEFT:  2.00D  GRAD.:     0.336 HEAT: -167.6558
 CYCLE:   144 TIME:   0.016 TIME LEFT:  2.00D  GRAD.:     0.302 HEAT: -167.6560
 CYCLE:   145 TIME:   0.035 TIME LEFT:  2.00D  GRAD.:     0.425 HEAT: -167.6562
 CYCLE:   146 TIME:   0.016 TIME LEFT:  2.00D  GRAD.:     0.255 HEAT: -167.6564
 CYCLE:   147 TIME:   0.035 TIME LEFT:  2.00D  GRAD.:     0.221 HEAT: -167.6566
 CYCLE:   148 TIME:   0.016 TIME LEFT:  2.00D  GRAD.:     0.266 HEAT: -167.6568
 CYCLE:   149 TIME:   0.031 TIME LEFT:  2.00D  GRAD.:     0.314 HEAT: -167.6570
 CYCLE:   150 TIME:   0.016 TIME LEFT:  2.00D  GRAD.:     0.344 HEAT: -167.6572
 CYCLE:   151 TIME:   0.035 TIME LEFT:  2.00D  GRAD.:     0.401 HEAT: -167.6575
 CYCLE:   152 TIME:   0.016 TIME LEFT:  2.00D  GRAD.:     0.354 HEAT: -167.6577
 CYCLE:   153 TIME:   0.039 TIME LEFT:  2.00D  GRAD.:     0.338 HEAT: -167.6579
 CYCLE:   154 TIME:   0.016 TIME LEFT:  2.00D  GRAD.:     0.241 HEAT: -167.6581
 CYCLE:   155 TIME:   0.031 TIME LEFT:  2.00D  GRAD.:     0.366 HEAT: -167.6581
 CYCLE:   156 TIME:   0.016 TIME LEFT:  2.00D  GRAD.:     0.173 HEAT: -167.6584
 CYCLE:   157 TIME:   0.035 TIME LEFT:  2.00D  GRAD.:     0.161 HEAT: -167.6584
 CYCLE:   158 TIME:   0.016 TIME LEFT:  2.00D  GRAD.:     0.152 HEAT: -167.6585
 CYCLE:   159 TIME:   0.027 TIME LEFT:  2.00D  GRAD.:     0.209 HEAT: -167.6586
 CYCLE:   160 TIME:   0.020 TIME LEFT:  2.00D  GRAD.:     0.264 HEAT: -167.6587
 CYCLE:   161 TIME:   0.035 TIME LEFT:  2.00D  GRAD.:     0.299 HEAT: -167.6588
 CYCLE:   162 TIME:   0.016 TIME LEFT:  2.00D  GRAD.:     0.286 HEAT: -167.6590
 CYCLE:   163 TIME:   0.031 TIME LEFT:  2.00D  GRAD.:     0.222 HEAT: -167.6591
 CYCLE:   164 TIME:   0.016 TIME LEFT:  2.00D  GRAD.:     0.283 HEAT: -167.6591
 CYCLE:   165 TIME:   0.035 TIME LEFT:  2.00D  GRAD.:     0.197 HEAT: -167.6592
 CYCLE:   166 TIME:   0.016 TIME LEFT:  2.00D  GRAD.:     0.174 HEAT: -167.6592
 CYCLE:   167 TIME:   0.039 TIME LEFT:  2.00D  GRAD.:     0.165 HEAT: -167.6592
 CYCLE:   168 TIME:   0.012 TIME LEFT:  2.00D  GRAD.:     0.251 HEAT: -167.6592
 CYCLE:   169 TIME:   0.027 TIME LEFT:  2.00D  GRAD.:     0.167 HEAT: -167.6593
 CYCLE:   170 TIME:   0.020 TIME LEFT:  2.00D  GRAD.:     0.126 HEAT: -167.6593
 CYCLE:   171 TIME:   0.027 TIME LEFT:  2.00D  GRAD.:     0.122 HEAT: -167.6593
 CYCLE:   172 TIME:   0.023 TIME LEFT:  2.00D  GRAD.:     0.224 HEAT: -167.6591
 CYCLE:   173 TIME:   0.035 TIME LEFT:  2.00D  GRAD.:     0.114 HEAT: -167.6593
 CYCLE:   174 TIME:   0.012 TIME LEFT:  2.00D  GRAD.:     0.079 HEAT: -167.6593
 CYCLE:   175 TIME:   0.043 TIME LEFT:  2.00D  GRAD.:     0.074 HEAT: -167.6594
 CYCLE:   176 TIME:   0.012 TIME LEFT:  2.00D  GRAD.:     0.232 HEAT: -167.6592
 CYCLE:   177 TIME:   0.031 TIME LEFT:  2.00D  GRAD.:     0.099 HEAT: -167.6594
 CYCLE:   178 TIME:   0.016 TIME LEFT:  2.00D  GRAD.:     0.086 HEAT: -167.6594
 CYCLE:   179 TIME:   0.035 TIME LEFT:  2.00D  GRAD.:     0.096 HEAT: -167.6595
 CYCLE:   180 TIME:   0.016 TIME LEFT:  2.00D  GRAD.:     0.142 HEAT: -167.6595
 CYCLE:   181 TIME:   0.031 TIME LEFT:  2.00D  GRAD.:     0.128 HEAT: -167.6595
 CYCLE:   182 TIME:   0.016 TIME LEFT:  2.00D  GRAD.:     0.165 HEAT: -167.6595
 CYCLE:   183 TIME:   0.043 TIME LEFT:  2.00D  GRAD.:     0.164 HEAT: -167.6596
 CYCLE:   184 TIME:   0.016 TIME LEFT:  2.00D  GRAD.:     0.200 HEAT: -167.6595
 CYCLE:   185 TIME:   0.035 TIME LEFT:  2.00D  GRAD.:     0.192 HEAT: -167.6596
 CYCLE:   186 TIME:   0.016 TIME LEFT:  2.00D  GRAD.:     0.191 HEAT: -167.6597
 CYCLE:   187 TIME:   0.043 TIME LEFT:  2.00D  GRAD.:     0.454 HEAT: -167.6596
 CYCLE:   188 TIME:   0.043 TIME LEFT:  2.00D  GRAD.:     0.308 HEAT: -167.6602
 CYCLE:   189 TIME:   0.027 TIME LEFT:  2.00D  GRAD.:     0.594 HEAT: -167.6605
 CYCLE:   190 TIME:   0.027 TIME LEFT:  2.00D  GRAD.:     0.439 HEAT: -167.6608
 CYCLE:   191 TIME:   0.020 TIME LEFT:  2.00D  GRAD.:     0.192 HEAT: -167.6609
 CYCLE:   192 TIME:   0.043 TIME LEFT:  2.00D  GRAD.:     0.147 HEAT: -167.6611
 CYCLE:   193 TIME:   0.031 TIME LEFT:  2.00D  GRAD.:     0.188 HEAT: -167.6612
 CYCLE:   194 TIME:   0.016 TIME LEFT:  2.00D  GRAD.:     0.114 HEAT: -167.6612
 CYCLE:   195 TIME:   0.031 TIME LEFT:  2.00D  GRAD.:     0.107 HEAT: -167.6613
 CYCLE:   196 TIME:   0.031 TIME LEFT:  2.00D  GRAD.:     0.090 HEAT: -167.6613
 CYCLE:   197 TIME:   0.023 TIME LEFT:  2.00D  GRAD.:     0.082 HEAT: -167.6614
 CYCLE:   198 TIME:   0.027 TIME LEFT:  2.00D  GRAD.:     0.096 HEAT: -167.6613
 CYCLE:   199 TIME:   0.035 TIME LEFT:  2.00D  GRAD.:     0.090 HEAT: -167.6616
 CYCLE:   200 TIME:   0.039 TIME LEFT:  2.00D  GRAD.:     0.083 HEAT: -167.6615
 CYCLE:   201 TIME:   0.012 TIME LEFT:  2.00D  GRAD.:     0.069 HEAT: -167.6616
 CYCLE:   202 TIME:   0.035 TIME LEFT:  2.00D  GRAD.:     0.070 HEAT: -167.6615
 CYCLE:   203 TIME:   0.016 TIME LEFT:  2.00D  GRAD.:     0.064 HEAT: -167.6616
 CYCLE:   204 TIME:   0.031 TIME LEFT:  2.00D  GRAD.:     0.066 HEAT: -167.6616
 CYCLE:   205 TIME:   0.016 TIME LEFT:  2.00D  GRAD.:     0.060 HEAT: -167.6616
 CYCLE:   206 TIME:   0.039 TIME LEFT:  2.00D  GRAD.:     0.257 HEAT: -167.6611
 CYCLE:   207 TIME:   0.016 TIME LEFT:  2.00D  GRAD.:     0.083 HEAT: -167.6616
 CYCLE:   208 TIME:   0.035 TIME LEFT:  2.00D  GRAD.:     0.064 HEAT: -167.6616
 CYCLE:   209 TIME:   0.043 TIME LEFT:  2.00D  GRAD.:     0.065 HEAT: -167.6616
 CYCLE:   210 TIME:   0.016 TIME LEFT:  2.00D  GRAD.:     0.125 HEAT: -167.6616
 CYCLE:   211 TIME:   0.039 TIME LEFT:  2.00D  GRAD.:     0.127 HEAT: -167.6617
 CYCLE:   212 TIME:   0.016 TIME LEFT:  2.00D  GRAD.:     0.139 HEAT: -167.6617
 CYCLE:   213 TIME:   0.035 TIME LEFT:  2.00D  GRAD.:     0.093 HEAT: -167.6617
 CYCLE:   214 TIME:   0.016 TIME LEFT:  2.00D  GRAD.:     0.250 HEAT: -167.6616
 CYCLE:   215 TIME:   0.035 TIME LEFT:  2.00D  GRAD.:     0.067 HEAT: -167.6619
 CYCLE:   216 TIME:   0.016 TIME LEFT:  2.00D  GRAD.:     0.067 HEAT: -167.6619
 CYCLE:   217 TIME:   0.035 TIME LEFT:  2.00D  GRAD.:     0.052 HEAT: -167.6619
 CYCLE:   218 TIME:   0.016 TIME LEFT:  2.00D  GRAD.:     0.274 HEAT: -167.6614
 CYCLE:   219 TIME:   0.035 TIME LEFT:  2.00D  GRAD.:     0.056 HEAT: -167.6620
 CYCLE:   220 TIME:   0.023 TIME LEFT:  2.00D  GRAD.:     0.060 HEAT: -167.6620
 CYCLE:   221 TIME:   0.059 TIME LEFT:  2.00D  GRAD.:     0.045 HEAT: -167.6621
 CYCLE:   222 TIME:   0.020 TIME LEFT:  2.00D  GRAD.:     0.076 HEAT: -167.6620
 CYCLE:   223 TIME:   0.023 TIME LEFT:  2.00D  GRAD.:     0.042 HEAT: -167.6621
 CYCLE:   224 TIME:   0.051 TIME LEFT:  2.00D  GRAD.:     0.056 HEAT: -167.6621
 CYCLE:   225 TIME:   0.023 TIME LEFT:  2.00D  GRAD.:     0.042 HEAT: -167.6621
 CYCLE:   226 TIME:   0.016 TIME LEFT:  2.00D  GRAD.:     0.062 HEAT: -167.6621
 CYCLE:   227 TIME:   0.035 TIME LEFT:  2.00D  GRAD.:     0.042 HEAT: -167.6622
 CYCLE:   228 TIME:   0.016 TIME LEFT:  2.00D  GRAD.:     0.076 HEAT: -167.6621
 CYCLE:   229 TIME:   0.031 TIME LEFT:  2.00D  GRAD.:     0.043 HEAT: -167.6622
 CYCLE:   230 TIME:   0.020 TIME LEFT:  2.00D  GRAD.:     0.061 HEAT: -167.6621
 CYCLE:   231 TIME:   0.031 TIME LEFT:  2.00D  GRAD.:     0.045 HEAT: -167.6623
 CYCLE:   232 TIME:   0.016 TIME LEFT:  2.00D  GRAD.:     0.067 HEAT: -167.6622
 CYCLE:   233 TIME:   0.035 TIME LEFT:  2.00D  GRAD.:     0.043 HEAT: -167.6623
 CYCLE:   234 TIME:   0.016 TIME LEFT:  2.00D  GRAD.:     0.066 HEAT: -167.6621
 CYCLE:   235 TIME:   0.035 TIME LEFT:  2.00D  GRAD.:     0.042 HEAT: -167.6624
 CYCLE:   236 TIME:   0.031 TIME LEFT:  2.00D  GRAD.:     0.049 HEAT: -167.6623
 CYCLE:   237 TIME:   0.020 TIME LEFT:  2.00D  GRAD.:     0.040 HEAT: -167.6624
 CYCLE:   238 TIME:   0.023 TIME LEFT:  2.00D  GRAD.:     0.049 HEAT: -167.6622
 CYCLE:   239 TIME:   0.027 TIME LEFT:  2.00D  GRAD.:     0.042 HEAT: -167.6624
 CYCLE:   240 TIME:   0.012 TIME LEFT:  2.00D  GRAD.:     0.079 HEAT: -167.6623
 CYCLE:   241 TIME:   0.035 TIME LEFT:  2.00D  GRAD.:     0.044 HEAT: -167.6624
 CYCLE:   242 TIME:   0.020 TIME LEFT:  2.00D  GRAD.:     0.064 HEAT: -167.6622
 CYCLE:   243 TIME:   0.031 TIME LEFT:  2.00D  GRAD.:     0.044 HEAT: -167.6625
 CYCLE:   244 TIME:   0.020 TIME LEFT:  2.00D  GRAD.:     0.068 HEAT: -167.6624
 CYCLE:   245 TIME:   0.031 TIME LEFT:  2.00D  GRAD.:     0.042 HEAT: -167.6625
 CYCLE:   246 TIME:   0.016 TIME LEFT:  2.00D  GRAD.:     0.062 HEAT: -167.6622
 CYCLE:   247 TIME:   0.035 TIME LEFT:  2.00D  GRAD.:     0.045 HEAT: -167.6625
 CYCLE:   248 TIME:   0.012 TIME LEFT:  2.00D  GRAD.:     0.064 HEAT: -167.6624
 CYCLE:   249 TIME:   0.035 TIME LEFT:  2.00D  GRAD.:     0.042 HEAT: -167.6625
 CYCLE:   250 TIME:   0.020 TIME LEFT:  2.00D  GRAD.:     0.060 HEAT: -167.6622
 CYCLE:   251 TIME:   0.031 TIME LEFT:  2.00D  GRAD.:     0.046 HEAT: -167.6625
 CYCLE:   252 TIME:   0.016 TIME LEFT:  2.00D  GRAD.:     0.057 HEAT: -167.6624
 CYCLE:   253 TIME:   0.035 TIME LEFT:  2.00D  GRAD.:     0.042 HEAT: -167.6625
 CYCLE:   254 TIME:   0.016 TIME LEFT:  2.00D  GRAD.:     0.058 HEAT: -167.6623
 CYCLE:   255 TIME:   0.051 TIME LEFT:  2.00D  GRAD.:     0.046 HEAT: -167.6624
 CYCLE:   256 TIME:   0.035 TIME LEFT:  2.00D  GRAD.:     0.050 HEAT: -167.6624
 CYCLE:   257 TIME:   0.016 TIME LEFT:  2.00D  GRAD.:     0.041 HEAT: -167.6624
 CYCLE:   258 TIME:   0.031 TIME LEFT:  2.00D  GRAD.:     0.053 HEAT: -167.6623


 HEAT OF FORMATION IS ESSENTIALLY STATIONARY

 -------------------------------------------------------------------------------
 EF PM7 PRECISE GNORM=0.0 T=48H ENPART DISP
 Crashed at "Geometry optimization using EF" on a Linux machine



     GEOMETRY OPTIMISED USING EIGENVECTOR FOLLOWING (EF).     
     SCF FIELD WAS ACHIEVED                                   


                              PM7 CALCULATION
                                                       MOPAC v22.0.6 MacOS
                                                       Thu Apr 13 11:30:46 2023




          FINAL HEAT OF FORMATION =       -167.66229 KCAL/MOL =    -701.49900 KJ/MOL

          TOTAL ENERGY            =     -62312.34412 KCAL/MOL = ELECTRONIC ENERGY + CORE-CORE REPULSION
          ENERGY OF ATOMS         =      62151.58919 KCAL/MOL
                              SUM =       -160.75493 KCAL/MOL
          DISPERSION ENERGY       =         -5.57826 KCAL/MOL
          H-BOND ENERGY           =         -1.32910 KCAL/MOL
                              SUM =       -167.66229 KCAL/MOL = FINAL HEAT OF FORMATION

          No. OF HYDROGEN BONDS   =          1       (H-bond Energy < -1.0 Kcal/mol)


          TOTAL ENERGY            =      -2702.11899 EV
          ELECTRONIC ENERGY       =     -16549.49307 EV 
          CORE-CORE REPULSION     =      13847.37408 EV
          COSMO AREA              =        230.14 SQUARE ANGSTROMS
          COSMO VOLUME            =        254.61 CUBIC ANGSTROMS

          GRADIENT NORM           =          0.05280          =       0.00948 PER ATOM
          IONIZATION POTENTIAL    =          8.209033 EV
          HOMO LUMO ENERGIES (EV) =         -8.209  0.876
          NO. OF FILLED LEVELS    =         41
          MOLECULAR WEIGHT        =        203.2376         POINT GROUP:  C1  

          MOLECULAR DIMENSIONS (Angstroms)

            Atom       Atom       Distance
            H    26    H    17     7.81824
            H    23    O     9     7.31662
            H    31    H    19     3.88959


          SCF CALCULATIONS        =        270

          WALL-CLOCK TIME         =      7.805 SECONDS
          COMPUTATION TIME        =     54.182 SECONDS




   ATOM   CHEMICAL          X               Y               Z
  NUMBER   SYMBOL      (ANGSTROMS)     (ANGSTROMS)     (ANGSTROMS)

     1       C         -2.59914533  *  -2.77544056  *  -0.41338650  *
     2       C         -1.87644052  *  -1.57693009  *   0.11430681  *
     3       O         -1.57015976  *  -1.40388897  *   1.27668074  *
     4       O         -1.60348294  *  -0.71351954  *  -0.85710240  *
     5       C         -0.89706710  *   0.54664068  *  -0.52243514  *
     6       C         -1.40054961  *   1.43466098  *  -1.67991217  *
     7       C         -1.00526691  *   2.87540419  *  -1.50211041  *
     8       O          0.27308885  *   3.11486407  *  -1.13504432  *
     9       O         -1.73205785  *   3.81664804  *  -1.68564703  *
    10       C          0.53546011  *   0.35412373  *  -0.54350756  *
    11       N          1.33580126  *   0.10785505  *   0.61807241  *
    12       C          1.57578964  *  -1.37179371  *   0.81544635  *
    13       C          2.68281329  *   0.77032817  *   0.42745381  *
    14       C          0.73049934  *   0.65848403  *   1.87895536  *
    15       H         -2.83267756  *  -2.68422731  *  -1.48489668  *
    16       H         -1.99363918  *  -3.68256568  *  -0.27449375  *
    17       H         -3.54347392  *  -2.92436647  *   0.13260989  *
    18       H         -1.32634398  *   0.88523927  *   0.44638326  *
    19       H         -1.00828449  *   1.05424424  *  -2.64638428  *
    20       H         -2.50601444  *   1.35391194  *  -1.76432090  *
    21       H          0.98468542  *   0.08016815  *  -1.47984655  *
    22       H          0.79313953  *   2.27026593  *  -0.93402104  *
    23       H          2.25938063  *  -1.56933950  *   1.64959282  *
    24       H          0.61359056  *  -1.87880381  *   1.02433354  *
    25       H          1.98036200  *  -1.81802064  *  -0.10543748  *
    26       H          3.34794974  *   0.58465057  *   1.28152869  *
    27       H          3.16914263  *   0.39600536  *  -0.48816459  *
    28       H          2.55526821  *   1.86107569  *   0.30750929  *
    29       H          0.48938053  *   1.72876585  *   1.75822127  *
    30       H         -0.21654153  *   0.12562605  *   2.11908936  *
    31       H          1.40631556  *   0.53833953  *   2.73649084  *

                             CARTESIAN COORDINATES

   1    C       -2.599145327    -2.775440564    -0.413386500
   2    C       -1.876440518    -1.576930093     0.114306806
   3    O       -1.570159761    -1.403888966     1.276680745
   4    O       -1.603482935    -0.713519536    -0.857102403
   5    C       -0.897067105     0.546640681    -0.522435140
   6    C       -1.400549607     1.434660983    -1.679912173
   7    C       -1.005266910     2.875404193    -1.502110406
   8    O        0.273088854     3.114864071    -1.135044322
   9    O       -1.732057853     3.816648039    -1.685647028
  10    C        0.535460109     0.354123732    -0.543507562
  11    N        1.335801259     0.107855050     0.618072405
  12    C        1.575789643    -1.371793710     0.815446353
  13    C        2.682813291     0.770328168     0.427453813
  14    C        0.730499342     0.658484028     1.878955358
  15    H       -2.832677563    -2.684227308    -1.484896677
  16    H       -1.993639184    -3.682565676    -0.274493747
  17    H       -3.543473915    -2.924366474     0.132609886
  18    H       -1.326343983     0.885239267     0.446383264
  19    H       -1.008284491     1.054244242    -2.646384281
  20    H       -2.506014442     1.353911940    -1.764320898
  21    H        0.984685419     0.080168151    -1.479846546
  22    H        0.793139533     2.270265925    -0.934021038
  23    H        2.259380627    -1.569339496     1.649592822
  24    H        0.613590555    -1.878803813     1.024333537
  25    H        1.980361997    -1.818020644    -0.105437485
  26    H        3.347949743     0.584650572     1.281528693
  27    H        3.169142632     0.396005360    -0.488164589
  28    H        2.555268207     1.861075694     0.307509288
  29    H        0.489380533     1.728765846     1.758221266
  30    H       -0.216541529     0.125626051     2.119089358
  31    H        1.406315563     0.538339528     2.736490837


           Empirical Formula: C9 H17 N O4  =    31 atoms



      MOLECULAR POINT GROUP   :   C1  


                  EIGENVALUES  
 -37.75765 -30.86891 -30.67005 -29.66892 -29.29799 -27.58717 -26.05064 -25.77467
 -25.61831 -24.55823 -22.91492 -20.80217 -19.85169 -19.56717 -17.92302 -17.56263
 -17.43384 -17.12035 -16.24437 -15.92199 -15.66767 -15.07693 -14.98418 -14.78631
 -14.49150 -14.12003 -13.85143 -13.79797 -13.75474 -13.63195 -13.58009 -13.10599
 -12.97546 -12.82678 -12.33980 -11.86954 -11.23336 -11.01760 -10.81200 -10.18470
  -8.20903   0.87591   1.35898   1.60507   1.89195   2.80010   2.88297   3.05206
   3.62524   3.73877   4.00108   4.13205   4.46913   4.48091   4.58853   4.65259
   4.78529   4.84139   5.01196   5.12164   5.13106   5.19132   5.28384   5.52467
   5.54962   5.70999   5.81036   5.82876   5.90585   6.29799   6.39723   6.58365
   7.24871


              NET ATOMIC CHARGES AND DIPOLE CONTRIBUTIONS

  ATOM NO.   TYPE          CHARGE      No. of ELECS.   s-Pop       p-Pop       
    1          C          -0.516166        4.5162     1.06163     3.45454
    2          C           0.664663        3.3353     1.10431     2.23103
    3          O          -0.615233        6.6152     1.87679     4.73844
    4          O          -0.479178        6.4792     1.86757     4.61160
    5          C           0.247698        3.7523     1.07822     2.67408
    6          C          -0.433781        4.4338     1.07966     3.35412
    7          C           0.654674        3.3453     1.10353     2.24180
    8          O          -0.583538        6.5835     1.84052     4.74302
    9          O          -0.476759        6.4768     1.87734     4.59942
   10          C          -0.755189        4.7552     1.04315     3.71204
   11          N           0.221727        4.7783     1.47073     3.30754
   12          C          -0.372196        4.3722     1.08450     3.28769
   13          C          -0.342592        4.3426     1.08170     3.26089
   14          C          -0.360964        4.3610     1.08060     3.28037
   15          H           0.183530        0.8165     0.81647
   16          H           0.177008        0.8230     0.82299
   17          H           0.184279        0.8157     0.81572
   18          H           0.126324        0.8737     0.87368
   19          H           0.187555        0.8124     0.81244
   20          H           0.189905        0.8101     0.81009
   21          H           0.168999        0.8310     0.83100
   22          H           0.376904        0.6231     0.62310
   23          H           0.148731        0.8513     0.85127
   24          H           0.195586        0.8044     0.80441
   25          H           0.166167        0.8338     0.83383
   26          H           0.151219        0.8488     0.84878
   27          H           0.169056        0.8309     0.83094
   28          H           0.177979        0.8220     0.82202
   29          H           0.179541        0.8205     0.82046
   30          H           0.210144        0.7899     0.78986
   31          H           0.153906        0.8461     0.84609
 DIPOLE           X         Y         Z       TOTAL
 POINT-CHG.     4.768    -5.430     2.490     7.643
 HYBRID         0.334    -0.706     0.199     0.806
 SUM            5.102    -6.136     2.689     8.421


          ATOMIC ORBITAL ELECTRON POPULATIONS

     Atom    s        px        py        pz   
    1  C   1.06163   1.16563   1.09830   1.19062
    2  C   1.10431   0.68580   0.78359   0.76164
    3  O   1.87679   1.61153   1.80585   1.32107
    4  O   1.86757   1.70995   1.41824   1.48341
    5  C   1.07822   0.91479   0.75536   1.00394
    6  C   1.07966   1.18422   1.03681   1.13309
    7  C   1.10353   0.73322   0.83940   0.66919
    8  O   1.84052   1.38472   1.54082   1.81749
    9  O   1.87734   1.58044   1.50417   1.51481
   10  C   1.04315   1.02747   1.74626   0.93831
   11  N   1.47073   1.10563   1.07895   1.12297
   12  C   1.08450   1.20447   0.90816   1.17506
   13  C   1.08170   0.93930   1.14306   1.17853
   14  C   1.08060   1.16596   1.16733   0.94709
   15  H   0.81647
   16  H   0.82299
   17  H   0.81572
   18  H   0.87368
   19  H   0.81244
   20  H   0.81009
   21  H   0.83100
   22  H   0.62310
   23  H   0.85127
   24  H   0.80441
   25  H   0.83383
   26  H   0.84878
   27  H   0.83094
   28  H   0.82202
   29  H   0.82046
   30  H   0.78986
   31  H   0.84609

            For more detail of energy partitioning, add keyword 'LARGE'

                    Total contribution from hydrogen bonds:        -1.329 disp.:   -5.578 Tot:    -6.907 kcal/mol




***  SUMMARY OF ENERGY PARTITION  ***
 ---------------------------------------
     ONE-CENTER TERMS

 ELECTRON-NUCLEAR  (ONE-ELECTRON)        -4054.5142 EV
 ELECTRON-ELECTRON (TWO-ELECTRON)         1748.4548 EV

 TOTAL OF ONE-CENTER TERMS               -2306.0594 EV
 ---------------------------------------
     TWO-CENTER TERMS

 RESONANCE ENERGY                         -391.1022 EV
 EXCHANGE ENERGY                          -162.9673 EV

 EXCHANGE + RESONANCE ENERGY:             -554.0694 EV

 ELECTRON-ELECTRON REPULSION             13472.9821 EV
 ELECTRON-NUCLEAR ATTRACTION            -27162.3463 EV
 NUCLEAR-NUCLEAR REPULSION               13847.3741 EV

 TOTAL ELECTROSTATIC INTERACTION           158.0099 EV

 GRAND TOTAL OF TWO-CENTER TERMS          -396.0595 EV
 ---------------------------------------
 ETOT (EONE + ETWO)                      -2702.1190 EV



 **********************
 *                    *
 * JOB ENDED NORMALLY *
 *                    *
 **********************



 TOTAL JOB TIME:             7.81 SECONDS

 == MOPAC DONE ==
