 *******************************************************************************
 ** Site#:    0         For non-commercial use only    Version 20.173L 64BITS **
 *******************************************************************************
 ** Cite this program as: MOPAC2016, Version: 20.173L, James J. P. Stewart,   **
 ** Stewart Computational Chemistry, web-site: HTTP://OpenMOPAC.net.          **
 *******************************************************************************
 **                                                                           **
 **                                MOPAC2016                                  **
 **                                                                           **
 *******************************************************************************

                              INDO CALCULATION RESULTS

 *******************************************************************************
 *  CALCULATION DONE:                                Mon Jun 29 13:00:49 2020  *
 *  INDO       - The INDO Hamiltonian to be used
 *  CIS        - C.I. USES 1 ELECTRON EXCITATIONS ONLY
 *  T=         - A TIME OF 172800.0 SECONDS REQUESTED
 *  DUMP=N     - RESTART FILE WRITTEN EVERY 7200.0 SECONDS REQUESTED
 *******************************************************************************
INDO CIS
 Helium (no INDO params)
 INDO
   ATOM   CHEMICAL          X               Y               Z
  NUMBER   SYMBOL      (ANGSTROMS)     (ANGSTROMS)     (ANGSTROMS)
 
     1      He          0.00000000      0.00000000      0.00000000   
 


          CARTESIAN COORDINATES 

    NO.       ATOM           X           Y           Z

     1        He          0.0000      0.0000      0.0000





          SOME ELEMENTS HAVE BEEN SPECIFIED FOR WHICH
          NO PARAMETERS ARE AVAILABLE.  CALCULATION STOPPED.


          Parameters for some elements are missing

           Empirical Formula: He  =     1 atoms


 ******************************************************************************
 *                                                                            *
 *     Error and normal termination messages reported in this calculation     *
 *                                                                            *
 * Parameters for some elements are missing                                   *
 * JOB ENDED NORMALLY                                                         *
 *                                                                            *
 ******************************************************************************



 TOTAL JOB TIME:             0.03 SECONDS

 == MOPAC DONE ==


          MOPAC Job: "noparam.mop" ended normally on Jun 29, 2020, at 13:00.

