
           INPUT FILE "SALT2.mop" MISSING OR EMPTY
