 *******************************************************************************
 ** Cite this program as: MOPAC2016, Version: 21.298M, James J. P. Stewart,   **
 **                           web-site: HTTP://OpenMOPAC.net.                 **
 *******************************************************************************
 **                                                                           **
 **                                MOPAC2016                                  **
 **                                                                           **
 *******************************************************************************

                              INDO CALCULATION RESULTS

 *******************************************************************************
 *  CALCULATION DONE:                                Fri Oct 29 13:45:00 2021  *
 *  INDO       - The INDO Hamiltonian to be used
 *  MRCI       -  Use multi-reference CI (specify ref dets using C.A.S.)
 *  MAXCI =   50 maximum CI states computed
 *  WRTCI =   20 maximum CI states printed
 * C.A.S.=(N,M)-  1 DOUBLY FILLED LEVELS USED IN A
 *             CAS REF DET GENERATION INVOLVING  3 M.O.'S
 *  T=         - A TIME OF 172800.0 SECONDS REQUESTED
 *  DUMP=N     - RESTART FILE WRITTEN EVERY 7200.0 SECONDS REQUESTED
 *******************************************************************************
INDO MRCI C.A.S.=(3,1) MAXCI=50 WRTCI=20
 Carbon Monoxide
 INDO
   ATOM   CHEMICAL          X               Y               Z
  NUMBER   SYMBOL      (ANGSTROMS)     (ANGSTROMS)     (ANGSTROMS)
 
     1       C          0.00000000      0.00000000      0.00000000   
     2       O          1.17300000      0.00000000      0.00000000   
 


          CARTESIAN COORDINATES 

    NO.       ATOM           X           Y           Z

     1         C          0.0000      0.0000      0.0000
     2         O          1.1730      0.0000      0.0000

           Empirical Formula: C O  =     2 atoms



      MOLECULAR POINT GROUP   :   C*v 


      RHF CALCULATION, NO. OF DOUBLY OCCUPIED LEVELS = 5

 WARNING: INDO only performs single-point calculations

 Summary of symmetry occupancy in each shell:

 SHELL     
    1    5
    v    3
 TOTAL   8




    ROOT NO.    1           2           3           4           5           6

           -43.05652   -19.27644   -14.77940   -14.77940   -14.49534     0.09603
  
  
  S  C   1   0.44267    -0.58677     0.00000     0.00000    -0.60295     0.00000
 PX  C   1   0.36283     0.01825    -0.00000     0.00000     0.61061     0.00000
 PY  C   1   0.00000     0.00000     0.48812    -0.00000     0.00000     0.87278
 PZ  C   1  -0.00000     0.00000     0.00000     0.48812    -0.00000     0.00000
  
  S  O   2   0.77781     0.52976    -0.00000     0.00000    -0.10914     0.00000
 PX  O   2  -0.25962     0.61215     0.00000    -0.00000    -0.50170    -0.00000
 PY  O   2   0.00000     0.00000     0.87278     0.00000     0.00000    -0.48812
 PZ  O   2   0.00000     0.00000     0.00000     0.87278     0.00000     0.00000




    ROOT NO.    7           8

             0.09603    10.49950
  
  
  S  C   1   0.00000     0.31016
 PX  C   1   0.00000     0.70369
 PY  C   1  -0.00000    -0.00000
 PZ  C   1   0.87278     0.00000
  
  S  O   2   0.00000    -0.32009
 PX  O   2  -0.00000     0.55333
 PY  O   2   0.00000     0.00000
 PZ  O   2  -0.48812     0.00000


 Reference determinate nber   1 is ALPHA 1 -   5
 CAS excitations amongst orbitals:   5   6   7
 SINGLE excitations FROM orbs   1 to   5 INTO orbs   6 to   8
 

 CI excitations=   50:        = 50
 The lowest   50 spin-adapted configurations of multiplicity=  1
     sym   eV   cm**-1 -dets- dipole oscilator X FRAG ....Excitations named from first reference determinate
                       tot  #  Debye  strength
 
   1     -0.000      0.  1  1  0.4656 0.000000 0  0 (            )->(               )
   2      6.886  55542.  2  1  1.8085 0.063444 1  1 (   5        )->(   6           )
   3      6.886  55542.  2  1  1.8085 0.063444 1  1 (   5        )->(   7           )
   4      6.934  55929.  2  1  2.4836 0.000000 1  1 (   4        )->(   6           )
   5      6.934  55929.  2  1  2.4836 0.000000 1  1 (   3        )->(   7           )
   6     10.542  85024.  2  1  2.4836 0.460623 1  1 (   3        )->(   6           )
   7     10.542  85024.  2  1  2.4836 0.460623 1  1 (   4        )->(   7           )
   8     12.498 100807.  2  1  2.8818 0.234605 1  1 (   2        )->(   6           )
   9     12.498 100807.  2  1  2.8818 0.234605 1  1 (   2        )->(   7           )
  10     13.227 106680.  6  1  1.1407 0.000000 2  1 (   3   5    )->(   6   7       )
  11     13.227 106680.  6  1  1.1407 0.000000 2  1 (   4   5    )->(   6   7       )
  12     13.933 112374.  2  1  3.1514 0.000000 2  1 (   5   5    )->(   6   7       )
  13     13.951 112525.  2  1  1.1407 0.000000 2  1 (   4   5    )->(   6   6       )
  14     13.951 112525.  2  1  1.1407 0.000000 2  1 (   3   5    )->(   7   7       )
  15     14.294 115286.  1  1  3.1514 0.000000 2  0 (   5   5    )->(   7   7       )
  16     14.294 115286.  1  1  3.1514 0.000000 2  0 (   5   5    )->(   6   6       )
  17     15.009 121058.  2  1  1.1407 0.000000 2  1 (   3   5    )->(   6   6       )
  18     15.009 121058.  2  1  1.1407 0.000000 2  1 (   4   5    )->(   7   7       )
  19     17.437 140642.  2  1  1.1095 0.001563 1  1 (   4        )->(   8           )
  20     17.437 140642.  2  1  1.1095 0.001563 1  1 (   3        )->(   8           )
  21     17.658 142421.  6  2  1.1407 0.000000 2  1 (   4   5    )->(   6   7       )
  22     17.658 142421.  6  2  1.1407 0.000000 2  1 (   3   5    )->(   6   7       )
  23     18.450 148810.  2  1  3.1826 0.421694 1  1 (   5        )->(   8           )
  24     18.996 153215.  6  1  1.5389 0.000000 2  1 (   2   5    )->(   6   7       )
  25     20.732 167214.  6  2  1.5389 0.000000 2  1 (   2   5    )->(   6   7       )
  26     21.093 170126.  2  1  1.5389 0.000000 2  1 (   2   5    )->(   7   7       )
  27     21.093 170126.  2  1  1.5389 0.000000 2  1 (   2   5    )->(   6   6       )
  28     22.716 183219.  2  1  0.2022 0.000000 3  1 (   4   5   5)->(   6   7   7   )
  29     22.716 183219.  2  1  0.2022 0.000000 3  1 (   3   5   5)->(   6   6   7   )
  30     23.036 185800.  2  1  1.5078 0.006330 1  1 (   2        )->(   8           )
  31     24.156 194833.  6  1  0.2334 0.000000 2  1 (   3   5    )->(   6   8       )
  32     24.156 194833.  6  1  0.2334 0.000000 2  1 (   4   5    )->(   7   8       )
  33     24.316 196118.  6  1  0.2334 0.000000 2  1 (   4   5    )->(   6   8       )
  34     24.316 196118.  6  1  0.2334 0.000000 2  1 (   3   5    )->(   7   8       )
  35     25.183 203119.  6  2  0.2334 0.000000 2  1 (   4   5    )->(   6   8       )
  36     25.183 203119.  6  2  0.2334 0.000000 2  1 (   3   5    )->(   7   8       )
  37     25.266 203781.  2  1  0.2022 0.000000 3  1 (   3   5   5)->(   6   7   7   )
  38     25.266 203781.  2  1  0.2022 0.000000 3  1 (   4   5   5)->(   6   6   7   )
  39     26.047 210087.  2  1  4.5255 0.000000 2  1 (   5   5    )->(   6   8       )
  40     26.047 210087.  2  1  4.5255 0.000000 2  1 (   5   5    )->(   7   8       )
  41     26.883 216825.  2  1  0.1960 0.000000 3  1 (   2   5   5)->(   6   7   7   )
  42     26.883 216825.  2  1  0.1960 0.000000 3  1 (   2   5   5)->(   6   6   7   )
  43     28.453 229489.  6  2  0.2334 0.000000 2  1 (   3   5    )->(   6   8       )
  44     28.453 229489.  6  2  0.2334 0.000000 2  1 (   4   5    )->(   7   8       )
  45     30.197 243559.  6  1  0.1649 0.000000 2  1 (   2   5    )->(   6   8       )
  46     30.197 243559.  6  1  0.1649 0.000000 2  1 (   2   5    )->(   7   8       )
  47     32.231 259960.  6  2  0.1649 0.000000 2  1 (   2   5    )->(   6   8       )
  48     32.231 259960.  6  2  0.1649 0.000000 2  1 (   2   5    )->(   7   8       )
  49     32.310 260600.  6  1  1.5763 0.000000 3  1 (   4   5   5)->(   6   7   8   )
  50     32.310 260600.  6  1  1.5763 0.000000 3  1 (   3   5   5)->(   6   7   8   )

 Depression of ground-state after CI=      -3241. cm**-1 Energy=  -462.7532132 eV
 Dipole moment= -0.485935 -0.000000 -0.000000 tot=  0.485935 Debyes


  CI trans.  energy frequency wavelength oscillator--------- polarization---------  dipole  ------ components-----
 st.  symm.    eV      cm - 1       nm      strength       x          y         z       moment     x       y       z 

   2      6.8627003    55352.    180.66  0.000000                                   1.973175   1.973   0.000  -0.000
   3      7.0659166    56991.    175.47  0.042174   0.000000  -1.000000   0.000000  1.486301  -1.486   0.000   0.000
   4      7.0659166    56991.    175.47  0.042174   0.000000   0.000000   1.000000  1.486301  -1.486   0.000   0.000
   5      7.2317762    58328.    171.44  0.000000                                   1.924505   1.925  -0.000   0.000
   6      7.2317762    58328.    171.44  0.000000                                   1.924505   1.925  -0.000  -0.000
   7     11.2409174    90664.    110.30  0.165778  -0.000000   0.001755  -0.999998  1.979484   1.979   0.000   0.000
   8     11.2409174    90664.    110.30  0.165778   0.000000  -0.999998  -0.001755  1.979484   1.979   0.000   0.000
   9     12.4324807   100275.     99.73  0.525491  -1.000000  -0.000000  -0.000000  1.632901   1.633   0.000   0.000
  10     13.7351185   110781.     90.27  0.000063   0.000000   0.007543   0.999972  1.093383   1.093   0.000  -0.000
  11     13.7351185   110781.     90.27  0.000063  -0.000000  -0.999972   0.007543  1.093383   1.093   0.000   0.000
  12     13.9976784   112899.     88.57  0.042657  -0.000000  -0.999998   0.002161  1.148200   1.148   0.000   0.000
  13     13.9976784   112899.     88.57  0.042657   0.000000   0.002161   0.999998  1.148200   1.148   0.000   0.000
  14     14.3111806   115428.     86.63  0.000000                                   3.154234  -3.154  -0.000  -0.000
  15     14.3111806   115428.     86.63  0.000000                                   3.154234  -3.154  -0.000  -0.000
  16     14.7365376   118858.     84.13  0.006685   0.000000   0.999930  -0.011798  1.152368   1.152   0.000  -0.000
  17     14.7365376   118858.     84.13  0.006685   0.000000   0.011798   0.999930  1.152368   1.152   0.000   0.000
  18     15.1195034   121947.     82.00  0.008655  -1.000000   0.000000   0.000000  2.999462  -2.999  -0.000  -0.000
  19     17.8018976   143582.     69.65  0.001685   0.000000  -0.003000  -0.999996  1.081421   1.081   0.000   0.000
  20     17.8018976   143582.     69.65  0.001685   0.000000  -0.999996   0.003000  1.081421   1.081   0.000   0.000
 
 Polarizability (au  ) xx=    7.64 xy=   -0.00 yy=    5.36 xz=    0.00 yz=    0.00 zz=    5.36
 Polarizability (A**3) xx=    1.13 xy=   -0.00 yy=    0.79 xz=    0.00 yz=    0.00 zz=    0.79
 
 
 Major CI contributions to CI states
 
State    1  0.0000     CI coeff  CI percent
    Config       1  -0.99168093  0.98343106
    Config      15   0.05548239  0.00307830
    Config      16   0.05548239  0.00307830
    Config      43   0.06311691  0.00398374
    Config      44   0.06311691  0.00398374
 Total coeff printed             0.99755515
  
State    2  6.8627     CI coeff  CI percent
    Config       4   0.70239779  0.49336266
    Config       5  -0.70239779  0.49336266
    Config      28  -0.04350549  0.00189273
    Config      29   0.04350549  0.00189273
    Config      33  -0.04488475  0.00201464
    Config      34   0.04488475  0.00201464
    Config      35  -0.05214265  0.00271886
    Config      36   0.05214265  0.00271886
 Total coeff printed             0.99997776
  
State    3  7.0659     CI coeff  CI percent
    Config       2  -0.99225734  0.98457463
    Config       8   0.06952914  0.00483430
    Config      21  -0.04159682  0.00173030
    Config      47  -0.07166040  0.00513521
 Total coeff printed             0.99627444
  
State    4  7.0659     CI coeff  CI percent
    Config       3   0.99225734  0.98457463
    Config       9  -0.06952914  0.00483430
    Config      22  -0.04159682  0.00173030
    Config      48   0.07166040  0.00513521
 Total coeff printed             0.99627444
  
State    5  7.2318     CI coeff  CI percent
    Config       4   0.69833189  0.48766743
    Config       5   0.69833189  0.48766743
    Config      12   0.06072837  0.00368793
    Config      25  -0.09003450  0.00810621
    Config      28  -0.04205981  0.00176903
    Config      29  -0.04205981  0.00176903
    Config      33  -0.04443129  0.00197414
    Config      34  -0.04443129  0.00197414
    Config      35  -0.05169744  0.00267262
    Config      36  -0.05169744  0.00267262
 Total coeff printed             0.99996058
  
State    6  7.2318     CI coeff  CI percent
    Config       6   0.69833189  0.48766743
    Config       7  -0.69833189  0.48766743
    Config      15   0.04294144  0.00184397
    Config      16  -0.04294144  0.00184397
    Config      26   0.06366401  0.00405311
    Config      27  -0.06366401  0.00405311
    Config      37  -0.04205981  0.00176903
    Config      38   0.04205981  0.00176903
    Config      43   0.06791403  0.00461232
    Config      44  -0.06791403  0.00461232
 Total coeff printed             0.99989169
  
State    7 11.2409     CI coeff  CI percent
    Config       3  -0.05368056  0.00288160
    Config       9  -0.84529957  0.71453137
    Config      10   0.31651338  0.10018072
    Config      13  -0.04538724  0.00206000
    Config      18   0.40731366  0.16590442
    Config      22  -0.08830654  0.00779805
    Config      42   0.05149228  0.00265145
    Config      46   0.04769603  0.00227491
 Total coeff printed             0.99828252
  
State    8 11.2409     CI coeff  CI percent
    Config       2  -0.05368056  0.00288160
    Config       8  -0.84529957  0.71453137
    Config      11   0.31651338  0.10018072
    Config      14  -0.04538724  0.00206000
    Config      17   0.40731366  0.16590442
    Config      21   0.08830654  0.00779805
    Config      41   0.05149228  0.00265145
    Config      45   0.04769603  0.00227491
 Total coeff printed             0.99828252
  
State    9 12.4325     CI coeff  CI percent
    Config       6  -0.63433569  0.40238177
    Config       7  -0.63433569  0.40238177
    Config      15   0.08366612  0.00700002
    Config      16   0.08366612  0.00700002
    Config      23   0.39023670  0.15228468
    Config      26   0.05045957  0.00254617
    Config      27   0.05045957  0.00254617
    Config      30  -0.12091312  0.01461998
    Config      43  -0.05790753  0.00335328
    Config      44  -0.05790753  0.00335328
 Total coeff printed             0.99746714
  
State   10 13.7351     CI coeff  CI percent
    Config      10   0.65483569  0.42880978
    Config      13   0.48399018  0.23424650
    Config      18  -0.49271298  0.24276608
    Config      22  -0.30571825  0.09346365
 Total coeff printed             0.99928601
  
State   11 13.7351     CI coeff  CI percent
    Config      11  -0.65483569  0.42880978
    Config      14  -0.48399018  0.23424650
    Config      17   0.49271298  0.24276608
    Config      21  -0.30571825  0.09346365
 Total coeff printed             0.99928601
  
State   12 13.9977     CI coeff  CI percent
    Config       2  -0.06902650  0.00476466
    Config       8  -0.35171966  0.12370672
    Config      11  -0.68283490  0.46626350
    Config      14   0.48755343  0.23770835
    Config      17  -0.23303078  0.05430334
    Config      21   0.33327093  0.11106951
 Total coeff printed             0.99781609
  
State   13 13.9977     CI coeff  CI percent
    Config       3   0.06902650  0.00476466
    Config       9   0.35171966  0.12370672
    Config      10   0.68283490  0.46626350
    Config      13  -0.48755343  0.23770835
    Config      18   0.23303078  0.05430334
    Config      22   0.33327093  0.11106951
 Total coeff printed             0.99781609
  
State   14 14.3112     CI coeff  CI percent
    Config      15  -0.70351137  0.49492825
    Config      16   0.70351137  0.49492825
    Config      37  -0.05124376  0.00262592
    Config      38   0.05124376  0.00262592
 Total coeff printed             0.99510834
  
State   15 14.3112     CI coeff  CI percent
    Config      12  -0.99491532  0.98985649
    Config      25  -0.04627381  0.00214127
    Config      28  -0.05124376  0.00262592
    Config      29  -0.05124376  0.00262592
 Total coeff printed             0.99724961
  
State   16 14.7365     CI coeff  CI percent
    Config       8   0.17939053  0.03218096
    Config      11   0.04329192  0.00187419
    Config      14   0.72146427  0.52051069
    Config      17   0.52032541  0.27073853
    Config      20  -0.06806726  0.00463315
    Config      21  -0.40482849  0.16388611
    Config      41  -0.06892290  0.00475037
 Total coeff printed             0.99857399
  
State   17 14.7365     CI coeff  CI percent
    Config       9   0.17939053  0.03218096
    Config      10   0.04329192  0.00187419
    Config      13   0.72146427  0.52051069
    Config      18   0.52032541  0.27073853
    Config      19  -0.06806726  0.00463315
    Config      22   0.40482849  0.16388611
    Config      42  -0.06892290  0.00475037
 Total coeff printed             0.99857399
  
State   18 15.1195     CI coeff  CI percent
    Config       1   0.07702369  0.00593265
    Config       6   0.04821576  0.00232476
    Config       7   0.04821576  0.00232476
    Config      15   0.69566989  0.48395660
    Config      16   0.69566989  0.48395660
    Config      23  -0.13721695  0.01882849
 Total coeff printed             0.99732386
  
State   19 17.8019     CI coeff  CI percent
    Config      13  -0.05591492  0.00312648
    Config      19  -0.99495759  0.98994060
    Config      22  -0.05072407  0.00257293
    Config      48  -0.05178495  0.00268168
 Total coeff printed             0.99832169
  
State   20 17.8019     CI coeff  CI percent
    Config      14  -0.05591492  0.00312648
    Config      20  -0.99495759  0.98994060
    Config      21   0.05072407  0.00257293
    Config      47  -0.05178495  0.00268168
 Total coeff printed             0.99832169
  

 **********************
 *                    *
 * JOB ENDED NORMALLY *
 *                    *
 **********************



 TOTAL JOB TIME:             0.03 SECONDS

 == MOPAC DONE ==
