 *******************************************************************************
 ** Site#:    0         For non-commercial use only           Version 21.178M **
 *******************************************************************************
 ** Cite this program as: MOPAC2016, Version: 21.178M, James J. P. Stewart,   **
 ** Stewart Computational Chemistry, web-site: HTTP://OpenMOPAC.net.          **
 *******************************************************************************
 **                                                                           **
 **                                MOPAC2016                                  **
 **                                                                           **
 *******************************************************************************

                              PM7 CALCULATION RESULTS

 *******************************************************************************
 *  CALCULATION DONE:                                Tue Jul 27 23:05:37 2021  *
 *  RHF        - RESTRICTED HARTREE-FOCK CALCULATION
 *
 *
 *
 *                 CHARGE ON SYSTEM = +1
 *
 *
 *
 *  OPEN(M,N)  - THERE ARE 5 ELECTRONS IN 3 LEVELS
 *  1SCF       - DO 1 SCF AND THEN STOP 
 *  T=         - A TIME OF 172800.0 SECONDS REQUESTED
 *  DUMP=N     - RESTART FILE WRITTEN EVERY 7200.0 SECONDS REQUESTED
 *******************************************************************************
1SCF RHF OPEN(5,3) CHARGE=1
 comment1
 comment2
   ATOM   CHEMICAL          X               Y               Z
  NUMBER   SYMBOL      (ANGSTROMS)     (ANGSTROMS)     (ANGSTROMS)
 
     1       C          0.00000000  *   0.00000000  *   0.00000000  *
     2       H          0.00000000  *   0.00000000  *   1.08900000  *
     3       H          1.02671900  *   0.00000000  *  -0.36300000  *
     4       H         -0.51336000  *  -0.88916500  *  -0.36300000  *
     5       H         -0.51336000  *   0.88916500  *  -0.36300000  *
 


          CARTESIAN COORDINATES 

    NO.       ATOM           X           Y           Z

     1         C          0.0000      0.0000      0.0000
     2         H          0.0000      0.0000      1.0890
     3         H          1.0267      0.0000     -0.3630
     4         H         -0.5134     -0.8892     -0.3630
     5         H         -0.5134      0.8892     -0.3630

 General Reference for PM7:
 "Optimization of Parameters for Semiempirical Methods VI: More Modifications to the 
 NDDO Approximations and Re-optimization of Parameters", J. J. P. Stewart, J. Mol. Mod., 1:32, 19 (2013)
 https://link.springer.com/article/10.1007/s00894-012-1667-x

           Empirical Formula: C H4  =     5 atoms



      MOLECULAR POINT GROUP   :   Td  

      THERE ARE    1 DOUBLY FILLED LEVELS


      RHF CALCULATION, NO. OF DOUBLY OCCUPIED LEVELS = 1


                       NO. OF LEVELS WITH OCCUPANCY 1.667  =  3

 -------------------------------------------------------------------------------
 1SCF RHF OPEN(5,3) CHARGE=1
 comment1
 comment2


     1SCF WAS SPECIFIED, SO BFGS WAS NOT USED                 
     SCF FIELD WAS ACHIEVED                                   


                              PM7 CALCULATION
                                                       MOPAC2016 (Version: 21.178M)
                                                       Tue Jul 27 23:05:37 2021




          FINAL HEAT OF FORMATION =        298.78277 KCAL/MOL =    1250.10713 KJ/MOL


          TOTAL ENERGY            =       -163.46214 EV  STATE:   1 DOUBLET T2  
          ELECTRONIC ENERGY       =       -376.34903 EV  POINT GROUP:     Td  
          CORE-CORE REPULSION     =        212.88689 EV
          COSMO AREA              =         54.91 SQUARE ANGSTROMS
          COSMO VOLUME            =         37.13 CUBIC ANGSTROMS

          NO. OF FILLED LEVELS    =          1
          AND NO. OF OPEN LEVELS  =          3
          MOLECULAR WEIGHT        =         16.0426

          MOLECULAR DIMENSIONS (Angstroms)

            Atom       Atom       Distance
            H     4    H     3     1.77833
            H     5    H     2     1.77833
            H     2    H     4     1.25747


          SCF CALCULATIONS        =          1
 
          WALL-CLOCK TIME         =          0.031 SECONDS
          COMPUTATION TIME        =          0.035 SECONDS




   ATOM   CHEMICAL          X               Y               Z
  NUMBER   SYMBOL      (ANGSTROMS)     (ANGSTROMS)     (ANGSTROMS)
 
     1       C          0.00000000  *   0.00000000  *   0.00000000  *
     2       H          0.00000000  *   0.00000000  *   1.08900000  *
     3       H          1.02671900  *   0.00000000  *  -0.36300000  *
     4       H         -0.51336000  *  -0.88916500  *  -0.36300000  *
     5       H         -0.51336000  *   0.88916500  *  -0.36300000  *

                             CARTESIAN COORDINATES

   1    C        0.000000000     0.000000000     0.000000000
   2    H        0.000000000     0.000000000     1.089000000
   3    H        1.026719000     0.000000000    -0.363000000
   4    H       -0.513360000    -0.889165000    -0.363000000
   5    H       -0.513360000     0.889165000    -0.363000000


           Empirical Formula: C H4  =     5 atoms



      MOLECULAR POINT GROUP   :   Td  


                  EIGENVALUES  
 -34.15300 -20.95030 -20.95030 -20.95030  -2.87629  -2.87629  -2.87629  -2.13085


              NET ATOMIC CHARGES AND DIPOLE CONTRIBUTIONS

  ATOM NO.   TYPE          CHARGE      No. of ELECS.   s-Pop       p-Pop       
    1          C          -0.201333        4.2013     1.12768     3.07366
    2          H           0.300333        0.6997     0.69967
    3          H           0.300333        0.6997     0.69967
    4          H           0.300333        0.6997     0.69967
    5          H           0.300333        0.6997     0.69967
 DIPOLE           X         Y         Z       TOTAL
 POINT-CHG.    -0.000     0.000    -0.000     0.000
 HYBRID        -0.000    -0.000     0.000     0.000
 SUM           -0.000     0.000    -0.000     0.000


          ATOMIC ORBITAL ELECTRON POPULATIONS

     Atom    s        px        py        pz   
    1  C   1.12768   1.02455   1.02455   1.02455
    2  H   0.69967
    3  H   0.69967
    4  H   0.69967
    5  H   0.69967
 *******************************************************************************
 ** Site#:    0         For non-commercial use only           Version 21.178M **
 *******************************************************************************
 ** Cite this program as: MOPAC2016, Version: 21.178M, James J. P. Stewart,   **
 ** Stewart Computational Chemistry, web-site: HTTP://OpenMOPAC.net.          **
 *******************************************************************************
 **                                                                           **
 **                                MOPAC2016                                  **
 **                                                                           **
 *******************************************************************************

                              PM7 CALCULATION RESULTS

 *******************************************************************************
 *  CALCULATION DONE:                                Tue Jul 27 23:05:38 2021  *
 *  UHF        - UNRESTRICTED HARTREE-FOCK CALCULATION
 *
 *
 *
 *                 CHARGE ON SYSTEM = +1
 *
 *
 *
 *  OPEN(M,N)  - THERE ARE 2 ELECTRONS IN 3 LEVELS
 *  MS=        - IN MECI, MAGNETIC COMPONENT OF SPIN =-0.5
 *  1SCF       - DO 1 SCF AND THEN STOP 
 *  T=         - A TIME OF 172800.0 SECONDS REQUESTED
 *  DUMP=N     - RESTART FILE WRITTEN EVERY 7200.0 SECONDS REQUESTED
 *******************************************************************************
1SCF UHF MS=-0.5 OPEN(2,3) CHARGE=1
 comment1
 comment2
   ATOM   CHEMICAL          X               Y               Z
  NUMBER   SYMBOL      (ANGSTROMS)     (ANGSTROMS)     (ANGSTROMS)
 
     1       C          0.00000000  *   0.00000000  *   0.00000000  *
     2       H          0.00000000  *   0.00000000  *   1.08900000  *
     3       H          1.02671900  *   0.00000000  *  -0.36300000  *
     4       H         -0.51336000  *  -0.88916500  *  -0.36300000  *
     5       H         -0.51336000  *   0.88916500  *  -0.36300000  *
 


          CARTESIAN COORDINATES 

    NO.       ATOM           X           Y           Z

     1         C          0.0000      0.0000      0.0000
     2         H          0.0000      0.0000      1.0890
     3         H          1.0267      0.0000     -0.3630
     4         H         -0.5134     -0.8892     -0.3630
     5         H         -0.5134      0.8892     -0.3630

 General Reference for PM7:
 "Optimization of Parameters for Semiempirical Methods VI: More Modifications to the 
 NDDO Approximations and Re-optimization of Parameters", J. J. P. Stewart, J. Mol. Mod., 1:32, 19 (2013)
 https://link.springer.com/article/10.1007/s00894-012-1667-x

           Empirical Formula: C H4  =     5 atoms



      MOLECULAR POINT GROUP   :   Td  


          UHF CALCULATION, NO. OF ALPHA ELECTRONS =    3
                           NO. OF BETA  ELECTRONS =    4

 -------------------------------------------------------------------------------
 1SCF UHF MS=-0.5 OPEN(2,3) CHARGE=1
 comment1
 comment2


     1SCF WAS SPECIFIED, SO BFGS WAS NOT USED                 
     SCF FIELD WAS ACHIEVED                                   


                              PM7 CALCULATION
                                                       MOPAC2016 (Version: 21.178M)
                                                       Tue Jul 27 23:05:38 2021




          FINAL HEAT OF FORMATION =       1500.21174 KCAL/MOL =    6276.88592 KJ/MOL


          TOTAL ENERGY            =       -111.36321 EV
          ELECTRONIC ENERGY       =       -324.25010 EV  POINT GROUP:     Td  
          CORE-CORE REPULSION     =        212.88689 EV
          COSMO AREA              =         54.91 SQUARE ANGSTROMS
          COSMO VOLUME            =         37.13 CUBIC ANGSTROMS

          IONIZATION POTENTIAL    =         40.915618 EV
          ALPHA SOMO LUMO (EV)    =        -51.644-30.114
          BETA  SOMO LUMO (EV)    =        -40.916-21.356
          NO. OF ALPHA ELECTRONS  =          3
          NO. OF BETA  ELECTRONS  =          4
          MOLECULAR WEIGHT        =         16.0426

          MOLECULAR DIMENSIONS (Angstroms)

            Atom       Atom       Distance
            H     4    H     3     1.77833
            H     5    H     2     1.77833
            H     2    H     4     1.25747


          SCF CALCULATIONS        =          1
 
          WALL-CLOCK TIME         =          0.070 SECONDS
          COMPUTATION TIME        =          0.068 SECONDS




   ATOM   CHEMICAL          X               Y               Z
  NUMBER   SYMBOL      (ANGSTROMS)     (ANGSTROMS)     (ANGSTROMS)
 
     1       C          0.00000000  *   0.00000000  *   0.00000000  *
     2       H          0.00000000  *   0.00000000  *   1.08900000  *
     3       H          1.02671900  *   0.00000000  *  -0.36300000  *
     4       H         -0.51336000  *  -0.88916500  *  -0.36300000  *
     5       H         -0.51336000  *   0.88916500  *  -0.36300000  *

                             CARTESIAN COORDINATES

   1    C        0.000000000     0.000000000     0.000000000
   2    H        0.000000000     0.000000000     1.089000000
   3    H        1.026719000     0.000000000    -0.363000000
   4    H       -0.513360000    -0.889165000    -0.363000000
   5    H       -0.513360000     0.889165000    -0.363000000


           Empirical Formula: C H4  =     5 atoms



      MOLECULAR POINT GROUP   :   Td  


          ALPHA EIGENVALUES  
 -51.64394 -30.11387 -30.11387 -30.11387 -20.85001 -19.95368 -19.95368 -19.95368


           BETA EIGENVALUES 
 -54.46712 -40.91562 -40.91562 -40.91562 -21.35576 -20.98093 -20.98093 -20.98093


              NET ATOMIC CHARGES AND DIPOLE CONTRIBUTIONS

  ATOM NO.   TYPE          CHARGE      No. of ELECS.   s-Pop       p-Pop       
    1          C           0.723816        3.2762     1.29588     1.98030
    2          H           0.569046        0.4310     0.43095
    3          H           0.569046        0.4310     0.43095
    4          H           0.569046        0.4310     0.43095
    5          H           0.569046        0.4310     0.43095
 DIPOLE           X         Y         Z       TOTAL
 POINT-CHG.    -0.000     0.000    -0.000     0.000
 HYBRID         0.000    -0.000    -0.000     0.000
 SUM           -0.000     0.000    -0.000     0.000


          ATOMIC ORBITAL ELECTRON POPULATIONS

     Atom    s        px        py        pz   
    1  C   1.29588   0.66010   0.66010   0.66010
    2  H   0.43095
    3  H   0.43095
    4  H   0.43095
    5  H   0.43095


                    (SZ)    =   -0.500000
           Average over configurations used, so (S**2) is not meaningful


          ATOMIC ORBITAL SPIN POPULATIONS

    Atom   Total    s     px     py     pz   
         Atomic
    1  C -1.9590  0.021 -0.660 -0.660 -0.660
    2  H -0.2603 -0.260
    3  H -0.2603 -0.260
    4  H -0.2603 -0.260
    5  H -0.2603 -0.260

 **********************
 *                    *
 * JOB ENDED NORMALLY *
 *                    *
 **********************



 TOTAL JOB TIME:             0.12 SECONDS

 == MOPAC DONE ==
